 serverToArduino

 Timestamp is 5b787cef (Sat Aug 18 22:09:19 2018)

 Preferred load address is 0000000140000000

 Start         Length     Name                   Class
 0001:00000000 00000320H .text$di                CODE
 0001:00000320 00022600H .text$mn                CODE
 0001:00022920 00000020H .text$mn$00             CODE
 0001:00022940 000004b0H .text$x                 CODE
 0001:00022df0 000001c4H .text$yd                CODE
 0002:00000000 000002a0H .idata$5                DATA
 0002:000002a0 00000010H .00cfg                  DATA
 0002:000002b0 00000008H .CRT$XCA                DATA
 0002:000002b8 00000008H .CRT$XCAA               DATA
 0002:000002c0 00000058H .CRT$XCC                DATA
 0002:00000318 00000010H .CRT$XCL                DATA
 0002:00000328 00000008H .CRT$XCU                DATA
 0002:00000330 00000008H .CRT$XCZ                DATA
 0002:00000338 00000008H .CRT$XIA                DATA
 0002:00000340 00000008H .CRT$XIAA               DATA
 0002:00000348 00000008H .CRT$XIAC               DATA
 0002:00000350 00000028H .CRT$XIC                DATA
 0002:00000378 00000008H .CRT$XIZ                DATA
 0002:00000380 00000008H .CRT$XPA                DATA
 0002:00000388 00000010H .CRT$XPX                DATA
 0002:00000398 00000008H .CRT$XPXA               DATA
 0002:000003a0 00000008H .CRT$XPZ                DATA
 0002:000003a8 00000008H .CRT$XTA                DATA
 0002:000003b0 00000010H .CRT$XTZ                DATA
 0002:000003b8 00000000H .gfids$y                DATA
 0002:000003c0 0000fb90H .rdata                  DATA
 0002:0000ff50 00000f24H .rdata$r                DATA
 0002:00010e74 000003b4H .rdata$zzzdbg           DATA
 0002:00011228 00000008H .rtc$IAA                DATA
 0002:00011230 00000008H .rtc$IZZ                DATA
 0002:00011238 00000008H .rtc$TAA                DATA
 0002:00011240 00000010H .rtc$TZZ                DATA
 0002:00011250 00001ce8H .xdata                  DATA
 0002:00012f38 0000023cH .xdata$x                DATA
 0002:00013174 00000000H .edata                  DATA
 0002:00013174 00000014H .idata$2                DATA
 0002:00013188 00000018H .idata$3                DATA
 0002:000131a0 000002a0H .idata$4                DATA
 0002:00013440 000005faH .idata$6                DATA
 0003:00000000 00000b70H .data                   DATA
 0003:00000b70 000005b0H .data$r                 DATA
 0003:00001120 00001a5cH .bss                    DATA
 0004:00000000 00001eccH .pdata                  DATA
 0005:00000000 00000060H .rsrc$01                DATA
 0005:00000060 00000180H .rsrc$02                DATA

  Address         Publics by Value              Rva+Base               Lib:Object

 0000:00000000       __guard_iat_count          0000000000000000     <absolute>
 0000:00000000       __dynamic_value_reloc_table 0000000000000000     <absolute>
 0000:00000000       __hybrid_code_map          0000000000000000     <absolute>
 0000:00000000       __hybrid_code_map_count    0000000000000000     <absolute>
 0000:00000000       __guard_iat_table          0000000000000000     <absolute>
 0000:00000000       __guard_longjmp_table      0000000000000000     <absolute>
 0000:00000000       __hybrid_auxiliary_iat     0000000000000000     <absolute>
 0000:00000000       __guard_longjmp_count      0000000000000000     <absolute>
 0000:00000000       __guard_fids_count         0000000000000000     <absolute>
 0000:00000000       __enclave_config           0000000000000000     <absolute>
 0000:00000000       ___safe_se_handler_table   0000000000000000     <absolute>
 0000:00000000       ___safe_se_handler_count   0000000000000000     <absolute>
 0000:00000000       __guard_fids_table         0000000000000000     <absolute>
 0000:00000100       __guard_flags              0000000000000100     <absolute>
 0000:00000000       __ImageBase                0000000140000000     <linker-defined>
 0001:00000320       __local_stdio_printf_options 0000000140001320 f i main.obj
 0001:00000330       printf                     0000000140001330 f i main.obj
 0001:00000390       ?what@exception@stdext@@UEBAPEBDXZ 0000000140001390 f i main.obj
 0001:000003b0       ?_Raise@exception@stdext@@QEBAXXZ 00000001400013b0 f i main.obj
 0001:000003f0       _initialize_invalid_parameter_handler 00000001400013f0 f i LIBCMT:invalid_parameter_handler.obj
 0001:000003f0       _initialize_denormal_control 00000001400013f0 f i LIBCMT:denormal_control.obj
 0001:000003f0       ?_Lock@?$basic_streambuf@DU?$char_traits@D@std@@@std@@UEAAXXZ 00000001400013f0 f i libcpmt:cout.obj
 0001:000003f0       ?imbue@?$basic_streambuf@DU?$char_traits@D@std@@@std@@MEAAXAEBVlocale@2@@Z 00000001400013f0 f i libcpmt:cout.obj
 0001:000003f0       ?_Doraise@exception@stdext@@MEBAXXZ 00000001400013f0 f i main.obj
 0001:000003f0       ?_Unlock@?$basic_streambuf@DU?$char_traits@D@std@@@std@@UEAAXXZ 00000001400013f0 f i libcpmt:cout.obj
 0001:000003f0       _guard_check_icall_nop     00000001400013f0 f i LIBCMT:guard_support.obj
 0001:00000400       ??_Eexception@stdext@@UEAAPEAXI@Z 0000000140001400 f i * CIL library *:* CIL module *
 0001:00000400       ??_Eruntime_error@std@@UEAAPEAXI@Z 0000000140001400 f i * CIL library *:* CIL module *
 0001:00000400       ??_Gexception@stdext@@UEAAPEAXI@Z 0000000140001400 f i main.obj
 0001:00000400       ??_Gruntime_error@std@@UEAAPEAXI@Z 0000000140001400 f i main.obj
 0001:00000430       ??0runtime_error@std@@QEAA@PEBD@Z 0000000140001430 f i main.obj
 0001:00000450       ??0_Locinfo@std@@QEAA@PEBD@Z 0000000140001450 f i main.obj
 0001:000004d0       ??1_Locinfo@std@@QEAA@XZ   00000001400014d0 f i main.obj
 0001:00000570       ??_E_Facet_base@std@@UEAAPEAXI@Z 0000000140001570 f i * CIL library *:* CIL module *
 0001:00000570       ??_G_Facet_base@std@@UEAAPEAXI@Z 0000000140001570 f i main.obj
 0001:000005a0       ?_Incref@facet@locale@std@@UEAAXXZ 00000001400015a0 f i main.obj
 0001:000005b0       ?_Decref@facet@locale@std@@UEAAPEAV_Facet_base@3@XZ 00000001400015b0 f i main.obj
 0001:000005c0       ?do_tolower@?$ctype@D@std@@MEBADD@Z 00000001400015c0 f i main.obj
 0001:000005d0       ?do_tolower@?$ctype@D@std@@MEBAPEBDPEADPEBD@Z 00000001400015d0 f i main.obj
 0001:00000630       ?do_toupper@?$ctype@D@std@@MEBADD@Z 0000000140001630 f i main.obj
 0001:00000640       ?do_toupper@?$ctype@D@std@@MEBAPEBDPEADPEBD@Z 0000000140001640 f i main.obj
 0001:000006a0       ?do_narrow@?$ctype@D@std@@MEBADDD@Z 00000001400016a0 f i main.obj
 0001:000006a0       ?do_widen@?$ctype@D@std@@MEBADD@Z 00000001400016a0 f i main.obj
 0001:000006b0       ?do_widen@?$ctype@D@std@@MEBAPEBDPEBD0PEAD@Z 00000001400016b0 f i main.obj
 0001:000006d0       ?do_narrow@?$ctype@D@std@@MEBAPEBDPEBD0DPEAD@Z 00000001400016d0 f i main.obj
 0001:000006f0       ??_G?$ctype@D@std@@MEAAPEAXI@Z 00000001400016f0 f i main.obj
 0001:000006f0       ??_E?$ctype@D@std@@MEAAPEAXI@Z 00000001400016f0 f i * CIL library *:* CIL module *
 0001:00000760       ?default_error_condition@error_category@std@@UEBA?AVerror_condition@2@H@Z 0000000140001760 f i main.obj
 0001:00000770       ?equivalent@error_category@std@@UEBA_NHAEBVerror_condition@2@@Z 0000000140001770 f i main.obj
 0001:000007d0       ?equivalent@error_category@std@@UEBA_NAEBVerror_code@2@H@Z 00000001400017d0 f i main.obj
 0001:000007f0       ?make_error_code@std@@YA?AVerror_code@1@W4io_errc@1@@Z 00000001400017f0 f i main.obj
 0001:00000840       ?_Makestr@_System_error@std@@CA?AV?$basic_string@DU?$char_traits@D@std@@V?$allocator@D@2@@2@Verror_code@2@V32@@Z 0000000140001840 f i main.obj
 0001:000009e0       ??_Efailure@ios_base@std@@UEAAPEAXI@Z 00000001400019e0 f i * CIL library *:* CIL module *
 0001:000009e0       ??_Gfailure@ios_base@std@@UEAAPEAXI@Z 00000001400019e0 f i main.obj
 0001:000009e0       ??_E_System_error@std@@UEAAPEAXI@Z 00000001400019e0 f i * CIL library *:* CIL module *
 0001:000009e0       ??_G_System_error@std@@UEAAPEAXI@Z 00000001400019e0 f i main.obj
 0001:00000a10       ?name@_Iostream_error_category@std@@UEBAPEBDXZ 0000000140001a10 f i main.obj
 0001:00000a20       ?message@_Iostream_error_category@std@@UEBA?AV?$basic_string@DU?$char_traits@D@std@@V?$allocator@D@2@@2@H@Z 0000000140001a20 f i main.obj
 0001:00000a70       ??_E_Iostream_error_category@std@@UEAAPEAXI@Z 0000000140001a70 f i * CIL library *:* CIL module *
 0001:00000a70       ??_G_Iostream_error_category@std@@UEAAPEAXI@Z 0000000140001a70 f i main.obj
 0001:00000aa0       ??0failure@ios_base@std@@QEAA@PEBDAEBVerror_code@2@@Z 0000000140001aa0 f i main.obj
 0001:00000be0       ?clear@ios_base@std@@QEAAXH_N@Z 0000000140001be0 f i main.obj
 0001:00000c80       main                       0000000140001c80 f   main.obj
 0001:00001020       ??1?$basic_string@DU?$char_traits@D@std@@V?$allocator@D@2@@std@@QEAA@XZ 0000000140002020 f i main.obj
 0001:00001080       ??0?$basic_string@DU?$char_traits@D@std@@V?$allocator@D@2@@std@@QEAA@QEBD@Z 0000000140002080 f i main.obj
 0001:000011f0       ??0?$basic_string@DU?$char_traits@D@std@@V?$allocator@D@2@@std@@QEAA@AEBV01@@Z 00000001400021f0 f i main.obj
 0001:000012d0       ?append@?$basic_string@DU?$char_traits@D@std@@V?$allocator@D@2@@std@@QEAAAEAV12@QEBD_K@Z 00000001400022d0 f i main.obj
 0001:00001350       ??$use_facet@V?$ctype@D@std@@@std@@YAAEBV?$ctype@D@0@AEBVlocale@0@@Z 0000000140002350 f i main.obj
 0001:000015b0       ??$?6U?$char_traits@D@std@@@std@@YAAEAV?$basic_ostream@DU?$char_traits@D@std@@@0@AEAV10@PEBD@Z 00000001400025b0 f i main.obj
 0001:00001ae0       ??1?$unique_ptr@V_Facet_base@std@@U?$default_delete@V_Facet_base@std@@@2@@std@@QEAA@XZ 0000000140002ae0 f i main.obj
 0001:00001b00       ??0sentry@?$basic_ostream@DU?$char_traits@D@std@@@std@@QEAA@AEAV12@@Z 0000000140002b00 f i main.obj
 0001:00001b70       ?_Xlen@?$basic_string@DU?$char_traits@D@std@@V?$allocator@D@2@@std@@SAXXZ 0000000140002b70 f i main.obj
 0001:00001b90       ?flush@?$basic_ostream@DU?$char_traits@D@std@@@std@@QEAAAEAV12@XZ 0000000140002b90 f i main.obj
 0001:00001d80       ?put@?$basic_ostream@DU?$char_traits@D@std@@@std@@QEAAAEAV12@D@Z 0000000140002d80 f i main.obj
 0001:00001fc0       ?widen@?$basic_ios@DU?$char_traits@D@std@@@std@@QEBADD@Z 0000000140002fc0 f i main.obj
 0001:00002040       ??$_Immortalize_impl@V_Iostream_error_category@std@@@std@@YAHPEAX0PEAPEAX@Z 0000000140003040 f i main.obj
 0001:00002060       ??$getline@DU?$char_traits@D@std@@V?$allocator@D@2@@std@@YAAEAV?$basic_istream@DU?$char_traits@D@std@@@0@$$QEAV10@AEAV?$basic_string@DU?$char_traits@D@std@@V?$allocator@D@2@@0@D@Z 0000000140003060 f i main.obj
 0001:00002350       ?snextc@?$basic_streambuf@DU?$char_traits@D@std@@@std@@QEAAHXZ 0000000140003350 f i main.obj
 0001:000023e0       ?push_back@?$basic_string@DU?$char_traits@D@std@@V?$allocator@D@2@@std@@QEAAXD@Z 00000001400033e0 f i main.obj
 0001:00002568       ??0_Init_locks@std@@QEAA@XZ 0000000140003568 f   libcpmt:xlock.obj
 0001:000025b4       ??0_Lockit@std@@QEAA@H@Z   00000001400035b4 f   libcpmt:xlock.obj
 0001:000025f0       ??1_Init_locks@std@@QEAA@XZ 00000001400035f0 f   libcpmt:xlock.obj
 0001:00002634       ??1_Lockit@std@@QEAA@XZ    0000000140003634 f   libcpmt:xlock.obj
 0001:00002904       ??0?$basic_string@DU?$char_traits@D@std@@V?$allocator@D@2@@std@@QEAA@_KD@Z 0000000140003904 f i libcpmt:xonce.obj
 0001:00002978       ??0exception@std@@QEAA@AEBV01@@Z 0000000140003978 f i libcpmt:xonce.obj
 0001:000029b0       ??_Gbad_cast@std@@UEAAPEAXI@Z 00000001400039b0 f i libcpmt:cout.obj
 0001:000029b0       ??_Gbad_array_new_length@std@@UEAAPEAXI@Z 00000001400039b0 f i LIBCMT:throw_bad_alloc.obj
 0001:000029b0       ??_Eexception@std@@UEAAPEAXI@Z 00000001400039b0 f i libcpmt:xonce.obj
 0001:000029b0       ??_Gbad_alloc@std@@UEAAPEAXI@Z 00000001400039b0 f i libcpmt:xthrow.obj
 0001:000029b0       ??_Glength_error@std@@UEAAPEAXI@Z 00000001400039b0 f i libcpmt:xthrow.obj
 0001:000029b0       ??_Elogic_error@std@@UEAAPEAXI@Z 00000001400039b0 f i libcpmt:xthrow.obj
 0001:000029b0       ??_Ebad_array_new_length@std@@UEAAPEAXI@Z 00000001400039b0 f i LIBCMT:throw_bad_alloc.obj
 0001:000029b0       ??_Ebad_exception@std@@UEAAPEAXI@Z 00000001400039b0 f i libvcruntime:frame.obj
 0001:000029b0       ??_Ebad_alloc@std@@UEAAPEAXI@Z 00000001400039b0 f i libcpmt:xthrow.obj
 0001:000029b0       ??_Elength_error@std@@UEAAPEAXI@Z 00000001400039b0 f i libcpmt:xthrow.obj
 0001:000029b0       ??_Glogic_error@std@@UEAAPEAXI@Z 00000001400039b0 f i libcpmt:xthrow.obj
 0001:000029b0       ??_Gbad_exception@std@@UEAAPEAXI@Z 00000001400039b0 f i libvcruntime:frame.obj
 0001:000029b0       ??_Gexception@std@@UEAAPEAXI@Z 00000001400039b0 f i libcpmt:xonce.obj
 0001:000029b0       ??_Ebad_cast@std@@UEAAPEAXI@Z 00000001400039b0 f i libcpmt:cout.obj
 0001:000029f4       ?_Execute_once@std@@YAHAEAUonce_flag@1@P6AHPEAX1PEAPEAX@Z1@Z 00000001400039f4 f   libcpmt:xonce.obj
 0001:000029fc       ?append@?$basic_string@DU?$char_traits@D@std@@V?$allocator@D@2@@std@@QEAAAEAV12@_KD@Z 00000001400039fc f i libcpmt:xonce.obj
 0001:00002a78       ?what@exception@std@@UEBAPEBDXZ 0000000140003a78 f i libcpmt:xonce.obj
 0001:00002a8c       ??$use_facet@V?$codecvt@DDU_Mbstatet@@@std@@@std@@YAAEBV?$codecvt@DDU_Mbstatet@@@0@AEBVlocale@0@@Z 0000000140003a8c f i libcpmt:cout.obj
 0001:00002bc0       ??0?$basic_ostream@DU?$char_traits@D@std@@@std@@QEAA@PEAV?$basic_streambuf@DU?$char_traits@D@std@@@1@_N@Z 0000000140003bc0 f i libcpmt:cout.obj
 0001:00002c88       ??0?$basic_streambuf@DU?$char_traits@D@std@@@std@@IEAA@XZ 0000000140003c88 f i libcpmt:cout.obj
 0001:00002d38       ??0_Init_cout@std@@QEAA@XZ 0000000140003d38 f i libcpmt:cout.obj
 0001:00002da4       ??0bad_cast@std@@QEAA@AEBV01@@Z 0000000140003da4 f i libcpmt:cout.obj
 0001:00002de4       ??0bad_cast@std@@QEAA@XZ   0000000140003de4 f i libcpmt:cout.obj
 0001:00002e04       ??1?$basic_filebuf@DU?$char_traits@D@std@@@std@@UEAA@XZ 0000000140003e04 f i libcpmt:cout.obj
 0001:00002e9c       ??1?$basic_ios@DU?$char_traits@D@std@@@std@@UEAA@XZ 0000000140003e9c f i libcpmt:cout.obj
 0001:00002ec0       ??1?$basic_streambuf@DU?$char_traits@D@std@@@std@@UEAA@XZ 0000000140003ec0 f i libcpmt:cout.obj
 0001:00002f28       ??1bad_cast@std@@UEAA@XZ   0000000140003f28 f i libcpmt:cout.obj
 0001:00002f28       ??1bad_alloc@std@@UEAA@XZ  0000000140003f28 f i libcpmt:xthrow.obj
 0001:00002f28       ??1bad_array_new_length@std@@UEAA@XZ 0000000140003f28 f i LIBCMT:throw_bad_alloc.obj
 0001:00002f28       ??1length_error@std@@UEAA@XZ 0000000140003f28 f i libcpmt:xthrow.obj
 0001:00002f28       ??1bad_exception@std@@UEAA@XZ 0000000140003f28 f i libvcruntime:frame.obj
 0001:00002f3c       ??_E?$basic_ostream@DU?$char_traits@D@std@@@std@@$4PPPPPPPM@A@EAAPEAXI@Z 0000000140003f3c f i libcpmt:cout.obj
 0001:00002f48       ??_G?$basic_filebuf@DU?$char_traits@D@std@@@std@@UEAAPEAXI@Z 0000000140003f48 f i libcpmt:cout.obj
 0001:00002f48       ??_E?$basic_filebuf@DU?$char_traits@D@std@@@std@@UEAAPEAXI@Z 0000000140003f48 f i libcpmt:cout.obj
 0001:00002f7c       ??_G?$basic_ios@DU?$char_traits@D@std@@@std@@UEAAPEAXI@Z 0000000140003f7c f i libcpmt:cout.obj
 0001:00002f7c       ??_E?$basic_ios@DU?$char_traits@D@std@@@std@@UEAAPEAXI@Z 0000000140003f7c f i libcpmt:cout.obj
 0001:00002fc8       ??_E?$basic_ostream@DU?$char_traits@D@std@@@std@@UEAAPEAXI@Z 0000000140003fc8 f i libcpmt:cout.obj
 0001:00002fc8       ??_G?$basic_ostream@DU?$char_traits@D@std@@@std@@UEAAPEAXI@Z 0000000140003fc8 f i libcpmt:cout.obj
 0001:00003038       ??_E?$basic_streambuf@DU?$char_traits@D@std@@@std@@UEAAPEAXI@Z 0000000140004038 f i libcpmt:cout.obj
 0001:00003038       ??_G?$basic_streambuf@DU?$char_traits@D@std@@@std@@UEAAPEAXI@Z 0000000140004038 f i libcpmt:cout.obj
 0001:0000306c       ??_E?$codecvt@DDU_Mbstatet@@@std@@MEAAPEAXI@Z 000000014000406c f i libcpmt:cout.obj
 0001:0000306c       ??_G?$codecvt@DDU_Mbstatet@@@std@@MEAAPEAXI@Z 000000014000406c f i libcpmt:cout.obj
 0001:00003098       ??_Eios_base@std@@UEAAPEAXI@Z 0000000140004098 f i libcpmt:cout.obj
 0001:00003098       ??_Gios_base@std@@UEAAPEAXI@Z 0000000140004098 f i libcpmt:cout.obj
 0001:000030e4       ?_Endwrite@?$basic_filebuf@DU?$char_traits@D@std@@@std@@IEAA_NXZ 00000001400040e4 f i libcpmt:cout.obj
 0001:00003288       ?_Getcat@?$codecvt@DDU_Mbstatet@@@std@@SA_KPEAPEBVfacet@locale@2@PEBV42@@Z 0000000140004288 f i libcpmt:cout.obj
 0001:0000334c       ?_Init@?$basic_filebuf@DU?$char_traits@D@std@@@std@@IEAAXPEAU_iobuf@@W4_Initfl@12@@Z 000000014000434c f i libcpmt:cout.obj
 0001:00003438       ?_Init@ios_base@std@@IEAAXXZ 0000000140004438 f i libcpmt:cout.obj
 0001:000034b8       ?_Initcvt@?$basic_filebuf@DU?$char_traits@D@std@@@std@@IEAAXAEBV?$codecvt@DDU_Mbstatet@@@2@@Z 00000001400044b8 f i libcpmt:cout.obj
 0001:00003548       ?_Lock@?$basic_filebuf@DU?$char_traits@D@std@@@std@@UEAAXXZ 0000000140004548 f i libcpmt:cout.obj
 0001:00003564       ?_Unlock@?$basic_filebuf@DU?$char_traits@D@std@@@std@@UEAAXXZ 0000000140004564 f i libcpmt:cout.obj
 0001:00003580       __acrt_uninitialize_command_line 0000000140004580 f i libucrt:argv_data.obj
 0001:00003580       ?do_always_noconv@?$codecvt@DDU_Mbstatet@@@std@@MEBA_NXZ 0000000140004580 f i libcpmt:cout.obj
 0001:00003580       _should_initialize_environment 0000000140004580 f i LIBCMT:env_mode.obj
 0001:00003584       _get_startup_argv_mode     0000000140004584 f i LIBCMT:argv_mode.obj
 0001:00003584       ?do_max_length@codecvt_base@std@@MEBAHXZ 0000000140004584 f i libcpmt:cout.obj
 0001:00003584       ?do_encoding@codecvt_base@std@@MEBAHXZ 0000000140004584 f i libcpmt:cout.obj
 0001:0000358c       ?do_in@?$codecvt@DDU_Mbstatet@@@std@@MEBAHAEAU_Mbstatet@@PEBD1AEAPEBDPEAD3AEAPEAD@Z 000000014000458c f i libcpmt:cout.obj
 0001:0000358c       ?do_out@?$codecvt@DDU_Mbstatet@@@std@@MEBAHAEAU_Mbstatet@@PEBD1AEAPEBDPEAD3AEAPEAD@Z 000000014000458c f i libcpmt:cout.obj
 0001:000035a8       ?do_length@?$codecvt@DDU_Mbstatet@@@std@@MEBAHAEAU_Mbstatet@@PEBD1_K@Z 00000001400045a8 f i libcpmt:cout.obj
 0001:000035bc       ?do_unshift@?$codecvt@DDU_Mbstatet@@@std@@MEBAHAEAU_Mbstatet@@PEAD1AEAPEAD@Z 00000001400045bc f i libcpmt:cout.obj
 0001:000035c8       ?imbue@?$basic_filebuf@DU?$char_traits@D@std@@@std@@MEAAXAEBVlocale@2@@Z 00000001400045c8 f i libcpmt:cout.obj
 0001:000035ec       ?overflow@?$basic_filebuf@DU?$char_traits@D@std@@@std@@MEAAHH@Z 00000001400045ec f i libcpmt:cout.obj
 0001:00003840       ?pbackfail@?$basic_streambuf@DU?$char_traits@D@std@@@std@@MEAAHH@Z 0000000140004840 f i libcpmt:cout.obj
 0001:00003840       ?overflow@?$basic_streambuf@DU?$char_traits@D@std@@@std@@MEAAHH@Z 0000000140004840 f i libcpmt:cout.obj
 0001:00003840       ?underflow@?$basic_streambuf@DU?$char_traits@D@std@@@std@@MEAAHXZ 0000000140004840 f i libcpmt:cout.obj
 0001:00003844       ?pbackfail@?$basic_filebuf@DU?$char_traits@D@std@@@std@@MEAAHH@Z 0000000140004844 f i libcpmt:cout.obj
 0001:00003910       ?seekoff@?$basic_filebuf@DU?$char_traits@D@std@@@std@@MEAA?AV?$fpos@U_Mbstatet@@@2@_JHH@Z 0000000140004910 f i libcpmt:cout.obj
 0001:000039fc       ?seekpos@?$basic_streambuf@DU?$char_traits@D@std@@@std@@MEAA?AV?$fpos@U_Mbstatet@@@2@V32@H@Z 00000001400049fc f i libcpmt:cout.obj
 0001:000039fc       ?seekoff@?$basic_streambuf@DU?$char_traits@D@std@@@std@@MEAA?AV?$fpos@U_Mbstatet@@@2@_JHH@Z 00000001400049fc f i libcpmt:cout.obj
 0001:00003a18       ?seekpos@?$basic_filebuf@DU?$char_traits@D@std@@@std@@MEAA?AV?$fpos@U_Mbstatet@@@2@V32@H@Z 0000000140004a18 f i libcpmt:cout.obj
 0001:00003b1c       ?setbuf@?$basic_filebuf@DU?$char_traits@D@std@@@std@@MEAAPEAV?$basic_streambuf@DU?$char_traits@D@std@@@2@PEAD_J@Z 0000000140004b1c f i libcpmt:cout.obj
 0001:00003b70       ?setbuf@?$basic_streambuf@DU?$char_traits@D@std@@@std@@MEAAPEAV12@PEAD_J@Z 0000000140004b70 f i libcpmt:cout.obj
 0001:00003b74       _get_startup_thread_locale_mode 0000000140004b74 f i LIBCMT:thread_locale.obj
 0001:00003b74       _get_startup_commit_mode   0000000140004b74 f i LIBCMT:commit_mode.obj
 0001:00003b74       ?showmanyc@?$basic_streambuf@DU?$char_traits@D@std@@@std@@MEAA_JXZ 0000000140004b74 f i libcpmt:cout.obj
 0001:00003b74       _get_startup_new_mode      0000000140004b74 f i LIBCMT:new_mode.obj
 0001:00003b74       _matherr                   0000000140004b74 f i LIBCMT:matherr.obj
 0001:00003b74       __scrt_initialize_winrt    0000000140004b74 f i LIBCMT:utility_desktop.obj
 0001:00003b74       ?sync@?$basic_streambuf@DU?$char_traits@D@std@@@std@@MEAAHXZ 0000000140004b74 f i libcpmt:cout.obj
 0001:00003b78       ?sync@?$basic_filebuf@DU?$char_traits@D@std@@@std@@MEAAHXZ 0000000140004b78 f i libcpmt:cout.obj
 0001:00003bc4       ?uflow@?$basic_filebuf@DU?$char_traits@D@std@@@std@@MEAAHXZ 0000000140004bc4 f i libcpmt:cout.obj
 0001:00003e68       ?uflow@?$basic_streambuf@DU?$char_traits@D@std@@@std@@MEAAHXZ 0000000140004e68 f i libcpmt:cout.obj
 0001:00003ea4       ?underflow@?$basic_filebuf@DU?$char_traits@D@std@@@std@@MEAAHXZ 0000000140004ea4 f i libcpmt:cout.obj
 0001:00003f08       ?xsgetn@?$basic_streambuf@DU?$char_traits@D@std@@@std@@MEAA_JPEAD_J@Z 0000000140004f08 f i libcpmt:cout.obj
 0001:00003fc4       ?xsputn@?$basic_streambuf@DU?$char_traits@D@std@@@std@@MEAA_JPEBD_J@Z 0000000140004fc4 f i libcpmt:cout.obj
 0001:00004084       ??1_Fac_tidy_reg_t@std@@QEAA@XZ 0000000140005084 f i libcpmt:locale0.obj
 0001:000040ec       ??4?$_Yarn@D@std@@QEAAAEAV01@PEBD@Z 00000001400050ec f i libcpmt:locale0.obj
 0001:00004164       ??_E_Locimp@locale@std@@MEAAPEAXI@Z 0000000140005164 f i libcpmt:locale0.obj
 0001:00004164       ??_G_Locimp@locale@std@@MEAAPEAXI@Z 0000000140005164 f i libcpmt:locale0.obj
 0001:000041d0       ?_Facet_Register@std@@YAXPEAV_Facet_base@1@@Z 00000001400051d0 f   libcpmt:locale0.obj
 0001:00004208       ?_Getgloballocale@locale@std@@CAPEAV_Locimp@12@XZ 0000000140005208 f   libcpmt:locale0.obj
 0001:00004210       ?_Init@locale@std@@CAPEAV_Locimp@12@_N@Z 0000000140005210 f   libcpmt:locale0.obj
 0001:000042d8       ?_Locimp_dtor@_Locimp@locale@std@@CAXPEAV123@@Z 00000001400052d8 f   libcpmt:locale0.obj
 0001:00004360       ?_Locinfo_ctor@_Locinfo@std@@SAXPEAV12@PEBD@Z 0000000140005360 f   libcpmt:locale0.obj
 0001:000043cc       ?_Locinfo_dtor@_Locinfo@std@@SAXPEAV12@@Z 00000001400053cc f   libcpmt:locale0.obj
 0001:000043e8       ?_New_Locimp@_Locimp@locale@std@@CAPEAV123@_N@Z 00000001400053e8 f   libcpmt:locale0.obj
 0001:00004458       _Deletegloballocale        0000000140005458 f   libcpmt:locale0.obj
 0001:000044c8       ??0?$basic_istream@DU?$char_traits@D@std@@@std@@QEAA@PEAV?$basic_streambuf@DU?$char_traits@D@std@@@1@_N@Z 00000001400054c8 f i libcpmt:cin.obj
 0001:00004594       ??_E?$basic_istream@DU?$char_traits@D@std@@@std@@$4PPPPPPPM@A@EAAPEAXI@Z 0000000140005594 f i libcpmt:cin.obj
 0001:000045a0       ??_G?$basic_istream@DU?$char_traits@D@std@@@std@@UEAAPEAXI@Z 00000001400055a0 f i libcpmt:cin.obj
 0001:000045a0       ??_E?$basic_istream@DU?$char_traits@D@std@@@std@@UEAAPEAXI@Z 00000001400055a0 f i libcpmt:cin.obj
 0001:00004610       ??0bad_alloc@std@@QEAA@AEBV01@@Z 0000000140005610 f i libcpmt:xthrow.obj
 0001:00004650       ??0bad_alloc@std@@QEAA@XZ  0000000140005650 f i libcpmt:xthrow.obj
 0001:00004670       ??0length_error@std@@QEAA@AEBV01@@Z 0000000140005670 f i libcpmt:xthrow.obj
 0001:000046b0       ??0length_error@std@@QEAA@PEBD@Z 00000001400056b0 f i libcpmt:xthrow.obj
 0001:000046fc       ??0logic_error@std@@QEAA@AEBV01@@Z 00000001400056fc f i libcpmt:xthrow.obj
 0001:0000473c       ?_Xlength_error@std@@YAXPEBD@Z 000000014000573c f   libcpmt:xthrow.obj
 0001:00004760       ?_Syserror_map@std@@YAPEBDH@Z 0000000140005760 f   libcpmt:syserror.obj
 0001:00004788       _Getctype                  0000000140005788 f   libcpmt:_tolower.obj
 0001:00004850       _Tolower                   0000000140005850 f   libcpmt:_tolower.obj
 0001:00004980       _Toupper                   0000000140005980 f   libcpmt:_toupper.obj
 0001:00004ac0       _Mtxdst                    0000000140005ac0 f   libcpmt:xmtx.obj
 0001:00004ac8       _Mtxinit                   0000000140005ac8 f   libcpmt:xmtx.obj
 0001:00004ad8       _Mtxlock                   0000000140005ad8 f   libcpmt:xmtx.obj
 0001:00004ae0       _Mtxunlock                 0000000140005ae0 f   libcpmt:xmtx.obj
 0001:00004fb8       __crtInitOnceExecuteOnce   0000000140005fb8 f   libcpmt:winapisupp.obj
 0001:00005084       __crtInitializeCriticalSectionEx 0000000140006084 f   libcpmt:winapisupp.obj
 0001:000050b4       ?_Addstd@ios_base@std@@SAXPEAV12@@Z 00000001400060b4 f   libcpmt:ios.obj
 0001:0000512c       ?_Ios_base_dtor@ios_base@std@@CAXPEAV12@@Z 000000014000612c f   libcpmt:ios.obj
 0001:000051ac       ?_Tidy@ios_base@std@@AEAAXXZ 00000001400061ac f i libcpmt:ios.obj
 0001:0000522c       ?_Atexit@@YAXP6AXXZ@Z      000000014000622c f   libcpmt:iosptrs.obj
 0001:0000526c       __crtLCMapStringA          000000014000626c f   libcpmt:StlLCMapStringA.obj
 0001:00005520       GetTableIndexFromLocaleName 0000000140006520 f   libcpmt:winapinls.obj
 0001:000055b0       __crtDownlevelLocaleNameToLCID 00000001400065b0 f   libcpmt:winapinls.obj
 0001:000055e4       __crtLCMapStringEx         00000001400065e4 f   libcpmt:winapinls.obj
 0001:00005680       __wcsnicmp_ascii           0000000140006680 f   libcpmt:winapinls.obj
 0001:00005700       __security_check_cookie    0000000140006700 f   LIBCMT:_amdsecgs_.obj
 0001:00005724       ??3@YAXPEAX_K@Z            0000000140006724 f   LIBCMT:delete_scalar_size.obj
 0001:00005724       ??_V@YAXPEAX@Z             0000000140006724 f   LIBCMT:delete_array.obj
 0001:0000572c       ??2@YAPEAX_K@Z             000000014000672c f   LIBCMT:new_scalar.obj
 0001:00005768       __scrt_acquire_startup_lock 0000000140006768 f   LIBCMT:utility.obj
 0001:000057a4       __scrt_initialize_crt      00000001400067a4 f   LIBCMT:utility.obj
 0001:000057f0       __scrt_initialize_onexit_tables 00000001400067f0 f   LIBCMT:utility.obj
 0001:000058cc       __scrt_is_nonwritable_in_current_image 00000001400068cc f   LIBCMT:utility.obj
 0001:00005968       __scrt_release_startup_lock 0000000140006968 f   LIBCMT:utility.obj
 0001:0000598c       __scrt_uninitialize_crt    000000014000698c f   LIBCMT:utility.obj
 0001:000059b8       _onexit                    00000001400069b8 f   LIBCMT:utility.obj
 0001:00005a08       atexit                     0000000140006a08 f   LIBCMT:utility.obj
 0001:00005a20       ??_U@YAPEAX_K@Z            0000000140006a20 f   LIBCMT:new_array.obj
 0001:00005c80       mainCRTStartup             0000000140006c80 f   LIBCMT:exe_main.obj
 0001:00005c94       __GSHandlerCheck           0000000140006c94 f   LIBCMT:_gshandler_.obj
 0001:00005cb4       __GSHandlerCheckCommon     0000000140006cb4 f   LIBCMT:_gshandler_.obj
 0001:00005d10       __GSHandlerCheck_EH        0000000140006d10 f   LIBCMT:gshandlereh.obj
 0001:00005d90       ??_Gtype_info@@UEAAPEAXI@Z 0000000140006d90 f i LIBCMT:std_type_info_static.obj
 0001:00005d90       ??_Etype_info@@UEAAPEAXI@Z 0000000140006d90 f i LIBCMT:std_type_info_static.obj
 0001:00005dd0       __chkstk                   0000000140006dd0 f   LIBCMT:_chkstk_.obj
 0001:00005dd0       _alloca_probe              0000000140006dd0 f   LIBCMT:_chkstk_.obj
 0001:00005e24       __raise_securityfailure    0000000140006e24 f   LIBCMT:gs_report.obj
 0001:00005e58       __report_gsfailure         0000000140006e58 f   LIBCMT:gs_report.obj
 0001:00005f2c       __report_rangecheckfailure 0000000140006f2c f   LIBCMT:gs_report.obj
 0001:00005f40       __report_securityfailure   0000000140006f40 f   LIBCMT:gs_report.obj
 0001:000060c0       ??3@YAXPEAX@Z              00000001400070c0 f   LIBCMT:delete_scalar.obj
 0001:000060c8       ??0bad_array_new_length@std@@QEAA@AEBV01@@Z 00000001400070c8 f i LIBCMT:throw_bad_alloc.obj
 0001:00006108       ??0bad_array_new_length@std@@QEAA@XZ 0000000140007108 f i LIBCMT:throw_bad_alloc.obj
 0001:00006128       ?__scrt_throw_std_bad_alloc@@YAXXZ 0000000140007128 f   LIBCMT:throw_bad_alloc.obj
 0001:00006148       ?__scrt_throw_std_bad_array_new_length@@YAXXZ 0000000140007148 f   LIBCMT:throw_bad_alloc.obj
 0001:00006168       __isa_available_init       0000000140007168 f   LIBCMT:_cpu_disp_.obj
 0001:00006324       __scrt_is_ucrt_dll_in_use  0000000140007324 f   LIBCMT:ucrt_detection.obj
 0001:00006330       __crt_debugger_hook        0000000140007330 f   LIBCMT:utility_desktop.obj
 0001:00006338       __scrt_fastfail            0000000140007338 f   LIBCMT:utility_desktop.obj
 0001:00006484       __scrt_is_managed_app      0000000140007484 f   LIBCMT:utility_desktop.obj
 0001:000064d8       __scrt_set_unhandled_exception_filter 00000001400074d8 f   LIBCMT:utility_desktop.obj
 0001:000064e8       __scrt_unhandled_exception_filter 00000001400074e8 f   LIBCMT:utility_desktop.obj
 0001:00006520       __security_init_cookie     0000000140007520 f   LIBCMT:gs_support.obj
 0001:000065d0       _get_startup_file_mode     00000001400075d0 f   LIBCMT:file_mode.obj
 0001:000065d8       ?__scrt_initialize_type_info@@YAXXZ 00000001400075d8 f   LIBCMT:tncleanup.obj
 0001:000065e8       __local_stdio_scanf_options 00000001400075e8 f i LIBCMT:default_local_stdio_options.obj
 0001:000065f0       __scrt_initialize_default_local_stdio_options 00000001400075f0 f   LIBCMT:default_local_stdio_options.obj
 0001:0000660c       __scrt_is_user_matherr_present 000000014000760c f   LIBCMT:matherr_detection.obj
 0001:00006618       __scrt_get_dyn_tls_init_callback 0000000140007618 f   LIBCMT:dyn_tls_init.obj
 0001:00006620       __scrt_get_dyn_tls_dtor_callback 0000000140007620 f   LIBCMT:dyn_tls_dtor.obj
 0001:00006628       _RTC_Initialize            0000000140007628 f   LIBCMT:_initsect_.obj
 0001:00006664       _RTC_Terminate             0000000140007664 f   LIBCMT:_initsect_.obj
 0001:000066a0       _purecall                  00000001400076a0 f   libvcruntime:purevirt.obj
 0001:000066d0       __std_exception_copy       00000001400076d0 f   libvcruntime:std_exception.obj
 0001:00006760       __std_exception_destroy    0000000140007760 f   libvcruntime:std_exception.obj
 0001:00006788       _CxxThrowException         0000000140007788 f   libvcruntime:throw.obj
 0001:00006848       ?_ExecutionInCatch@@YAHPEAU_xDISPATCHER_CONTEXT@@PEBU_s_FuncInfo@@@Z 0000000140007848 f   libvcruntime:risctrnsctrl.obj
 0001:000068bc       ?_GetEstablisherFrame@@YAPEA_KPEA_KPEAU_xDISPATCHER_CONTEXT@@PEBU_s_FuncInfo@@0@Z 00000001400078bc f   libvcruntime:risctrnsctrl.obj
 0001:00006988       ?_GetRangeOfTrysToCheck@@YAPEBU_s_TryBlockMapEntry@@PEA_KPEBU_s_FuncInfo@@HHPEAI2PEAU_xDISPATCHER_CONTEXT@@@Z 0000000140007988 f   libvcruntime:risctrnsctrl.obj
 0001:00006ab4       ?__FrameUnwindToEmptyState@@YAXPEA_KPEAU_xDISPATCHER_CONTEXT@@PEBU_s_FuncInfo@@@Z 0000000140007ab4 f   libvcruntime:risctrnsctrl.obj
 0001:00006b48       _CallSETranslator          0000000140007b48 f   libvcruntime:risctrnsctrl.obj
 0001:00006b9c       _CreateFrameInfo           0000000140007b9c f   libvcruntime:risctrnsctrl.obj
 0001:00006bd8       _FindAndUnlinkFrame        0000000140007bd8 f   libvcruntime:risctrnsctrl.obj
 0001:00006c2c       _GetImageBase              0000000140007c2c f   libvcruntime:risctrnsctrl.obj
 0001:00006c40       _GetThrowImageBase         0000000140007c40 f   libvcruntime:risctrnsctrl.obj
 0001:00006c54       _SetImageBase              0000000140007c54 f   libvcruntime:risctrnsctrl.obj
 0001:00006c6c       _SetThrowImageBase         0000000140007c6c f   libvcruntime:risctrnsctrl.obj
 0001:00006c84       _UnwindNestedFrames        0000000140007c84 f   libvcruntime:risctrnsctrl.obj
 0001:00006da8       __CxxFrameHandler3         0000000140007da8 f   libvcruntime:risctrnsctrl.obj
 0001:00006e40       memcpy                     0000000140007e40 f   libvcruntime:memcpy.obj
 0001:00006e40       memmove                    0000000140007e40 f   libvcruntime:memcpy.obj
 0001:000072a0       memset                     00000001400082a0 f   libvcruntime:memset.obj
 0001:00007450       __DestructExceptionObject  0000000140008450 f   libvcruntime:ehhelpers.obj
 0001:000074c4       ?_CallMemberFunction0@@YAXQEAX0@Z 00000001400084c4 f i libvcruntime:ehhelpers.obj
 0001:000074c8       _IsExceptionObjectToBeDestroyed 00000001400084c8 f   libvcruntime:ehhelpers.obj
 0001:000074f8       __AdjustPointer            00000001400084f8 f   libvcruntime:ehhelpers.obj
 0001:0000751c       __FrameUnwindFilter        000000014000851c f   libvcruntime:ehhelpers.obj
 0001:00007568       __std_terminate            0000000140008568 f   libvcruntime:ehhelpers.obj
 0001:00007590       memchr                     0000000140008590 f   libvcruntime:memchr.obj
 0001:00007610       memcmp                     0000000140008610 f   libvcruntime:memcmp.obj
 0001:000076d8       __vcrt_initialize          00000001400086d8 f   libvcruntime:initialization.obj
 0001:0000770c       __vcrt_uninitialize        000000014000870c f   libvcruntime:initialization.obj
 0001:0000772c       __C_specific_handler       000000014000872c f   libvcruntime:_riscchandler_.obj
 0001:00007938       __std_type_info_compare    0000000140008938 f   libvcruntime:std_type_info.obj
 0001:00007960       __vcrt_initialize_pure_virtual_call_handler 0000000140008960 f   libvcruntime:purevirt_data.obj
 0001:00007970       __vcrt_freefls             0000000140008970 f   libvcruntime:per_thread_data.obj
 0001:00007990       __vcrt_getptd              0000000140008990 f   libvcruntime:per_thread_data.obj
 0001:000079ac       __vcrt_getptd_noexit       00000001400089ac f   libvcruntime:per_thread_data.obj
 0001:00007a64       __vcrt_initialize_ptd      0000000140008a64 f   libvcruntime:per_thread_data.obj
 0001:00007ab4       __vcrt_uninitialize_ptd    0000000140008ab4 f   libvcruntime:per_thread_data.obj
 0001:00007ad8       ?__GetCurrentState@@YAHPEA_KPEAU_xDISPATCHER_CONTEXT@@PEBU_s_FuncInfo@@@Z 0000000140008ad8 f   libvcruntime:riscehstate.obj
 0001:00007b00       ?__GetUnwindTryBlock@@YAHPEA_KPEAU_xDISPATCHER_CONTEXT@@PEBU_s_FuncInfo@@@Z 0000000140008b00 f   libvcruntime:riscehstate.obj
 0001:00007b2c       ?__SetState@@YAXPEA_KPEAU_xDISPATCHER_CONTEXT@@PEBU_s_FuncInfo@@H@Z 0000000140008b2c f   libvcruntime:riscehstate.obj
 0001:00007b38       ?__SetUnwindTryBlock@@YAXPEA_KPEAU_xDISPATCHER_CONTEXT@@PEBU_s_FuncInfo@@H@Z 0000000140008b38 f   libvcruntime:riscehstate.obj
 0001:00007b74       ?__StateFromControlPc@@YAHPEBU_s_FuncInfo@@PEAU_xDISPATCHER_CONTEXT@@@Z 0000000140008b74 f   libvcruntime:riscehstate.obj
 0001:00007b7c       ?__StateFromIp@@YAHPEBU_s_FuncInfo@@PEAU_xDISPATCHER_CONTEXT@@_K@Z 0000000140008b7c f   libvcruntime:riscehstate.obj
 0001:00007be4       ??0bad_exception@std@@QEAA@AEBV01@@Z 0000000140008be4 f i libvcruntime:frame.obj
 0001:00007c24       ??0bad_exception@std@@QEAA@XZ 0000000140008c24 f i libvcruntime:frame.obj
 0001:0000856c       ?_CallMemberFunction1@@YAXQEAX00@Z 000000014000956c f i libvcruntime:frame.obj
 0001:00008578       ?_CallMemberFunction2@@YAXQEAX00H@Z 0000000140009578 f i libvcruntime:frame.obj
 0001:00008588       __BuildCatchObject         0000000140009588 f   libvcruntime:frame.obj
 0001:00008648       __BuildCatchObjectHelper   0000000140009648 f   libvcruntime:frame.obj
 0001:00008848       __CxxCallCatchBlock        0000000140009848 f   libvcruntime:frame.obj
 0001:00008a34       __FrameUnwindToState       0000000140009a34 f   libvcruntime:frame.obj
 0001:00008bc8       __InternalCxxFrameHandler  0000000140009bc8 f   libvcruntime:frame.obj
 0001:00008e0c       __TypeMatch                0000000140009e0c f   libvcruntime:frame.obj
 0001:00008f50       __vcrt_initialize_locks    0000000140009f50 f   libvcruntime:locks.obj
 0001:00008f98       __vcrt_uninitialize_locks  0000000140009f98 f   libvcruntime:locks.obj
 0001:000091a8       __vcrt_FlsAlloc            000000014000a1a8 f   libvcruntime:winapi_downlevel.obj
 0001:000091f0       __vcrt_FlsFree             000000014000a1f0 f   libvcruntime:winapi_downlevel.obj
 0001:00009238       __vcrt_FlsGetValue         000000014000a238 f   libvcruntime:winapi_downlevel.obj
 0001:00009280       __vcrt_FlsSetValue         000000014000a280 f   libvcruntime:winapi_downlevel.obj
 0001:000092d4       __vcrt_InitializeCriticalSectionEx 000000014000a2d4 f   libvcruntime:winapi_downlevel.obj
 0001:00009338       __vcrt_initialize_winapi_thunks 000000014000a338 f   libvcruntime:winapi_downlevel.obj
 0001:00009368       __vcrt_uninitialize_winapi_thunks 000000014000a368 f   libvcruntime:winapi_downlevel.obj
 0001:000093c0       _local_unwind              000000014000a3c0 f   libvcruntime:_jmpuwind_.obj
 0001:000093f0       _NLG_Notify                000000014000a3f0 f   libvcruntime:_jmpuwind_.obj
 0001:00009410       __NLG_Dispatch2            000000014000a410 f   libvcruntime:_jmpuwind_.obj
 0001:00009420       __NLG_Return2              000000014000a420 f   libvcruntime:_jmpuwind_.obj
 0001:00009424       __except_validate_context_record 000000014000a424 f   libvcruntime:jbcxrval.obj
 0001:00009470       _CallSettingFrame          000000014000a470 f   libvcruntime:handlers.obj
 0001:000094b0       abort                      000000014000a4b0 f   libucrt:abort.obj
 0001:00009508       __acrt_initialize_stdio    000000014000a508 f   libucrt:_file.obj
 0001:00009628       __acrt_iob_func            000000014000a628 f   libucrt:_file.obj
 0001:0000963c       __acrt_uninitialize_stdio  000000014000a63c f   libucrt:_file.obj
 0001:00009698       _get_stream_buffer_pointers 000000014000a698 f   libucrt:_file.obj
 0001:000096e0       _lock_file                 000000014000a6e0 f   libucrt:_file.obj
 0001:000096ec       _unlock_file               000000014000a6ec f   libucrt:_file.obj
 0001:000096f8       __acrt_call_reportfault    000000014000a6f8 f   libucrt:invalid_parameter.obj
 0001:00009854       __acrt_initialize_invalid_parameter_handler 000000014000a854 f   libucrt:invalid_parameter.obj
 0001:0000985c       _invalid_parameter         000000014000a85c f   libucrt:invalid_parameter.obj
 0001:0000990c       _invalid_parameter_noinfo  000000014000a90c f   libucrt:invalid_parameter.obj
 0001:0000992c       _invalid_parameter_noinfo_noreturn 000000014000a92c f   libucrt:invalid_parameter.obj
 0001:0000995c       _invoke_watson             000000014000a95c f   libucrt:invalid_parameter.obj
 0001:000099e4       ??$ensure_buffer_is_big_enough@D@formatting_buffer@__crt_stdio_output@@QEAA_N_K@Z 000000014000a9e4 f i libucrt:output.obj
 0001:00009a8c       ??$type_case_integer_parse_into_buffer@I@?$output_processor@DV?$stream_output_adapter@D@__crt_stdio_output@@V?$standard_base@DV?$stream_output_adapter@D@__crt_stdio_output@@@2@@__crt_stdio_output@@AEAAXII_N@Z 000000014000aa8c f i libucrt:output.obj
 0001:00009b1c       ??$type_case_integer_parse_into_buffer@_K@?$output_processor@DV?$stream_output_adapter@D@__crt_stdio_output@@V?$standard_base@DV?$stream_output_adapter@D@__crt_stdio_output@@@2@@__crt_stdio_output@@AEAAX_KI_N@Z 000000014000ab1c f i libucrt:output.obj
 0001:00009bb0       ??$write_multiple_characters@V?$stream_output_adapter@D@__crt_stdio_output@@D@__crt_stdio_output@@YAXAEBV?$stream_output_adapter@D@0@DHQEAH@Z 000000014000abb0 f i libucrt:output.obj
 0001:00009c3c       ??0_LocaleUpdate@@QEAA@QEAU__crt_locale_pointers@@@Z 000000014000ac3c f i libucrt:output.obj
 0001:00009cd8       ??1_LocaleUpdate@@QEAA@XZ  000000014000acd8 f i libucrt:output.obj
 0001:00009e1c       ?crop_zeroes@__crt_stdio_output@@YAXPEADQEAU__crt_locale_pointers@@@Z 000000014000ae1c f i libucrt:output.obj
 0001:00009e88       ?force_decimal_point@__crt_stdio_output@@YAXPEADQEAU__crt_locale_pointers@@@Z 000000014000ae88 f i libucrt:output.obj
 0001:00009ef8       ?parse_int_from_format_string@?$output_processor@DV?$stream_output_adapter@D@__crt_stdio_output@@V?$standard_base@DV?$stream_output_adapter@D@__crt_stdio_output@@@2@@__crt_stdio_output@@AEAA_NQEAH@Z 000000014000aef8 f i libucrt:output.obj
 0001:00009f9c       ?process@?$output_processor@DV?$stream_output_adapter@D@__crt_stdio_output@@V?$standard_base@DV?$stream_output_adapter@D@__crt_stdio_output@@@2@@__crt_stdio_output@@QEAAHXZ 000000014000af9c f i libucrt:output.obj
 0001:0000a1b0       ?state_case_normal@?$output_processor@DV?$stream_output_adapter@D@__crt_stdio_output@@V?$standard_base@DV?$stream_output_adapter@D@__crt_stdio_output@@@2@@__crt_stdio_output@@AEAA_NXZ 000000014000b1b0 f i libucrt:output.obj
 0001:0000a220       ?state_case_normal_tchar@?$output_processor@DV?$stream_output_adapter@D@__crt_stdio_output@@V?$standard_base@DV?$stream_output_adapter@D@__crt_stdio_output@@@2@@__crt_stdio_output@@AEAA_ND@Z 000000014000b220 f i libucrt:output.obj
 0001:0000a2bc       ?state_case_size@?$output_processor@DV?$stream_output_adapter@D@__crt_stdio_output@@V?$standard_base@DV?$stream_output_adapter@D@__crt_stdio_output@@@2@@__crt_stdio_output@@AEAA_NXZ 000000014000b2bc f i libucrt:output.obj
 0001:0000a430       ?state_case_type@?$output_processor@DV?$stream_output_adapter@D@__crt_stdio_output@@V?$standard_base@DV?$stream_output_adapter@D@__crt_stdio_output@@@2@@__crt_stdio_output@@AEAA_NXZ 000000014000b430 f i libucrt:output.obj
 0001:0000a6c0       ?type_case_Z@?$output_processor@DV?$stream_output_adapter@D@__crt_stdio_output@@V?$standard_base@DV?$stream_output_adapter@D@__crt_stdio_output@@@2@@__crt_stdio_output@@AEAA_NXZ 000000014000b6c0 f i libucrt:output.obj
 0001:0000a738       ?type_case_a@?$output_processor@DV?$stream_output_adapter@D@__crt_stdio_output@@V?$standard_base@DV?$stream_output_adapter@D@__crt_stdio_output@@@2@@__crt_stdio_output@@AEAA_NXZ 000000014000b738 f i libucrt:output.obj
 0001:0000a8f4       ?type_case_c_tchar@?$output_processor@DV?$stream_output_adapter@D@__crt_stdio_output@@V?$standard_base@DV?$stream_output_adapter@D@__crt_stdio_output@@@2@@__crt_stdio_output@@AEAA_ND@Z 000000014000b8f4 f i libucrt:output.obj
 0001:0000a9b8       ?type_case_integer@?$output_processor@DV?$stream_output_adapter@D@__crt_stdio_output@@V?$standard_base@DV?$stream_output_adapter@D@__crt_stdio_output@@@2@@__crt_stdio_output@@AEAA_NI_N@Z 000000014000b9b8 f i libucrt:output.obj
 0001:0000ab80       ?type_case_n@?$output_processor@DV?$stream_output_adapter@D@__crt_stdio_output@@V?$standard_base@DV?$stream_output_adapter@D@__crt_stdio_output@@@2@@__crt_stdio_output@@AEAA_NXZ 000000014000bb80 f i libucrt:output.obj
 0001:0000ac5c       ?type_case_s@?$output_processor@DV?$stream_output_adapter@D@__crt_stdio_output@@V?$standard_base@DV?$stream_output_adapter@D@__crt_stdio_output@@@2@@__crt_stdio_output@@AEAA_NXZ 000000014000bc5c f i libucrt:output.obj
 0001:0000acf4       ?validate_stream_is_ansi_if_required@?$__acrt_stdio_char_traits@D@@SA_NQEAU_iobuf@@@Z 000000014000bcf4 f i libucrt:output.obj
 0001:0000ad88       ?write_stored_string_tchar@?$output_processor@DV?$stream_output_adapter@D@__crt_stdio_output@@V?$standard_base@DV?$stream_output_adapter@D@__crt_stdio_output@@@2@@__crt_stdio_output@@AEAA_ND@Z 000000014000bd88 f i libucrt:output.obj
 0001:0000aeac       ?write_string_impl@?$output_adapter_common@DV?$stream_output_adapter@D@__crt_stdio_output@@@__crt_stdio_output@@IEBAXQEBDHQEAHAEAV__crt_deferred_errno_cache@@@Z 000000014000beac f i libucrt:output.obj
 0001:0000afa4       __stdio_common_vfprintf    000000014000bfa4 f   libucrt:output.obj
 0001:0000b030       free                       000000014000c030 f   libucrt:free.obj
 0001:0000b044       __acrt_initialize_locks    000000014000c044 f   libucrt:locks.obj
 0001:0000b08c       __acrt_lock                000000014000c08c f   libucrt:locks.obj
 0001:0000b0a8       __acrt_uninitialize_locks  000000014000c0a8 f   libucrt:locks.obj
 0001:0000b0e0       __acrt_unlock              000000014000c0e0 f   libucrt:locks.obj
 0001:0000b0fc       _lock_locales              000000014000c0fc f   libucrt:locks.obj
 0001:0000b118       _unlock_locales            000000014000c118 f   libucrt:locks.obj
 0001:0000b128       terminate                  000000014000c128 f   libucrt:terminate.obj
 0001:0000b148       __acrt_errno_from_os_error 000000014000c148 f   libucrt:errno.obj
 0001:0000b190       __acrt_errno_map_os_error  000000014000c190 f   libucrt:errno.obj
 0001:0000b1e0       __doserrno                 000000014000c1e0 f   libucrt:errno.obj
 0001:0000b200       _errno                     000000014000c200 f   libucrt:errno.obj
 0001:0000b220       _fclose_nolock             000000014000c220 f   libucrt:fclose.obj
 0001:0000b2a4       fclose                     000000014000c2a4 f   libucrt:fclose.obj
 0001:0000b524       __acrt_stdio_flush_nolock  000000014000c524 f   libucrt:fflush.obj
 0001:0000b5a0       _fflush_nolock             000000014000c5a0 f   libucrt:fflush.obj
 0001:0000b5ec       _flushall                  000000014000c5ec f   libucrt:fflush.obj
 0001:0000b5f4       fflush                     000000014000c5f4 f   libucrt:fflush.obj
 0001:0000b65c       _fgetc_nolock              000000014000c65c f   libucrt:fgetc.obj
 0001:0000b6a0       fgetc                      000000014000c6a0 f   libucrt:fgetc.obj
 0001:0000b798       fgetpos                    000000014000c798 f   libucrt:fgetpos.obj
 0001:0000b7e4       _fputc_nolock              000000014000c7e4 f   libucrt:fputc.obj
 0001:0000b7fc       fputc                      000000014000c7fc f   libucrt:fputc.obj
 0001:0000b910       fsetpos                    000000014000c910 f   libucrt:fsetpos.obj
 0001:0000bb74       _fseeki64                  000000014000cb74 f   libucrt:fseek.obj
 0001:0000bc20       _fwrite_nolock             000000014000cc20 f   libucrt:fwrite.obj
 0001:0000bdc8       fwrite                     000000014000cdc8 f   libucrt:fwrite.obj
 0001:0000bf7c       setvbuf                    000000014000cf7c f   libucrt:setvbuf.obj
 0001:0000c018       _ungetc_nolock             000000014000d018 f   libucrt:ungetc.obj
 0001:0000c130       ungetc                     000000014000d130 f   libucrt:ungetc.obj
 0001:0000c188       malloc                     000000014000d188 f   libucrt:malloc.obj
 0001:0000c49c       setlocale                  000000014000d49c f   libucrt:setlocale.obj
 0001:0000c4e8       calloc                     000000014000d4e8 f   libucrt:calloc.obj
 0001:0000c4f0       __pctype_func              000000014000d4f0 f   libucrt:ctype.obj
 0001:0000c520       isdigit                    000000014000d520 f i libucrt:_ctype.obj
 0001:0000c598       islower                    000000014000d598 f i libucrt:_ctype.obj
 0001:0000c610       isupper                    000000014000d610 f i libucrt:_ctype.obj
 0001:0000c688       _wcsdup                    000000014000d688 f   libucrt:wcsdup.obj
 0001:0000c70c       ___lc_codepage_func        000000014000d70c f   libucrt:initctype.obj
 0001:0000c73c       ___lc_locale_name_func     000000014000d73c f   libucrt:initctype.obj
 0001:0000c770       __acrt_locale_initialize_ctype 000000014000d770 f   libucrt:initctype.obj
 0001:0000cdd0       ?divide@__crt_strtox@@YA_KAEAUbig_integer@1@AEBU21@@Z 000000014000ddd0 f i libucrt:strtod.obj
 0001:0000d2f0       pow                        000000014000e2f0 f   libucrt:pow.obj
 0001:0000e990       powf                       000000014000f990 f   libucrt:powf.obj
 0001:0000f858       __strncnt                  0000000140010858 f   libucrt:strncnt.obj
 0001:0000f8e8       _ismbblead                 00000001400108e8 f   libucrt:ismbbyte.obj
 0001:0000f94c       _tolower_l                 000000014001094c f   libucrt:tolower_toupper.obj
 0001:0000fa8c       tolower                    0000000140010a8c f   libucrt:tolower_toupper.obj
 0001:0000fab8       wcscpy_s                   0000000140010ab8 f   libucrt:wcscpy_s.obj
 0001:0000fb30       strnlen                    0000000140010b30 f   libucrt:strnlen.obj
 0001:0000fc80       wcsnlen                    0000000140010c80 f   libucrt:strnlen.obj
 0001:0000fe58       __acrt_initialize_new_handler 0000000140010e58 f   libucrt:new_handler.obj
 0001:0000fe60       _callnewh                  0000000140010e60 f   libucrt:new_handler.obj
 0001:0000fe90       _query_new_handler         0000000140010e90 f   libucrt:new_handler.obj
 0001:0000fec4       _seh_filter_exe            0000000140010ec4 f   libucrt:exception_filter.obj
 0001:000102bc       __acrt_initialize_thread_local_exit_callback 00000001400112bc f   libucrt:exit.obj
 0001:000102c4       _c_exit                    00000001400112c4 f   libucrt:exit.obj
 0001:000102d4       _cexit                     00000001400112d4 f   libucrt:exit.obj
 0001:000102e4       _exit                      00000001400112e4 f   libucrt:exit.obj
 0001:000102f0       _register_thread_local_exe_atexit_callback 00000001400112f0 f   libucrt:exit.obj
 0001:00010334       exit                       0000000140011334 f   libucrt:exit.obj
 0001:00010504       __acrt_allocate_buffer_for_argv 0000000140011504 f   libucrt:argv_parsing.obj
 0001:00010564       _configure_narrow_argv     0000000140011564 f   libucrt:argv_parsing.obj
 0001:000109b0       __dcrt_get_or_create_narrow_environment_nolock 00000001400119b0 f   libucrt:environment_initialization.obj
 0001:000109ec       __dcrt_uninitialize_environments_nolock 00000001400119ec f   libucrt:environment_initialization.obj
 0001:00010a24       _get_initial_narrow_environment 0000000140011a24 f   libucrt:environment_initialization.obj
 0001:00010a74       _initialize_narrow_environment 0000000140011a74 f   libucrt:environment_initialization.obj
 0001:00010e04       _crt_atexit                0000000140011e04 f   libucrt:onexit.obj
 0001:00010e14       _execute_onexit_table      0000000140011e14 f   libucrt:onexit.obj
 0001:00010e50       _initialize_onexit_table   0000000140011e50 f   libucrt:onexit.obj
 0001:00010e90       _register_onexit_function  0000000140011e90 f   libucrt:onexit.obj
 0001:00011018       __acrt_initialize          0000000140012018 f   libucrt:initialization.obj
 0001:0001102c       __acrt_uninitialize        000000014001202c f   libucrt:initialization.obj
 0001:00011064       _query_app_type            0000000140012064 f   libucrt:report_runtime_error.obj
 0001:0001106c       _set_app_type              000000014001206c f   libucrt:report_runtime_error.obj
 0001:00011074       __acrt_has_user_matherr    0000000140012074 f   libucrt:matherr.obj
 0001:00011094       __acrt_initialize_user_matherr 0000000140012094 f   libucrt:matherr.obj
 0001:0001109c       __acrt_invoke_user_matherr 000000014001209c f   libucrt:matherr.obj
 0001:000110cc       __setusermatherr           00000001400120cc f   libucrt:matherr.obj
 0001:000110f4       _initterm                  00000001400120f4 f   libucrt:initterm.obj
 0001:00011158       _initterm_e                0000000140012158 f   libucrt:initterm.obj
 0001:00011198       _set_fmode                 0000000140012198 f   libucrt:setmode.obj
 0001:000111d8       __acrt_initialize_command_line 00000001400121d8 f   libucrt:argv_data.obj
 0001:00011200       __p___argc                 0000000140012200 f   libucrt:argv_data.obj
 0001:00011208       __p___argv                 0000000140012208 f   libucrt:argv_data.obj
 0001:00011478       __acrt_copy_locale_name    0000000140012478 f   libucrt:wsetlocale.obj
 0001:000114fc       __acrt_set_locale_changed  00000001400124fc f   libucrt:wsetlocale.obj
 0001:00011508       __acrt_uninitialize_locale 0000000140012508 f   libucrt:wsetlocale.obj
 0001:00011538       __lc_lctowcs               0000000140012538 f   libucrt:wsetlocale.obj
 0001:000115dc       __lc_wcstolc               00000001400125dc f   libucrt:wsetlocale.obj
 0001:0001179c       _configthreadlocale        000000014001279c f   libucrt:wsetlocale.obj
 0001:000118c8       _expandlocale              00000001400128c8 f   libucrt:wsetlocale.obj
 0001:00011d50       _wcscats                   0000000140012d50 f   libucrt:wsetlocale.obj
 0001:00011db8       _wsetlocale                0000000140012db8 f   libucrt:wsetlocale.obj
 0001:00012624       _query_new_mode            0000000140013624 f   libucrt:new_mode.obj
 0001:0001262c       _set_new_mode              000000014001362c f   libucrt:new_mode.obj
 0001:00012658       __p__commode               0000000140013658 f   libucrt:ncommode.obj
 0001:00012660       strcpy_s                   0000000140013660 f   libucrt:strcpy_s.obj
 0001:000126d0       wcsncmp                    00000001400136d0 f   libucrt:wcsncmp.obj
 0001:000126fc       ??$parse_integer@KV?$c_string_character_source@D@__crt_strtox@@@__crt_strtox@@YAKQEAU__crt_locale_pointers@@V?$c_string_character_source@D@0@H_N@Z 00000001400136fc f i libucrt:atox.obj
 0001:00012a38       ??$parse_integer@KV?$c_string_character_source@_W@__crt_strtox@@@__crt_strtox@@YAKQEAU__crt_locale_pointers@@V?$c_string_character_source@_W@0@H_N@Z 0000000140013a38 f i libucrt:atox.obj
 0001:000130ec       _wtol                      00000001400140ec f   libucrt:atox.obj
 0001:00013130       strncmp                    0000000140014130 f   libucrt:strncmp.obj
 0001:000131f8       __acrt_get_sigabrt_handler 00000001400141f8 f   libucrt:signal.obj
 0001:00013228       __acrt_initialize_signal_handlers 0000000140014228 f   libucrt:signal.obj
 0001:00013248       raise                      0000000140014248 f   libucrt:signal.obj
 0001:000134c8       _calloc_base               00000001400144c8 f   libucrt:calloc_base.obj
 0001:00013540       _free_base                 0000000140014540 f   libucrt:free_base.obj
 0001:00013824       __acrt_AppPolicyGetProcessTerminationMethodInternal 0000000140014824 f   libucrt:winapi_thunks.obj
 0001:00013874       __acrt_CompareStringEx     0000000140014874 f   libucrt:winapi_thunks.obj
 0001:00013950       __acrt_EnumSystemLocalesEx 0000000140014950 f   libucrt:winapi_thunks.obj
 0001:000139e8       __acrt_FlsAlloc            00000001400149e8 f   libucrt:winapi_thunks.obj
 0001:00013a30       __acrt_FlsFree             0000000140014a30 f   libucrt:winapi_thunks.obj
 0001:00013a78       __acrt_FlsGetValue         0000000140014a78 f   libucrt:winapi_thunks.obj
 0001:00013ac0       __acrt_FlsSetValue         0000000140014ac0 f   libucrt:winapi_thunks.obj
 0001:00013b14       __acrt_GetLocaleInfoEx     0000000140014b14 f   libucrt:winapi_thunks.obj
 0001:00013b98       __acrt_GetUserDefaultLocaleName 0000000140014b98 f   libucrt:winapi_thunks.obj
 0001:00013bfc       __acrt_InitializeCriticalSectionEx 0000000140014bfc f   libucrt:winapi_thunks.obj
 0001:00013c60       __acrt_IsValidLocaleName   0000000140014c60 f   libucrt:winapi_thunks.obj
 0001:00013cb8       __acrt_LCIDToLocaleName    0000000140014cb8 f   libucrt:winapi_thunks.obj
 0001:00013d28       __acrt_LCMapStringEx       0000000140014d28 f   libucrt:winapi_thunks.obj
 0001:00013e04       __acrt_LocaleNameToLCID    0000000140014e04 f   libucrt:winapi_thunks.obj
 0001:00013e54       __acrt_can_use_vista_locale_apis 0000000140014e54 f   libucrt:winapi_thunks.obj
 0001:00013e84       __acrt_eagerly_load_locale_apis 0000000140014e84 f   libucrt:winapi_thunks.obj
 0001:00013fe0       __acrt_initialize_winapi_thunks 0000000140014fe0 f   libucrt:winapi_thunks.obj
 0001:00014028       __acrt_uninitialize_winapi_thunks 0000000140015028 f   libucrt:winapi_thunks.obj
 0001:0001406c       _fcloseall                 000000014001506c f   libucrt:closeall.obj
 0001:00014120       __acrt_stdio_free_buffer_nolock 0000000140015120 f   libucrt:_freebuf.obj
 0001:00014348       __acrt_initialize_lowio    0000000140015348 f   libucrt:ioinit.obj
 0001:00014384       __acrt_uninitialize_lowio  0000000140015384 f   libucrt:ioinit.obj
 0001:0001473c       __acrt_getptd              000000014001573c f   libucrt:per_thread_data.obj
 0001:00014800       __acrt_getptd_head         0000000140015800 f   libucrt:per_thread_data.obj
 0001:000148a8       __acrt_getptd_noexit       00000001400158a8 f   libucrt:per_thread_data.obj
 0001:00014960       __acrt_initialize_ptd      0000000140015960 f   libucrt:per_thread_data.obj
 0001:0001499c       __acrt_uninitialize_ptd    000000014001599c f   libucrt:per_thread_data.obj
 0001:000149c0       _malloc_base               00000001400159c0 f   libucrt:malloc_base.obj
 0001:00014a20       strtol                     0000000140015a20 f   libucrt:strtox.obj
 0001:00014a4c       _mbtowc_l                  0000000140015a4c f   libucrt:mbtowc.obj
 0001:00014bc8       mbtowc                     0000000140015bc8 f   libucrt:mbtowc.obj
 0001:00014bd0       _wctomb_s_l                0000000140015bd0 f   libucrt:wctomb.obj
 0001:00014d54       wctomb_s                   0000000140015d54 f   libucrt:wctomb.obj
 0001:00014d68       __acrt_update_locale_info  0000000140015d68 f   libucrt:locale_update.obj
 0001:00014d9c       __acrt_update_multibyte_info 0000000140015d9c f   libucrt:locale_update.obj
 0001:000157a0       __acrt_fp_format           00000001400167a0 f   libucrt:cvt.obj
 0001:00015a28       _fileno                    0000000140016a28 f   libucrt:fileno.obj
 0001:00015a50       _get_printf_count_output   0000000140016a50 f   libucrt:printf_count_output.obj
 0001:00015a68       __acrt_stdio_begin_temporary_buffering_nolock 0000000140016a68 f   libucrt:_sftbuf.obj
 0001:00015b38       __acrt_stdio_end_temporary_buffering_nolock 0000000140016b38 f   libucrt:_sftbuf.obj
 0001:00015be8       _close                     0000000140016be8 f   libucrt:close.obj
 0001:00015c8c       _close_nolock              0000000140016c8c f   libucrt:close.obj
 0001:00015d48       ?__acrt_stdio_free_stream@@YAXV__crt_stdio_stream@@@Z 0000000140016d48 f   libucrt:stream.obj
 0001:00015df0       _commit                    0000000140016df0 f   libucrt:commit.obj
 0001:0001642c       _write                     000000014001742c f   libucrt:write.obj
 0001:00016518       _write_nolock              0000000140017518 f   libucrt:write.obj
 0001:000167f8       __acrt_stdio_refill_and_read_narrow_nolock 00000001400177f8 f   libucrt:_filbuf.obj
 0001:00016e34       _ftelli64                  0000000140017e34 f   libucrt:ftell.obj
 0001:00016e3c       _ftelli64_nolock           0000000140017e3c f   libucrt:ftell.obj
 0001:00016f24       __acrt_stdio_flush_and_write_narrow_nolock 0000000140017f24 f   libucrt:_flsbuf.obj
 0001:00017198       _lseeki64                  0000000140018198 f   libucrt:lseek.obj
 0001:000171a0       _lseeki64_nolock           00000001400181a0 f   libucrt:lseek.obj
 0001:000171a8       __acrt_stdio_allocate_buffer_nolock 00000001400181a8 f   libucrt:_getbuf.obj
 0001:00017414       _mbstowcs_l                0000000140018414 f   libucrt:mbstowcs.obj
 0001:0001741c       _mbstowcs_s_l              000000014001841c f   libucrt:mbstowcs.obj
 0001:00017550       mbstowcs                   0000000140018550 f   libucrt:mbstowcs.obj
 0001:0001756c       mbstowcs_s                 000000014001856c f   libucrt:mbstowcs.obj
 0001:000178f4       _wcstombs_l                00000001400188f4 f   libucrt:wcstombs.obj
 0001:000178fc       _wcstombs_s_l              00000001400188fc f   libucrt:wcstombs.obj
 0001:000179e8       _isctype_l                 00000001400189e8 f   libucrt:isctype.obj
 0001:00017c78       __acrt_GetLocaleInfoA      0000000140018c78 f   libucrt:getlocaleinfoa.obj
 0001:00017e40       __acrt_GetStringTypeA      0000000140018e40 f   libucrt:getstringtypea.obj
 0001:000182e8       __acrt_LCMapStringA        00000001400192e8 f   libucrt:lcmapstringa.obj
 0001:00018380       _realloc_base              0000000140019380 f   libucrt:realloc_base.obj
 0001:000183fc       iswctype                   00000001400193fc f   libucrt:iswctype.obj
 0001:0001846c       _raise_exc                 000000014001946c f   libucrt:fpexcept.obj
 0001:00018494       _raise_exc_ex              0000000140019494 f   libucrt:fpexcept.obj
 0001:000187a4       _raise_excf                00000001400197a4 f   libucrt:fpexcept.obj
 0001:000187d0       _set_errno_from_matherr    00000001400197d0 f   libucrt:fpexcept.obj
 0001:00018800       _clrfp                     0000000140019800 f   libucrt:fpctrl.obj
 0001:00018820       _ctrlfp                    0000000140019820 f   libucrt:fpctrl.obj
 0001:0001889c       _set_statfp                000000014001989c f   libucrt:fpctrl.obj
 0001:000188bc       _statfp                    00000001400198bc f   libucrt:fpctrl.obj
 0001:000188d0       __acrt_initialize_fma3     00000001400198d0 f   libucrt:fma3_available.obj
 0001:00018940       _pow_special               0000000140019940 f   libucrt:pow_special.obj
 0001:00018a64       _powf_special              0000000140019a64 f   libucrt:pow_special.obj
 0001:00018bf0       __acrt_MultiByteToWideChar 0000000140019bf0 f   libucrt:multibytetowidechar.obj
 0001:00018c4c       __acrt_WideCharToMultiByte 0000000140019c4c f   libucrt:widechartomultibyte.obj
 0001:00018ce4       _wcsicmp                   0000000140019ce4 f   libucrt:wcsicmp.obj
 0001:00018d7c       _wcsicmp_l                 0000000140019d7c f   libucrt:wcsicmp.obj
 0001:00018e7c       __acrt_initialize_timeset  0000000140019e7c f   libucrt:timeset.obj
 0001:00018ec0       _isleadbyte_l              0000000140019ec0 f i libucrt:_wctype.obj
 0001:00018f00       __acrt_get_process_end_policy 0000000140019f00 f   libucrt:win_policies.obj
 0001:000194a4       __acrt_expand_narrow_argv_wildcards 000000014001a4a4 f   libucrt:argv_wildcards.obj
 0001:000194ac       __acrt_GetModuleFileNameA  000000014001a4ac f   libucrt:getmodulefilenamea.obj
 0001:00019c54       __acrt_initialize_multibyte 000000014001ac54 f   libucrt:mbctype.obj
 0001:00019cb4       __acrt_update_thread_multibyte_data 000000014001acb4 f   libucrt:mbctype.obj
 0001:00019cd0       _setmbcp_nolock            000000014001acd0 f   libucrt:mbctype.obj
 0001:00019f88       __dcrt_get_narrow_environment_from_os 000000014001af88 f   libucrt:get_environment_from_os.obj
 0001:0001a498       __dcrt_set_variable_in_narrow_environment_nolock 000000014001b498 f   libucrt:setenv.obj
 0001:0001a4a0       _recalloc                  000000014001b4a0 f   libucrt:recalloc.obj
 0001:0001a4a8       _recalloc_base             000000014001b4a8 f   libucrt:recalloc.obj
 0001:0001a540       __acrt_initialize_heap     000000014001b540 f   libucrt:heap_handle.obj
 0001:0001a55c       __acrt_uninitialize_heap   000000014001b55c f   libucrt:heap_handle.obj
 0001:0001a568       __acrt_execute_initializers 000000014001b568 f   libucrt:shared_initialization.obj
 0001:0001a5e8       __acrt_execute_uninitializers 000000014001b5e8 f   libucrt:shared_initialization.obj
 0001:0001a624       wcscat_s                   000000014001b624 f   libucrt:wcscat_s.obj
 0001:0001a6b0       wcsncpy_s                  000000014001b6b0 f   libucrt:wcsncpy_s.obj
 0001:0001a7a4       __acrt_lowio_create_handle_array 000000014001b7a4 f   libucrt:osfinfo.obj
 0001:0001a83c       __acrt_lowio_destroy_handle_array 000000014001b83c f   libucrt:osfinfo.obj
 0001:0001a88c       __acrt_lowio_ensure_fh_exists 000000014001b88c f   libucrt:osfinfo.obj
 0001:0001a934       __acrt_lowio_lock_fh       000000014001b934 f   libucrt:osfinfo.obj
 0001:0001a958       __acrt_lowio_unlock_fh     000000014001b958 f   libucrt:osfinfo.obj
 0001:0001a97c       _free_osfhnd               000000014001b97c f   libucrt:osfinfo.obj
 0001:0001aa38       _get_osfhandle             000000014001ba38 f   libucrt:osfinfo.obj
 0001:0001aab0       __acrt_locale_free_monetary 000000014001bab0 f   libucrt:initmon.obj
 0001:0001abbc       __acrt_locale_initialize_monetary 000000014001bbbc f   libucrt:initmon.obj
 0001:0001b0f0       __acrt_locale_free_numeric 000000014001c0f0 f   libucrt:initnum.obj
 0001:0001b15c       __acrt_locale_initialize_numeric 000000014001c15c f   libucrt:initnum.obj
 0001:0001b7d8       __acrt_locale_free_time    000000014001c7d8 f   libucrt:inittime.obj
 0001:0001b8e0       __acrt_locale_initialize_time 000000014001c8e0 f   libucrt:inittime.obj
 0001:0001b97c       wcscspn                    000000014001c97c f   libucrt:wcscspn.obj
 0001:0001b9bc       wcspbrk                    000000014001c9bc f   libucrt:wcspbrk.obj
 0001:0001b9f0       __acrt_add_locale_ref      000000014001c9f0 f   libucrt:locale_refcounting.obj
 0001:0001ba7c       __acrt_free_locale         000000014001ca7c f   libucrt:locale_refcounting.obj
 0001:0001bbf4       __acrt_locale_add_lc_time_reference 000000014001cbf4 f   libucrt:locale_refcounting.obj
 0001:0001bc1c       __acrt_locale_free_lc_time_if_unreferenced 000000014001cc1c f   libucrt:locale_refcounting.obj
 0001:0001bc54       __acrt_locale_release_lc_time_reference 000000014001cc54 f   libucrt:locale_refcounting.obj
 0001:0001bc7c       __acrt_release_locale_ref  000000014001cc7c f   libucrt:locale_refcounting.obj
 0001:0001bd24       __acrt_update_thread_locale_data 000000014001cd24 f   libucrt:locale_refcounting.obj
 0001:0001bd94       _updatetlocinfoEx_nolock   000000014001cd94 f   libucrt:locale_refcounting.obj
 0001:0001c688       __acrt_get_qualified_locale 000000014001d688 f   libucrt:get_qualified_locale.obj
 0001:0001d0cc       __acrt_get_qualified_locale_downlevel 000000014001e0cc f   libucrt:getqloc_downlevel.obj
 0001:0001d434       __acrt_DownlevelLCIDToLocaleName 000000014001e434 f   libucrt:lcidtoname_downlevel.obj
 0001:0001d51c       __acrt_DownlevelLocaleNameToLCID 000000014001e51c f   libucrt:lcidtoname_downlevel.obj
 0001:0001d550       ?__mbrtowc_utf8@__crt_mbstring@@YA_KPEA_WPEBD_KPEAU_Mbstatet@@@Z 000000014001e550 f   libucrt:mbrtowc.obj
 0001:0001d58c       ?__mbsrtowcs_utf8@__crt_mbstring@@YA_KPEA_WPEAPEBD_KPEAU_Mbstatet@@@Z 000000014001e58c f   libucrt:mbrtowc.obj
 0001:0001d704       __acrt_fp_strflt_to_string 000000014001e704 f   libucrt:_fptostr.obj
 0001:0001d7e8       __acrt_fltout              000000014001e7e8 f   libucrt:cfout.obj
 0001:0001eac0       _isatty                    000000014001fac0 f   libucrt:isatty.obj
 0001:0001eb20       _putwch_nolock             000000014001fb20 f   libucrt:putwch.obj
 0001:0001f13c       _read                      000000014002013c f   libucrt:read.obj
 0001:0001f258       _read_nolock               0000000140020258 f   libucrt:read.obj
 0001:0001f6b4       ?__wcsrtombs_utf8@__crt_mbstring@@YA_KPEADPEAPEB_W_KPEAU_Mbstatet@@@Z 00000001400206b4 f   libucrt:wcrtomb.obj
 0001:0001f7d0       strncpy_s                  00000001400207d0 f   libucrt:strncpy_s.obj
 0001:0001f8b8       __acrt_GetStringTypeW      00000001400208b8 f   libucrt:getstringtypew.obj
 0001:0001f8c0       __acrt_fenv_get_control    00000001400208c0 f   libucrt:_fenvutils.obj
 0001:0001f9c0       __acrt_fenv_get_status     00000001400209c0 f   libucrt:_fenvutils.obj
 0001:0001fa18       __acrt_fenv_set_control    0000000140020a18 f   libucrt:_fenvutils.obj
 0001:0001fb60       __acrt_fenv_set_status     0000000140020b60 f   libucrt:_fenvutils.obj
 0001:0001fc00       _get_fpsr                  0000000140020c00 f   libucrt:fpsr.obj
 0001:0001fc10       _set_fpsr                  0000000140020c10 f   libucrt:fpsr.obj
 0001:0001fc1a       _fclrf                     0000000140020c1a f   libucrt:fpsr.obj
 0001:0001fc2e       _frnd                      0000000140020c2e f   libucrt:fpsr.obj
 0001:0001fd74       _handle_error              0000000140020d74 f   libucrt:libm_error.obj
 0001:0001fe9c       _handle_errorf             0000000140020e9c f   libucrt:libm_error.obj
 0001:0001ffd0       _handle_nan                0000000140020fd0 f   libucrt:libm_error.obj
 0001:0001ffec       _handle_nanf               0000000140020fec f   libucrt:libm_error.obj
 0001:0001fffc       _towlower_l                0000000140020ffc f   libucrt:towlower.obj
 0001:000200c0       qsort                      00000001400210c0 f   libucrt:qsort.obj
 0001:00020510       strpbrk                    0000000140021510 f   libucrt:strpbrk.obj
 0001:000208f0       ??$__acrt_convert_wcs_mbs@D_W$$A6A_KPEA_WPEBD_KPEAU__crt_locale_pointers@@@ZU__crt_win32_buffer_internal_dynamic_resizing@@@@YAHQEBDAEAV?$__crt_win32_buffer@_WU__crt_win32_buffer_internal_dynamic_resizing@@@@A6A_KPEA_WPEBD_KPEAU__crt_locale_pointers@@@Z5@Z 00000001400218f0 f i libucrt:findfirstfileexa.obj
 0001:000209f8       __acrt_FindFirstFileExA    00000001400219f8 f   libucrt:findfirstfileexa.obj
 0001:00020a9c       ??$__acrt_convert_wcs_mbs@_WD$$A6A_KPEADPEB_W_KPEAU__crt_locale_pointers@@@ZU__crt_win32_buffer_no_resizing@@@@YAHQEB_WAEAV?$__crt_win32_buffer@DU__crt_win32_buffer_no_resizing@@@@A6A_KPEADPEB_W_KPEAU__crt_locale_pointers@@@Z5@Z 0000000140021a9c f i libucrt:findnextfilea.obj
 0001:00020b68       __acrt_FindNextFileA       0000000140021b68 f   libucrt:findnextfilea.obj
 0001:00020c9c       _mbsdec                    0000000140021c9c f   libucrt:mbsdec.obj
 0001:00020ca4       _mbsdec_l                  0000000140021ca4 f   libucrt:mbsdec.obj
 0001:00020d50       _strnicoll                 0000000140021d50 f   libucrt:strnicol.obj
 0001:00020d68       _strnicoll_l               0000000140021d68 f   libucrt:strnicol.obj
 0001:00020e68       __acrt_SetEnvironmentVariableA 0000000140021e68 f   libucrt:setenvironmentvariablea.obj
 0001:00020f68       _msize                     0000000140021f68 f   libucrt:msize.obj
 0001:00020f70       _msize_base                0000000140021f70 f   libucrt:msize.obj
 0001:000210dc       _itow_s                    00000001400220dc f   libucrt:xtoa.obj
 0001:000210fc       _wcsnicmp                  00000001400220fc f   libucrt:wcsnicmp.obj
 0001:000211a8       _wcsnicmp_l                00000001400221a8 f   libucrt:wcsnicmp.obj
 0001:000212d0       wcscmp                     00000001400222d0 f   libucrt:wcscmp.obj
 0001:00021308       ?__mbrtoc32_utf8@__crt_mbstring@@YA_KPEA_UPEBD_KPEAU_Mbstatet@@@Z 0000000140022308 f   libucrt:mbrtoc32.obj
 0001:000214e4       fegetenv                   00000001400224e4 f   libucrt:fegetenv.obj
 0001:00021504       fesetenv                   0000000140022504 f   libucrt:fesetenv.obj
 0001:00021554       feholdexcept               0000000140022554 f   libucrt:feholdexcept.obj
 0001:000215a4       ceil                       00000001400225a4 f   libucrt:ceil.obj
 0001:00021670       log10                      0000000140022670 f   libucrt:log10.obj
 0001:00021c1c       __dcrt_lowio_ensure_console_output_initialized 0000000140022c1c f   libucrt:initcon.obj
 0001:00021c70       __dcrt_terminate_console_output 0000000140022c70 f   libucrt:initcon.obj
 0001:00021c8c       __dcrt_write_console       0000000140022c8c f   libucrt:initcon.obj
 0001:00021d4c       ?__c16rtomb_utf8@__crt_mbstring@@YA_KPEAD_SPEAU_Mbstatet@@@Z 0000000140022d4c f   libucrt:c16rtomb.obj
 0001:00021df4       __acrt_LCMapStringW        0000000140022df4 f   libucrt:lcmapstringw.obj
 0001:00021e7c       __ascii_strnicmp           0000000140022e7c f   libucrt:strnicmp.obj
 0001:00021ed8       _strnicmp                  0000000140022ed8 f   libucrt:strnicmp.obj
 0001:00021f28       _strnicmp_l                0000000140022f28 f   libucrt:strnicmp.obj
 0001:00022350       __acrt_CompareStringA      0000000140023350 f   libucrt:comparestringa.obj
 0001:000223dc       _clearfp                   00000001400233dc f   libucrt:ieee.obj
 0001:00022450       _log10_special             0000000140023450 f   libucrt:log_special.obj
 0001:00022508       ?__c32rtomb_utf8@__crt_mbstring@@YA_KPEAD_UPEAU_Mbstatet@@@Z 0000000140023508 f   libucrt:c32rtomb.obj
 0001:000225c0       c32rtomb                   00000001400235c0 f   libucrt:c32rtomb.obj
 0001:000225c5       IsProcessorFeaturePresent  00000001400235c5 f   kernel32:KERNEL32.dll
 0001:000225cb       RtlUnwindEx                00000001400235cb f   kernel32:KERNEL32.dll
 0001:000225e0       _FindPESection             00000001400235e0 f   LIBCMT:pesect.obj
 0001:00022630       _IsNonwritableInCurrentImage 0000000140023630 f   LIBCMT:pesect.obj
 0001:00022680       _ValidateImageBase         0000000140023680 f   LIBCMT:pesect.obj
 0001:000226b0       strrchr                    00000001400236b0 f   libvcruntime:strrchr.obj
 0001:000227fc       strchr                     00000001400237fc f   libvcruntime:strchr.obj
 0001:00022888       wcschr                     0000000140023888 f   libvcruntime:wcschr.obj
 0001:00022930       _guard_dispatch_icall_nop  0000000140023930 f   LIBCMT:_guard_dispatch_.obj
 0002:00000000       __imp_ReadFile             0000000140024000     kernel32:KERNEL32.dll
 0002:00000008       __imp_WriteFile            0000000140024008     kernel32:KERNEL32.dll
 0002:00000010       __imp_PurgeComm            0000000140024010     kernel32:KERNEL32.dll
 0002:00000018       __imp_Sleep                0000000140024018     kernel32:KERNEL32.dll
 0002:00000020       __imp_GetLastError         0000000140024020     kernel32:KERNEL32.dll
 0002:00000028       __imp_CreateFileA          0000000140024028     kernel32:KERNEL32.dll
 0002:00000030       __imp_GetCommState         0000000140024030     kernel32:KERNEL32.dll
 0002:00000038       __imp_CloseHandle          0000000140024038     kernel32:KERNEL32.dll
 0002:00000040       __imp_ClearCommError       0000000140024040     kernel32:KERNEL32.dll
 0002:00000048       __imp_SetCommState         0000000140024048     kernel32:KERNEL32.dll
 0002:00000050       __imp_CreateFileW          0000000140024050     kernel32:KERNEL32.dll
 0002:00000058       __imp_WideCharToMultiByte  0000000140024058     kernel32:KERNEL32.dll
 0002:00000060       __imp_EnterCriticalSection 0000000140024060     kernel32:KERNEL32.dll
 0002:00000068       __imp_LeaveCriticalSection 0000000140024068     kernel32:KERNEL32.dll
 0002:00000070       __imp_DeleteCriticalSection 0000000140024070     kernel32:KERNEL32.dll
 0002:00000078       __imp_SetLastError         0000000140024078     kernel32:KERNEL32.dll
 0002:00000080       __imp_InitializeCriticalSectionAndSpinCount 0000000140024080     kernel32:KERNEL32.dll
 0002:00000088       __imp_SwitchToThread       0000000140024088     kernel32:KERNEL32.dll
 0002:00000090       __imp_TlsAlloc             0000000140024090     kernel32:KERNEL32.dll
 0002:00000098       __imp_TlsGetValue          0000000140024098     kernel32:KERNEL32.dll
 0002:000000a0       __imp_TlsSetValue          00000001400240a0     kernel32:KERNEL32.dll
 0002:000000a8       __imp_TlsFree              00000001400240a8     kernel32:KERNEL32.dll
 0002:000000b0       __imp_GetSystemTimeAsFileTime 00000001400240b0     kernel32:KERNEL32.dll
 0002:000000b8       __imp_GetModuleHandleW     00000001400240b8     kernel32:KERNEL32.dll
 0002:000000c0       __imp_GetProcAddress       00000001400240c0     kernel32:KERNEL32.dll
 0002:000000c8       __imp_EncodePointer        00000001400240c8     kernel32:KERNEL32.dll
 0002:000000d0       __imp_DecodePointer        00000001400240d0     kernel32:KERNEL32.dll
 0002:000000d8       __imp_MultiByteToWideChar  00000001400240d8     kernel32:KERNEL32.dll
 0002:000000e0       __imp_CompareStringW       00000001400240e0     kernel32:KERNEL32.dll
 0002:000000e8       __imp_LCMapStringW         00000001400240e8     kernel32:KERNEL32.dll
 0002:000000f0       __imp_GetLocaleInfoW       00000001400240f0     kernel32:KERNEL32.dll
 0002:000000f8       __imp_GetStringTypeW       00000001400240f8     kernel32:KERNEL32.dll
 0002:00000100       __imp_GetCPInfo            0000000140024100     kernel32:KERNEL32.dll
 0002:00000108       __imp_RtlCaptureContext    0000000140024108     kernel32:KERNEL32.dll
 0002:00000110       __imp_RtlLookupFunctionEntry 0000000140024110     kernel32:KERNEL32.dll
 0002:00000118       __imp_RtlVirtualUnwind     0000000140024118     kernel32:KERNEL32.dll
 0002:00000120       __imp_UnhandledExceptionFilter 0000000140024120     kernel32:KERNEL32.dll
 0002:00000128       __imp_SetUnhandledExceptionFilter 0000000140024128     kernel32:KERNEL32.dll
 0002:00000130       __imp_GetCurrentProcess    0000000140024130     kernel32:KERNEL32.dll
 0002:00000138       __imp_TerminateProcess     0000000140024138     kernel32:KERNEL32.dll
 0002:00000140       __imp_IsProcessorFeaturePresent 0000000140024140     kernel32:KERNEL32.dll
 0002:00000148       __imp_IsDebuggerPresent    0000000140024148     kernel32:KERNEL32.dll
 0002:00000150       __imp_GetStartupInfoW      0000000140024150     kernel32:KERNEL32.dll
 0002:00000158       __imp_QueryPerformanceCounter 0000000140024158     kernel32:KERNEL32.dll
 0002:00000160       __imp_GetCurrentProcessId  0000000140024160     kernel32:KERNEL32.dll
 0002:00000168       __imp_GetCurrentThreadId   0000000140024168     kernel32:KERNEL32.dll
 0002:00000170       __imp_InitializeSListHead  0000000140024170     kernel32:KERNEL32.dll
 0002:00000178       __imp_RtlPcToFileHeader    0000000140024178     kernel32:KERNEL32.dll
 0002:00000180       __imp_RaiseException       0000000140024180     kernel32:KERNEL32.dll
 0002:00000188       __imp_RtlUnwindEx          0000000140024188     kernel32:KERNEL32.dll
 0002:00000190       __imp_FreeLibrary          0000000140024190     kernel32:KERNEL32.dll
 0002:00000198       __imp_LoadLibraryExW       0000000140024198     kernel32:KERNEL32.dll
 0002:000001a0       __imp_ExitProcess          00000001400241a0     kernel32:KERNEL32.dll
 0002:000001a8       __imp_GetModuleHandleExW   00000001400241a8     kernel32:KERNEL32.dll
 0002:000001b0       __imp_GetModuleFileNameW   00000001400241b0     kernel32:KERNEL32.dll
 0002:000001b8       __imp_GetStdHandle         00000001400241b8     kernel32:KERNEL32.dll
 0002:000001c0       __imp_GetCommandLineA      00000001400241c0     kernel32:KERNEL32.dll
 0002:000001c8       __imp_GetCommandLineW      00000001400241c8     kernel32:KERNEL32.dll
 0002:000001d0       __imp_HeapAlloc            00000001400241d0     kernel32:KERNEL32.dll
 0002:000001d8       __imp_HeapFree             00000001400241d8     kernel32:KERNEL32.dll
 0002:000001e0       __imp_IsValidLocale        00000001400241e0     kernel32:KERNEL32.dll
 0002:000001e8       __imp_GetUserDefaultLCID   00000001400241e8     kernel32:KERNEL32.dll
 0002:000001f0       __imp_EnumSystemLocalesW   00000001400241f0     kernel32:KERNEL32.dll
 0002:000001f8       __imp_GetFileType          00000001400241f8     kernel32:KERNEL32.dll
 0002:00000200       __imp_FlushFileBuffers     0000000140024200     kernel32:KERNEL32.dll
 0002:00000208       __imp_GetConsoleCP         0000000140024208     kernel32:KERNEL32.dll
 0002:00000210       __imp_GetConsoleMode       0000000140024210     kernel32:KERNEL32.dll
 0002:00000218       __imp_SetFilePointerEx     0000000140024218     kernel32:KERNEL32.dll
 0002:00000220       __imp_HeapReAlloc          0000000140024220     kernel32:KERNEL32.dll
 0002:00000228       __imp_FindClose            0000000140024228     kernel32:KERNEL32.dll
 0002:00000230       __imp_FindFirstFileExW     0000000140024230     kernel32:KERNEL32.dll
 0002:00000238       __imp_FindNextFileW        0000000140024238     kernel32:KERNEL32.dll
 0002:00000240       __imp_IsValidCodePage      0000000140024240     kernel32:KERNEL32.dll
 0002:00000248       __imp_GetACP               0000000140024248     kernel32:KERNEL32.dll
 0002:00000250       __imp_GetOEMCP             0000000140024250     kernel32:KERNEL32.dll
 0002:00000258       __imp_GetEnvironmentStringsW 0000000140024258     kernel32:KERNEL32.dll
 0002:00000260       __imp_FreeEnvironmentStringsW 0000000140024260     kernel32:KERNEL32.dll
 0002:00000268       __imp_SetEnvironmentVariableW 0000000140024268     kernel32:KERNEL32.dll
 0002:00000270       __imp_GetProcessHeap       0000000140024270     kernel32:KERNEL32.dll
 0002:00000278       __imp_SetStdHandle         0000000140024278     kernel32:KERNEL32.dll
 0002:00000280       __imp_ReadConsoleW         0000000140024280     kernel32:KERNEL32.dll
 0002:00000288       __imp_HeapSize             0000000140024288     kernel32:KERNEL32.dll
 0002:00000290       __imp_WriteConsoleW        0000000140024290     kernel32:KERNEL32.dll
 0002:00000298       \177KERNEL32_NULL_THUNK_DATA 0000000140024298     kernel32:KERNEL32.dll
[...]
 0004:000019e0       $pdata$TestDefaultLanguage 000000014003c9e0     libucrt:getqloc_downlevel.obj
 0004:000019ec       $pdata$TranslateName       000000014003c9ec     libucrt:getqloc_downlevel.obj
 0004:000019f8       $pdata$__acrt_get_qualified_locale_downlevel 000000014003c9f8     libucrt:getqloc_downlevel.obj
 0004:00001a04       $pdata$?GetTableIndexFromLocaleName@@YAHPEB_W@Z 000000014003ca04     libucrt:lcidtoname_downlevel.obj
 0004:00001a10       $pdata$__acrt_DownlevelLCIDToLocaleName 000000014003ca10     libucrt:lcidtoname_downlevel.obj
 0004:00001a1c       $pdata$__acrt_DownlevelLocaleNameToLCID 000000014003ca1c     libucrt:lcidtoname_downlevel.obj
 0004:00001a28       $pdata$?__mbrtowc_utf8@__crt_mbstring@@YA_KPEA_WPEBD_KPEAU_Mbstatet@@@Z 000000014003ca28     libucrt:mbrtowc.obj
 0004:00001a34       $pdata$?__mbsrtowcs_utf8@__crt_mbstring@@YA_KPEA_WPEAPEBD_KPEAU_Mbstatet@@@Z 000000014003ca34     libucrt:mbrtowc.obj
 0004:00001a40       $pdata$__acrt_fp_strflt_to_string 000000014003ca40     libucrt:_fptostr.obj
 0004:00001a4c       $pdata$__acrt_fltout       000000014003ca4c     libucrt:cfout.obj
 0004:00001a58       $pdata$_isatty             000000014003ca58     libucrt:isatty.obj
 0004:00001a64       $pdata$_putwch_nolock      000000014003ca64     libucrt:putwch.obj
 0004:00001a70       $pdata$??$translate_text_mode_nolock@D@@YAHHQEAD_K@Z 000000014003ca70     libucrt:read.obj
 0004:00001a7c       $pdata$??$translate_text_mode_nolock@_W@@YAHHQEA_W_K@Z 000000014003ca7c     libucrt:read.obj
 0004:00001a88       $pdata$?translate_ansi_or_utf8_nolock@@YAHHQEAD_KQEA_W1@Z 000000014003ca88     libucrt:read.obj
 0004:00001a94       $pdata$_read               000000014003ca94     libucrt:read.obj
 0004:00001aa0       $pdata$_read_nolock        000000014003caa0     libucrt:read.obj
 0004:00001aac       $pdata$?__wcsrtombs_utf8@__crt_mbstring@@YA_KPEADPEAPEB_W_KPEAU_Mbstatet@@@Z 000000014003caac     libucrt:wcrtomb.obj
 0004:00001ab8       $pdata$strncpy_s           000000014003cab8     libucrt:strncpy_s.obj
 0004:00001ac4       $pdata$__acrt_fenv_set_control 000000014003cac4     libucrt:_fenvutils.obj
 0004:00001adc       $pdata$_call_matherr       000000014003cadc     libucrt:libm_error.obj
 0004:00001ae8       $pdata$_exception_enabled  000000014003cae8     libucrt:libm_error.obj
 0004:00001af4       $pdata$_handle_error       000000014003caf4     libucrt:libm_error.obj
 0004:00001b00       $pdata$_handle_errorf      000000014003cb00     libucrt:libm_error.obj
 0004:00001b0c       $pdata$_towlower_l         000000014003cb0c     libucrt:towlower.obj
 0004:00001b18       $pdata$qsort               000000014003cb18     libucrt:qsort.obj
 0004:00001b24       $pdata$4$qsort             000000014003cb24     libucrt:qsort.obj
 0004:00001b30       $pdata$5$qsort             000000014003cb30     libucrt:qsort.obj
 0004:00001b3c       $pdata$fallbackMethod      000000014003cb3c     libucrt:strpbrk.obj
 0004:00001b48       $pdata$strpbrk             000000014003cb48     libucrt:strpbrk.obj
 0004:00001b54       $pdata$??$__acrt_convert_wcs_mbs@D_W$$A6A_KPEA_WPEBD_KPEAU__crt_locale_pointers@@@ZU__crt_win32_buffer_internal_dynamic_resizing@@@@YAHQEBDAEAV?$__crt_win32_buffer@_WU__crt_win32_buffer_internal_dynamic_resizing@@@@A6A_KPEA_WPEBD_KPEAU__crt_locale_pointers@@@Z5@Z 000000014003cb54     libucrt:findfirstfileexa.obj
 0004:00001b60       $pdata$__acrt_FindFirstFileExA 000000014003cb60     libucrt:findfirstfileexa.obj
 0004:00001b6c       $pdata$??$__acrt_convert_wcs_mbs@_WD$$A6A_KPEADPEB_W_KPEAU__crt_locale_pointers@@@ZU__crt_win32_buffer_no_resizing@@@@YAHQEB_WAEAV?$__crt_win32_buffer@DU__crt_win32_buffer_no_resizing@@@@A6A_KPEADPEB_W_KPEAU__crt_locale_pointers@@@Z5@Z 000000014003cb6c     libucrt:findnextfilea.obj
 0004:00001b78       $pdata$__acrt_FindNextFileA 000000014003cb78     libucrt:findnextfilea.obj
 0004:00001b84       $pdata$_mbsdec_l           000000014003cb84     libucrt:mbsdec.obj
 0004:00001b90       $pdata$?initialize_multibyte@@YAHXZ 000000014003cb90     libucrt:multibyte_initializer.obj
 0004:00001b9c       $pdata$_strnicoll_l        000000014003cb9c     libucrt:strnicol.obj
 0004:00001ba8       $pdata$__acrt_SetEnvironmentVariableA 000000014003cba8     libucrt:setenvironmentvariablea.obj
 0004:00001bb4       $pdata$_msize_base         000000014003cbb4     libucrt:msize.obj
 0004:00001bc0       $pdata$??$common_xtox@K_W@@YAHKQEA_W_KI_N@Z 000000014003cbc0     libucrt:xtoa.obj
 0004:00001bcc       $pdata$??$common_xtox_s@K_W@@YAHKQEA_W_KI_N@Z 000000014003cbcc     libucrt:xtoa.obj
 0004:00001bd8       $pdata$_itow_s             000000014003cbd8     libucrt:xtoa.obj
 0004:00001be4       $pdata$_wcsnicmp           000000014003cbe4     libucrt:wcsnicmp.obj
 0004:00001bf0       $pdata$_wcsnicmp_l         000000014003cbf0     libucrt:wcsnicmp.obj
 0004:00001bfc       $pdata$?__mbrtoc32_utf8@__crt_mbstring@@YA_KPEA_UPEBD_KPEAU_Mbstatet@@@Z 000000014003cbfc     libucrt:mbrtoc32.obj
 0004:00001c08       $pdata$fegetenv            000000014003cc08     libucrt:fegetenv.obj
 0004:00001c14       $pdata$fesetenv            000000014003cc14     libucrt:fesetenv.obj
 0004:00001c20       $pdata$feholdexcept        000000014003cc20     libucrt:feholdexcept.obj
 0004:00001c38       $pdata$__dcrt_lowio_ensure_console_output_initialized 000000014003cc38     libucrt:initcon.obj
 0004:00001c44       $pdata$__dcrt_terminate_console_output 000000014003cc44     libucrt:initcon.obj
 0004:00001c50       $pdata$__dcrt_write_console 000000014003cc50     libucrt:initcon.obj
 0004:00001c5c       $pdata$?__c16rtomb_utf8@__crt_mbstring@@YA_KPEAD_SPEAU_Mbstatet@@@Z 000000014003cc5c     libucrt:c16rtomb.obj
 0004:00001c68       $pdata$__acrt_LCMapStringW 000000014003cc68     libucrt:lcmapstringw.obj
 0004:00001c74       $pdata$__ascii_strnicmp    000000014003cc74     libucrt:strnicmp.obj
 0004:00001c80       $pdata$_strnicmp           000000014003cc80     libucrt:strnicmp.obj
 0004:00001c8c       $pdata$_strnicmp_l         000000014003cc8c     libucrt:strnicmp.obj
 0004:00001c98       $pdata$?InternalCompareStringA@@YAHPEAU__crt_locale_pointers@@PEB_WKPEBDH2HH@Z 000000014003cc98     libucrt:comparestringa.obj
 0004:00001ca4       $pdata$__acrt_CompareStringA 000000014003cca4     libucrt:comparestringa.obj
 0004:00001cb0       $pdata$_clearfp            000000014003ccb0     libucrt:ieee.obj
 0004:00001cbc       $pdata$_log10_special      000000014003ccbc     libucrt:log_special.obj
 0004:00001cc8       $pdata$_log_special_common 000000014003ccc8     libucrt:log_special.obj
 0004:00001cd4       $pdata$?__c32rtomb_utf8@__crt_mbstring@@YA_KPEAD_UPEAU_Mbstatet@@@Z 000000014003ccd4     libucrt:c32rtomb.obj
 0004:00001ce0       $pdata$_IsNonwritableInCurrentImage 000000014003cce0     LIBCMT:pesect.obj
 0004:00001cec       $pdata$strrchr             000000014003ccec     libvcruntime:strrchr.obj
 0004:00001cf8       $pdata$strchr              000000014003ccf8     libvcruntime:strchr.obj
 0004:00001d04       $pdata$wcschr              000000014003cd04     libvcruntime:wcschr.obj
 0004:00001d1c       $pdata$?dtor$0@?0???0?$basic_ostream@DU?$char_traits@D@std@@@std@@QEAA@PEAV?$basic_streambuf@DU?$char_traits@D@std@@@1@_N@Z@4HA 000000014003cd1c     libcpmt:cout.obj
 0004:00001d28       $pdata$?dtor$0@?0??_Getcat@?$codecvt@DDU_Mbstatet@@@std@@SA_KPEAPEBVfacet@locale@2@PEBV42@@Z@4HA 000000014003cd28     libcpmt:cout.obj
 0004:00001d34       $pdata$?dtor$0@?0???0?$basic_istream@DU?$char_traits@D@std@@@std@@QEAA@PEAV?$basic_streambuf@DU?$char_traits@D@std@@@1@_N@Z@4HA 000000014003cd34     libcpmt:cin.obj
 0004:00001d40       $pdata$__scrt_is_nonwritable_in_current_image$filt$0 000000014003cd40     LIBCMT:utility.obj
 0004:00001d4c       $pdata$?filt$0@?0??__scrt_common_main_seh@@YAHXZ@4HA 000000014003cd4c     LIBCMT:exe_main.obj
 0004:00001d58       $pdata$_CallSETranslator$filt$0 000000014003cd58     libvcruntime:risctrnsctrl.obj
 0004:00001d64       $pdata$__DestructExceptionObject$filt$0 000000014003cd64     libvcruntime:ehhelpers.obj
 0004:00001d70       $pdata$__CxxCallCatchBlock$filt$0 000000014003cd70     libvcruntime:frame.obj
 0004:00001d7c       $pdata$__CxxCallCatchBlock$fin$1 000000014003cd7c     libvcruntime:frame.obj
 0004:00001d88       $pdata$__FrameUnwindToState$filt$0 000000014003cd88     libvcruntime:frame.obj
 0004:00001d94       $pdata$__FrameUnwindToState$fin$1 000000014003cd94     libvcruntime:frame.obj
 0004:00001da0       $pdata$?fin$0@?0???$?RV<lambda_84ec643ea9557e2f7dc01bb0e9624395>@@AEAV<lambda_ca71763b3c0644891230e4f79ea54fa6>@@V<lambda_439a761618c59b0600e24586724d733b>@@@?$__crt_seh_guarded_call@H@@QEAAH$$QEAV<lambda_84ec643ea9557e2f7dc01bb0e9624395>@@AEAV<lambda_ca71763b3c0644891230e4f79ea54fa6>@@$$QEAV<lambda_439a761618c59b0600e24586724d733b>@@@Z@4HA 000000014003cda0     libucrt:setvbuf.obj
 0004:00001da0       $pdata$?fin$0@?0???$?RV<lambda_a62c933ada0517137acf5807a1eeac1f>@@AEAV<lambda_a31071773b9a94e445cbd5d04ef99106>@@V<lambda_56065050dbf3ada7e59a83db45153de3>@@@?$__crt_seh_guarded_call@H@@QEAAH$$QEAV<lambda_a62c933ada0517137acf5807a1eeac1f>@@AEAV<lambda_a31071773b9a94e445cbd5d04ef99106>@@$$QEAV<lambda_56065050dbf3ada7e59a83db45153de3>@@@Z@4HA 000000014003cda0     libucrt:output.obj
 0004:00001da0       $pdata$?fin$0@?0???$?RV<lambda_842d9ff0dc9ef11c61343bbaebe7f885>@@AEAV<lambda_c5860995281e5c4ce005b3de8f5874ee>@@V<lambda_d90129c13df834fdcbf8d2b88dafcf2d>@@@?$__crt_seh_guarded_call@X@@QEAAX$$QEAV<lambda_842d9ff0dc9ef11c61343bbaebe7f885>@@AEAV<lambda_c5860995281e5c4ce005b3de8f5874ee>@@$$QEAV<lambda_d90129c13df834fdcbf8d2b88dafcf2d>@@@Z@4HA 000000014003cda0     libucrt:fflush.obj
 0004:00001da0       $pdata$?fin$0@?0???$?RV<lambda_bdbcead8b570fa3d5ec6d9679862a6e5>@@AEAV<lambda_96f4279ff90247a4c5c5d9824f56f8c1>@@V<lambda_4606be27f17b5e5579e09050fab91818>@@@?$__crt_seh_guarded_call@_K@@QEAA_K$$QEAV<lambda_bdbcead8b570fa3d5ec6d9679862a6e5>@@AEAV<lambda_96f4279ff90247a4c5c5d9824f56f8c1>@@$$QEAV<lambda_4606be27f17b5e5579e09050fab91818>@@@Z@4HA 000000014003cda0     libucrt:fwrite.obj
 0004:00001da0       $pdata$?fin$0@?0???$?RV<lambda_c376a267cfb53b6959b3b692ec76b120>@@AEAV<lambda_9a32fed5bf61b6b509b2d3f6003082a1>@@V<lambda_572fbb9fa0ab338edf41edfd4b5fcc8d>@@@?$__crt_seh_guarded_call@H@@QEAAH$$QEAV<lambda_c376a267cfb53b6959b3b692ec76b120>@@AEAV<lambda_9a32fed5bf61b6b509b2d3f6003082a1>@@$$QEAV<lambda_572fbb9fa0ab338edf41edfd4b5fcc8d>@@@Z@4HA 000000014003cda0     libucrt:fflush.obj
 0004:00001dac       $pdata$?fin$0@?0???$common_ftell@_J@@YA_JV__crt_stdio_stream@@@Z@4HA 000000014003cdac     libucrt:ftell.obj
 0004:00001dac       $pdata$fclose$fin$0        000000014003cdac     libucrt:fclose.obj
 0004:00001dac       $pdata$?fin$0@?0??common_fseek@@YAHV__crt_stdio_stream@@_JH@Z@4HA 000000014003cdac     libucrt:fseek.obj
 0004:00001db8       $pdata$?fin$0@?0???$?RV<lambda_886d6c58226a84441f68b9f2b8217b83>@@AEAV<lambda_ab61a845afdef5b7c387490eaf3616ee>@@V<lambda_f7f22ab5edc0698d5f6905b0d3f44752>@@@?$__crt_seh_guarded_call@X@@QEAAX$$QEAV<lambda_886d6c58226a84441f68b9f2b8217b83>@@AEAV<lambda_ab61a845afdef5b7c387490eaf3616ee>@@$$QEAV<lambda_f7f22ab5edc0698d5f6905b0d3f44752>@@@Z@4HA 000000014003cdb8     libucrt:fflush.obj
 0004:00001dc4       $pdata$fgetc$fin$0         000000014003cdc4     libucrt:fgetc.obj
 0004:00001dd0       $pdata$fputc$fin$0         000000014003cdd0     libucrt:fputc.obj
 0004:00001ddc       $pdata$ungetc$fin$0        000000014003cddc     libucrt:ungetc.obj
 0004:00001de8       $pdata$?fin$0@?0???$?RV<lambda_0ae27a3a962d80f24befdcbee591983d>@@AEAV<lambda_8d0ee55de4b1038c4002e0adecdf1839>@@V<lambda_dc504788e8f1664fe9b84e20bfb512f2>@@@?$__crt_seh_guarded_call@X@@QEAAX$$QEAV<lambda_0ae27a3a962d80f24befdcbee591983d>@@AEAV<lambda_8d0ee55de4b1038c4002e0adecdf1839>@@$$QEAV<lambda_dc504788e8f1664fe9b84e20bfb512f2>@@@Z@4HA 000000014003cde8     libucrt:per_thread_data.obj
 0004:00001de8       $pdata$?fin$0@?0???$?RV<lambda_aa87e3671a710a21b5dc78c0bdf72e11>@@AEAV<lambda_92619d2358a28f41a33ba319515a20b9>@@V<lambda_6992ecaafeb10aed2b74cb1fae11a551>@@@?$__crt_seh_guarded_call@X@@QEAAX$$QEAV<lambda_aa87e3671a710a21b5dc78c0bdf72e11>@@AEAV<lambda_92619d2358a28f41a33ba319515a20b9>@@$$QEAV<lambda_6992ecaafeb10aed2b74cb1fae11a551>@@@Z@4HA 000000014003cde8     libucrt:per_thread_data.obj
 0004:00001de8       $pdata$?fin$0@?0???$?RV<lambda_f2e299630e499de9f9a165e60fcd3db5>@@AEAV<lambda_2ae9d31cdba2644fcbeaf08da7c24588>@@V<lambda_40d01ff24d0e7b3814fdbdcee8eab3c7>@@@?$__crt_seh_guarded_call@X@@QEAAX$$QEAV<lambda_f2e299630e499de9f9a165e60fcd3db5>@@AEAV<lambda_2ae9d31cdba2644fcbeaf08da7c24588>@@$$QEAV<lambda_40d01ff24d0e7b3814fdbdcee8eab3c7>@@@Z@4HA 000000014003cde8     libucrt:per_thread_data.obj
 0004:00001de8       $pdata$?fin$0@?0???$?RV<lambda_2d41944a1d46af3157314b8a01080d33>@@AEAV<lambda_8f455de75cd7d7f24b4096f044d8b9e6>@@V<lambda_aa500f224e6afead328df44964fe2772>@@@?$__crt_seh_guarded_call@X@@QEAAX$$QEAV<lambda_2d41944a1d46af3157314b8a01080d33>@@AEAV<lambda_8f455de75cd7d7f24b4096f044d8b9e6>@@$$QEAV<lambda_aa500f224e6afead328df44964fe2772>@@@Z@4HA 000000014003cde8     libucrt:per_thread_data.obj
 0004:00001de8       $pdata$?fin$0@?0???$?RV<lambda_efdfa57d1f175319df784efa44bb7b81>@@AEAV<lambda_5f0a4c1567f8adc6734073e5d1e1b35c>@@V<lambda_2e8a7d3640ea6ccb4c2413664c2db6fd>@@@?$__crt_seh_guarded_call@X@@QEAAX$$QEAV<lambda_efdfa57d1f175319df784efa44bb7b81>@@AEAV<lambda_5f0a4c1567f8adc6734073e5d1e1b35c>@@$$QEAV<lambda_2e8a7d3640ea6ccb4c2413664c2db6fd>@@@Z@4HA 000000014003cde8     libucrt:mbctype.obj
 0004:00001de8       $pdata$?fin$0@?0???$?RV<lambda_bd00b5aa228bd7e7e5b2b5db5fd2933b>@@AEAV<lambda_777d11615145f89ee95b9466d285deeb>@@V<lambda_6e5e48fbd24f9f8f81b203eb3d877683>@@@?$__crt_seh_guarded_call@H@@QEAAH$$QEAV<lambda_bd00b5aa228bd7e7e5b2b5db5fd2933b>@@AEAV<lambda_777d11615145f89ee95b9466d285deeb>@@$$QEAV<lambda_6e5e48fbd24f9f8f81b203eb3d877683>@@@Z@4HA 000000014003cde8     libucrt:winapi_thunks.obj
 0004:00001de8       $pdata$?fin$0@?0???$?RV<lambda_1d892b297fdedeee07ed8124eeb2f2fa>@@AEAV<lambda_ffc046909424fd52df0ac47e64813305>@@V<lambda_01a7098693036236037e7cdb9bca3d73>@@@?$__crt_seh_guarded_call@X@@QEAAX$$QEAV<lambda_1d892b297fdedeee07ed8124eeb2f2fa>@@AEAV<lambda_ffc046909424fd52df0ac47e64813305>@@$$QEAV<lambda_01a7098693036236037e7cdb9bca3d73>@@@Z@4HA 000000014003cde8     libucrt:wsetlocale.obj
 0004:00001de8       $pdata$?fin$0@?0???$?RV<lambda_450d765d439847d4c735a33c368b5fc0>@@AEAV<lambda_44731a7d0e6d81c3e6aa82d741081786>@@V<lambda_601a2a7da3b7a96e9554ac7215c4b07c>@@@?$__crt_seh_guarded_call@P6AXH@Z@@QEAAP6AXH@Z$$QEAV<lambda_450d765d439847d4c735a33c368b5fc0>@@AEAV<lambda_44731a7d0e6d81c3e6aa82d741081786>@@$$QEAV<lambda_601a2a7da3b7a96e9554ac7215c4b07c>@@@Z@4HA 000000014003cde8     libucrt:signal.obj
 0004:00001de8       $pdata$?fin$0@?0???$?RV<lambda_9bd929c17696992ce54f1d748594fc62>@@AEAV<lambda_082c17da81b0962e08c0587ee0fac50c>@@V<lambda_9c08ac857f4975304d44e9f601d9b878>@@@?$__crt_seh_guarded_call@PEAD@@QEAAPEAD$$QEAV<lambda_9bd929c17696992ce54f1d748594fc62>@@AEAV<lambda_082c17da81b0962e08c0587ee0fac50c>@@$$QEAV<lambda_9c08ac857f4975304d44e9f601d9b878>@@@Z@4HA 000000014003cde8     libucrt:setlocale.obj
 0004:00001de8       $pdata$?fin$0@?0???$?RV<lambda_7777bce6b2f8c936911f934f8298dc43>@@AEAV<lambda_f03950bc5685219e0bcd2087efbe011e>@@V<lambda_3883c3dff614d5e0c5f61bb1ac94921c>@@@?$__crt_seh_guarded_call@H@@QEAAH$$QEAV<lambda_7777bce6b2f8c936911f934f8298dc43>@@AEAV<lambda_f03950bc5685219e0bcd2087efbe011e>@@$$QEAV<lambda_3883c3dff614d5e0c5f61bb1ac94921c>@@@Z@4HA 000000014003cde8     libucrt:onexit.obj
 0004:00001de8       $pdata$?fin$0@?0???$?RV<lambda_8369fcb7c4df1e85de37618bd2b85f07>@@AEAV<lambda_a10e4b102d4a2c3aac6f4f48bbdf488f>@@V<lambda_5b7707bd6d7a0c4713179f36c7fd995d>@@@?$__crt_seh_guarded_call@H@@QEAAH$$QEAV<lambda_8369fcb7c4df1e85de37618bd2b85f07>@@AEAV<lambda_a10e4b102d4a2c3aac6f4f48bbdf488f>@@$$QEAV<lambda_5b7707bd6d7a0c4713179f36c7fd995d>@@@Z@4HA 000000014003cde8     libucrt:onexit.obj
 0004:00001de8       $pdata$?fin$0@?0???$?RV<lambda_d80eeec6fff315bfe5c115232f3240e3>@@AEAV<lambda_6e4b09c48022b2350581041d5f6b0c4c>@@V<lambda_2358e3775559c9db80273638284d5e45>@@@?$__crt_seh_guarded_call@X@@QEAAX$$QEAV<lambda_d80eeec6fff315bfe5c115232f3240e3>@@AEAV<lambda_6e4b09c48022b2350581041d5f6b0c4c>@@$$QEAV<lambda_2358e3775559c9db80273638284d5e45>@@@Z@4HA 000000014003cde8     libucrt:exit.obj
 0004:00001df4       $pdata$_query_new_handler$fin$0 000000014003cdf4     libucrt:new_handler.obj
 0004:00001e00       $pdata$?filt$0@?0???R<lambda_6e4b09c48022b2350581041d5f6b0c4c>@@QEBA@XZ@4HA 000000014003ce00     libucrt:exit.obj
 0004:00001e0c       $pdata$?fin$0@?0???$?RV<lambda_410d79af7f07d98d83a3f525b3859a53>@@AEAV<lambda_3e16ef9562a7dcce91392c22ab16ea36>@@V<lambda_38119f0e861e05405d8a144b9b982f0a>@@@?$__crt_seh_guarded_call@X@@QEAAX$$QEAV<lambda_410d79af7f07d98d83a3f525b3859a53>@@AEAV<lambda_3e16ef9562a7dcce91392c22ab16ea36>@@$$QEAV<lambda_38119f0e861e05405d8a144b9b982f0a>@@@Z@4HA 000000014003ce0c     libucrt:wsetlocale.obj
 0004:00001e18       $pdata$?fin$0@?0???$?RV<lambda_7f2adfce497ff2baa965cd4f576ecfd1>@@AEAV<lambda_2a444430fde8c29194d880d93eed5e8f>@@AEAV<lambda_8dff2cf36a5417162780cd64fa2883ef>@@@?$__crt_seh_guarded_call@X@@QEAAX$$QEAV<lambda_7f2adfce497ff2baa965cd4f576ecfd1>@@AEAV<lambda_2a444430fde8c29194d880d93eed5e8f>@@AEAV<lambda_8dff2cf36a5417162780cd64fa2883ef>@@@Z@4HA 000000014003ce18     libucrt:wsetlocale.obj
 0004:00001e24       $pdata$raise$fin$0         000000014003ce24     libucrt:signal.obj
 0004:00001e30       $pdata$_fcloseall$fin$0    000000014003ce30     libucrt:closeall.obj
 0004:00001e3c       $pdata$__acrt_initialize_lowio$fin$0 000000014003ce3c     libucrt:ioinit.obj
 0004:00001e3c       $pdata$__acrt_lowio_ensure_fh_exists$fin$0 000000014003ce3c     libucrt:osfinfo.obj
 0004:00001e48       $pdata$?fin$0@?0???$?RV<lambda_a37b2b86f63e897a80ea819b0eb08c01>@@AEAV<lambda_38ce7e780aa69e748d6df282ebc68efe>@@V<lambda_99fb1378e971ab6e7edea83e3a7a83a2>@@@?$__crt_seh_guarded_call@H@@QEAAH$$QEAV<lambda_a37b2b86f63e897a80ea819b0eb08c01>@@AEAV<lambda_38ce7e780aa69e748d6df282ebc68efe>@@$$QEAV<lambda_99fb1378e971ab6e7edea83e3a7a83a2>@@@Z@4HA 000000014003ce48     libucrt:commit.obj
 0004:00001e48       $pdata$?fin$0@?0???$?RV<lambda_751a882b2c74d4b022dec766aa51a29a>@@AEAV<lambda_628dfdc04ba53c8bfc02c9951375f3f5>@@V<lambda_f6c7be5f7998530c34de24c7437d6b54>@@@?$__crt_seh_guarded_call@H@@QEAAH$$QEAV<lambda_751a882b2c74d4b022dec766aa51a29a>@@AEAV<lambda_628dfdc04ba53c8bfc02c9951375f3f5>@@$$QEAV<lambda_f6c7be5f7998530c34de24c7437d6b54>@@@Z@4HA 000000014003ce48     libucrt:close.obj
 0004:00001e54       $pdata$?fin$0@?0???$common_lseek@_J@@YA_JH_JH@Z@4HA 000000014003ce54     libucrt:lseek.obj
 0004:00001e54       $pdata$_write$fin$0        000000014003ce54     libucrt:write.obj
 0004:00001e60       $pdata$_ctrlfp$filt$0      000000014003ce60     libucrt:fpctrl.obj
 0004:00001e6c       $pdata$?fin$0@?0??update_thread_multibyte_data_internal@@YAPEAU__crt_multibyte_data@@QEAU__acrt_ptd@@QEAPEAU1@@Z@4HA 000000014003ce6c     libucrt:mbctype.obj
 0004:00001e78       $pdata$__acrt_update_thread_locale_data$fin$0 000000014003ce78     libucrt:locale_refcounting.obj
 0004:00001e84       $pdata$_read$fin$0         000000014003ce84     libucrt:read.obj
 0004:00001e90       $pdata$_IsNonwritableInCurrentImage$filt$0 000000014003ce90     LIBCMT:pesect.obj
 0004:00001e9c       $pdata$??__Fcout@std@@YAXXZ 000000014003ce9c     libcpmt:cout.obj
 0004:00001ea8       $pdata$??__Fclassic_locale@std@@YAXXZ 000000014003cea8     libcpmt:locale0.obj
 0004:00001eb4       $pdata$??__Fcin@std@@YAXXZ 000000014003ceb4     libcpmt:cin.obj
 0004:00001ec0       $pdata$??__Finit_atexit@@YAXXZ 000000014003cec0     libcpmt:iosptrs.obj
 0005:00000060       $R000000                   000000014003d060     * linker generated manifest res *

 Exports

  ordinal    name

