 serverToArduino

 Timestamp is 5b78906b (Sat Aug 18 23:32:27 2018)

 Preferred load address is 0000000140000000

 Start         Length     Name                   Class
 0001:00000000 000001e0H .text$di                CODE
 0001:000001e0 000226f0H .text$mn                CODE
 0001:000228d0 00000020H .text$mn$00             CODE
 0001:000228f0 000004b0H .text$x                 CODE
 0001:00022da0 000001a4H .text$yd                CODE
 0002:00000000 000002a0H .idata$5                DATA
 0002:000002a0 00000010H .00cfg                  DATA
 0002:000002b0 00000008H .CRT$XCA                DATA
 0002:000002b8 00000008H .CRT$XCAA               DATA
 0002:000002c0 00000058H .CRT$XCC                DATA
 0002:00000318 00000010H .CRT$XCL                DATA
 0002:00000328 00000008H .CRT$XCZ                DATA
 0002:00000330 00000008H .CRT$XIA                DATA
 0002:00000338 00000008H .CRT$XIAA               DATA
 0002:00000340 00000008H .CRT$XIAC               DATA
 0002:00000348 00000028H .CRT$XIC                DATA
 0002:00000370 00000008H .CRT$XIZ                DATA
 0002:00000378 00000008H .CRT$XPA                DATA
 0002:00000380 00000010H .CRT$XPX                DATA
 0002:00000390 00000008H .CRT$XPXA               DATA
 0002:00000398 00000008H .CRT$XPZ                DATA
 0002:000003a0 00000008H .CRT$XTA                DATA
 0002:000003a8 00000008H .CRT$XTZ                DATA
 0002:000003b0 00000000H .gfids$y                DATA
 0002:000003b0 0000fb90H .rdata                  DATA
 0002:0000ff40 00000f24H .rdata$r                DATA
 0002:00010e64 000003a4H .rdata$zzzdbg           DATA
 0002:00011208 00000008H .rtc$IAA                DATA
 0002:00011210 00000008H .rtc$IZZ                DATA
 0002:00011218 00000008H .rtc$TAA                DATA
 0002:00011220 00000010H .rtc$TZZ                DATA
 0002:00011230 00001ce8H .xdata                  DATA
 0002:00012f18 0000023cH .xdata$x                DATA
 0002:00013154 00000000H .edata                  DATA
 0002:00013154 00000014H .idata$2                DATA
 0002:00013168 00000018H .idata$3                DATA
 0002:00013180 000002a0H .idata$4                DATA
 0002:00013420 000005faH .idata$6                DATA
 0003:00000000 00000b70H .data                   DATA
 0003:00000b70 000005b0H .data$r                 DATA
 0003:00001120 00001a30H .bss                    DATA
 0004:00000000 00001eccH .pdata                  DATA
 0005:00000000 00000060H .rsrc$01                DATA
 0005:00000060 00000180H .rsrc$02                DATA

  Address         Publics by Value              Rva+Base               Lib:Object

 0000:00000000       __guard_iat_count          0000000000000000     <absolute>
 0000:00000000       __dynamic_value_reloc_table 0000000000000000     <absolute>
 0000:00000000       __hybrid_code_map          0000000000000000     <absolute>
 0000:00000000       __hybrid_code_map_count    0000000000000000     <absolute>
 0000:00000000       __guard_iat_table          0000000000000000     <absolute>
 0000:00000000       __guard_longjmp_table      0000000000000000     <absolute>
 0000:00000000       __hybrid_auxiliary_iat     0000000000000000     <absolute>
 0000:00000000       __guard_longjmp_count      0000000000000000     <absolute>
 0000:00000000       __guard_fids_count         0000000000000000     <absolute>
 0000:00000000       __enclave_config           0000000000000000     <absolute>
 0000:00000000       ___safe_se_handler_table   0000000000000000     <absolute>
 0000:00000000       ___safe_se_handler_count   0000000000000000     <absolute>
 0000:00000000       __guard_fids_table         0000000000000000     <absolute>
 0000:00000100       __guard_flags              0000000000000100     <absolute>
 0000:00000000       __ImageBase                0000000140000000     <linker-defined>
 0001:000001e0       __local_stdio_printf_options 00000001400011e0 f i main.obj
 0001:000001f0       printf                     00000001400011f0 f i main.obj
 0001:00000250       ?what@exception@stdext@@UEBAPEBDXZ 0000000140001250 f i main.obj
 0001:00000270       ?_Raise@exception@stdext@@QEBAXXZ 0000000140001270 f i main.obj
 0001:000002b0       _initialize_denormal_control 00000001400012b0 f i LIBCMT:denormal_control.obj
 0001:000002b0       _guard_check_icall_nop     00000001400012b0 f i LIBCMT:guard_support.obj
 0001:000002b0       ?_Doraise@exception@stdext@@MEBAXXZ 00000001400012b0 f i main.obj
 0001:000002b0       ?imbue@?$basic_streambuf@DU?$char_traits@D@std@@@std@@MEAAXAEBVlocale@2@@Z 00000001400012b0 f i libcpmt:cout.obj
 0001:000002b0       ?_Lock@?$basic_streambuf@DU?$char_traits@D@std@@@std@@UEAAXXZ 00000001400012b0 f i libcpmt:cout.obj
 0001:000002b0       _initialize_invalid_parameter_handler 00000001400012b0 f i LIBCMT:invalid_parameter_handler.obj
 0001:000002b0       ?_Unlock@?$basic_streambuf@DU?$char_traits@D@std@@@std@@UEAAXXZ 00000001400012b0 f i libcpmt:cout.obj
 0001:000002c0       ??_Eexception@stdext@@UEAAPEAXI@Z 00000001400012c0 f i * CIL library *:* CIL module *
 0001:000002c0       ??_Gexception@stdext@@UEAAPEAXI@Z 00000001400012c0 f i main.obj
 0001:000002c0       ??_Eruntime_error@std@@UEAAPEAXI@Z 00000001400012c0 f i * CIL library *:* CIL module *
 0001:000002c0       ??_Gruntime_error@std@@UEAAPEAXI@Z 00000001400012c0 f i main.obj
 0001:000002f0       ??0runtime_error@std@@QEAA@PEBD@Z 00000001400012f0 f i main.obj
 0001:00000310       ??0_Locinfo@std@@QEAA@PEBD@Z 0000000140001310 f i main.obj
 0001:00000390       ??1_Locinfo@std@@QEAA@XZ   0000000140001390 f i main.obj
 0001:00000430       ??_G_Facet_base@std@@UEAAPEAXI@Z 0000000140001430 f i main.obj
 0001:00000430       ??_E_Facet_base@std@@UEAAPEAXI@Z 0000000140001430 f i * CIL library *:* CIL module *
 0001:00000460       ?_Incref@facet@locale@std@@UEAAXXZ 0000000140001460 f i main.obj
 0001:00000470       ?_Decref@facet@locale@std@@UEAAPEAV_Facet_base@3@XZ 0000000140001470 f i main.obj
 0001:00000480       ?do_tolower@?$ctype@D@std@@MEBADD@Z 0000000140001480 f i main.obj
 0001:00000490       ?do_tolower@?$ctype@D@std@@MEBAPEBDPEADPEBD@Z 0000000140001490 f i main.obj
 0001:000004f0       ?do_toupper@?$ctype@D@std@@MEBADD@Z 00000001400014f0 f i main.obj
 0001:00000500       ?do_toupper@?$ctype@D@std@@MEBAPEBDPEADPEBD@Z 0000000140001500 f i main.obj
 0001:00000560       ?do_widen@?$ctype@D@std@@MEBADD@Z 0000000140001560 f i main.obj
 0001:00000560       ?do_narrow@?$ctype@D@std@@MEBADDD@Z 0000000140001560 f i main.obj
 0001:00000570       ?do_widen@?$ctype@D@std@@MEBAPEBDPEBD0PEAD@Z 0000000140001570 f i main.obj
 0001:00000590       ?do_narrow@?$ctype@D@std@@MEBAPEBDPEBD0DPEAD@Z 0000000140001590 f i main.obj
 0001:000005b0       ??_E?$ctype@D@std@@MEAAPEAXI@Z 00000001400015b0 f i * CIL library *:* CIL module *
 0001:000005b0       ??_G?$ctype@D@std@@MEAAPEAXI@Z 00000001400015b0 f i main.obj
 0001:00000620       ?default_error_condition@error_category@std@@UEBA?AVerror_condition@2@H@Z 0000000140001620 f i main.obj
 0001:00000630       ?equivalent@error_category@std@@UEBA_NHAEBVerror_condition@2@@Z 0000000140001630 f i main.obj
 0001:00000690       ?equivalent@error_category@std@@UEBA_NAEBVerror_code@2@H@Z 0000000140001690 f i main.obj
 0001:000006b0       ?make_error_code@std@@YA?AVerror_code@1@W4io_errc@1@@Z 00000001400016b0 f i main.obj
 0001:00000700       ?_Makestr@_System_error@std@@CA?AV?$basic_string@DU?$char_traits@D@std@@V?$allocator@D@2@@2@Verror_code@2@V32@@Z 0000000140001700 f i main.obj
 0001:000008a0       ??_E_System_error@std@@UEAAPEAXI@Z 00000001400018a0 f i * CIL library *:* CIL module *
 0001:000008a0       ??_Efailure@ios_base@std@@UEAAPEAXI@Z 00000001400018a0 f i * CIL library *:* CIL module *
 0001:000008a0       ??_Gfailure@ios_base@std@@UEAAPEAXI@Z 00000001400018a0 f i main.obj
 0001:000008a0       ??_G_System_error@std@@UEAAPEAXI@Z 00000001400018a0 f i main.obj
 0001:000008d0       ?name@_Iostream_error_category@std@@UEBAPEBDXZ 00000001400018d0 f i main.obj
 0001:000008e0       ?message@_Iostream_error_category@std@@UEBA?AV?$basic_string@DU?$char_traits@D@std@@V?$allocator@D@2@@2@H@Z 00000001400018e0 f i main.obj
 0001:00000930       ??_E_Iostream_error_category@std@@UEAAPEAXI@Z 0000000140001930 f i * CIL library *:* CIL module *
 0001:00000930       ??_G_Iostream_error_category@std@@UEAAPEAXI@Z 0000000140001930 f i main.obj
 0001:00000960       ??0failure@ios_base@std@@QEAA@PEBDAEBVerror_code@2@@Z 0000000140001960 f i main.obj
 0001:00000aa0       ?clear@ios_base@std@@QEAAXH_N@Z 0000000140001aa0 f i main.obj
 0001:00000b40       main                       0000000140001b40 f   main.obj
 0001:00000fd0       ??1?$basic_string@DU?$char_traits@D@std@@V?$allocator@D@2@@std@@QEAA@XZ 0000000140001fd0 f i main.obj
 0001:00001030       ??0?$basic_string@DU?$char_traits@D@std@@V?$allocator@D@2@@std@@QEAA@QEBD@Z 0000000140002030 f i main.obj
 0001:000011a0       ??0?$basic_string@DU?$char_traits@D@std@@V?$allocator@D@2@@std@@QEAA@AEBV01@@Z 00000001400021a0 f i main.obj
 0001:00001280       ?append@?$basic_string@DU?$char_traits@D@std@@V?$allocator@D@2@@std@@QEAAAEAV12@QEBD_K@Z 0000000140002280 f i main.obj
 0001:00001300       ??$use_facet@V?$ctype@D@std@@@std@@YAAEBV?$ctype@D@0@AEBVlocale@0@@Z 0000000140002300 f i main.obj
 0001:00001560       ??$?6U?$char_traits@D@std@@@std@@YAAEAV?$basic_ostream@DU?$char_traits@D@std@@@0@AEAV10@PEBD@Z 0000000140002560 f i main.obj
 0001:00001a90       ??1?$unique_ptr@V_Facet_base@std@@U?$default_delete@V_Facet_base@std@@@2@@std@@QEAA@XZ 0000000140002a90 f i main.obj
 0001:00001ab0       ??0sentry@?$basic_ostream@DU?$char_traits@D@std@@@std@@QEAA@AEAV12@@Z 0000000140002ab0 f i main.obj
 0001:00001b20       ?_Xlen@?$basic_string@DU?$char_traits@D@std@@V?$allocator@D@2@@std@@SAXXZ 0000000140002b20 f i main.obj
 0001:00001b40       ?flush@?$basic_ostream@DU?$char_traits@D@std@@@std@@QEAAAEAV12@XZ 0000000140002b40 f i main.obj
 0001:00001d30       ?put@?$basic_ostream@DU?$char_traits@D@std@@@std@@QEAAAEAV12@D@Z 0000000140002d30 f i main.obj
 0001:00001f70       ?widen@?$basic_ios@DU?$char_traits@D@std@@@std@@QEBADD@Z 0000000140002f70 f i main.obj
 0001:00001ff0       ??$_Immortalize_impl@V_Iostream_error_category@std@@@std@@YAHPEAX0PEAPEAX@Z 0000000140002ff0 f i main.obj
 0001:00002010       ??$getline@DU?$char_traits@D@std@@V?$allocator@D@2@@std@@YAAEAV?$basic_istream@DU?$char_traits@D@std@@@0@$$QEAV10@AEAV?$basic_string@DU?$char_traits@D@std@@V?$allocator@D@2@@0@D@Z 0000000140003010 f i main.obj
 0001:00002300       ?snextc@?$basic_streambuf@DU?$char_traits@D@std@@@std@@QEAAHXZ 0000000140003300 f i main.obj
 0001:00002390       ?push_back@?$basic_string@DU?$char_traits@D@std@@V?$allocator@D@2@@std@@QEAAXD@Z 0000000140003390 f i main.obj
 0001:00002518       ??0_Init_locks@std@@QEAA@XZ 0000000140003518 f   libcpmt:xlock.obj
 0001:00002564       ??0_Lockit@std@@QEAA@H@Z   0000000140003564 f   libcpmt:xlock.obj
 0001:000025a0       ??1_Init_locks@std@@QEAA@XZ 00000001400035a0 f   libcpmt:xlock.obj
 0001:000025e4       ??1_Lockit@std@@QEAA@XZ    00000001400035e4 f   libcpmt:xlock.obj
 0001:000028b4       ??0?$basic_string@DU?$char_traits@D@std@@V?$allocator@D@2@@std@@QEAA@_KD@Z 00000001400038b4 f i libcpmt:xonce.obj
 0001:00002928       ??0exception@std@@QEAA@AEBV01@@Z 0000000140003928 f i libcpmt:xonce.obj
 0001:00002960       ??_Elogic_error@std@@UEAAPEAXI@Z 0000000140003960 f i libcpmt:xthrow.obj
 0001:00002960       ??_Ebad_alloc@std@@UEAAPEAXI@Z 0000000140003960 f i libcpmt:xthrow.obj
 0001:00002960       ??_Ebad_array_new_length@std@@UEAAPEAXI@Z 0000000140003960 f i LIBCMT:throw_bad_alloc.obj
 0001:00002960       ??_Gbad_alloc@std@@UEAAPEAXI@Z 0000000140003960 f i libcpmt:xthrow.obj
 0001:00002960       ??_Elength_error@std@@UEAAPEAXI@Z 0000000140003960 f i libcpmt:xthrow.obj
 0001:00002960       ??_Eexception@std@@UEAAPEAXI@Z 0000000140003960 f i libcpmt:xonce.obj
 0001:00002960       ??_Gbad_cast@std@@UEAAPEAXI@Z 0000000140003960 f i libcpmt:cout.obj
 0001:00002960       ??_Gbad_exception@std@@UEAAPEAXI@Z 0000000140003960 f i libvcruntime:frame.obj
 0001:00002960       ??_Glength_error@std@@UEAAPEAXI@Z 0000000140003960 f i libcpmt:xthrow.obj
 0001:00002960       ??_Glogic_error@std@@UEAAPEAXI@Z 0000000140003960 f i libcpmt:xthrow.obj
 0001:00002960       ??_Ebad_cast@std@@UEAAPEAXI@Z 0000000140003960 f i libcpmt:cout.obj
 0001:00002960       ??_Ebad_exception@std@@UEAAPEAXI@Z 0000000140003960 f i libvcruntime:frame.obj
 0001:00002960       ??_Gexception@std@@UEAAPEAXI@Z 0000000140003960 f i libcpmt:xonce.obj
 0001:00002960       ??_Gbad_array_new_length@std@@UEAAPEAXI@Z 0000000140003960 f i LIBCMT:throw_bad_alloc.obj
 0001:000029a4       ?_Execute_once@std@@YAHAEAUonce_flag@1@P6AHPEAX1PEAPEAX@Z1@Z 00000001400039a4 f   libcpmt:xonce.obj
 0001:000029ac       ?append@?$basic_string@DU?$char_traits@D@std@@V?$allocator@D@2@@std@@QEAAAEAV12@_KD@Z 00000001400039ac f i libcpmt:xonce.obj
 0001:00002a28       ?what@exception@std@@UEBAPEBDXZ 0000000140003a28 f i libcpmt:xonce.obj
 0001:00002a3c       ??$use_facet@V?$codecvt@DDU_Mbstatet@@@std@@@std@@YAAEBV?$codecvt@DDU_Mbstatet@@@0@AEBVlocale@0@@Z 0000000140003a3c f i libcpmt:cout.obj
 0001:00002b70       ??0?$basic_ostream@DU?$char_traits@D@std@@@std@@QEAA@PEAV?$basic_streambuf@DU?$char_traits@D@std@@@1@_N@Z 0000000140003b70 f i libcpmt:cout.obj
 0001:00002c38       ??0?$basic_streambuf@DU?$char_traits@D@std@@@std@@IEAA@XZ 0000000140003c38 f i libcpmt:cout.obj
 0001:00002ce8       ??0_Init_cout@std@@QEAA@XZ 0000000140003ce8 f i libcpmt:cout.obj
 0001:00002d54       ??0bad_cast@std@@QEAA@AEBV01@@Z 0000000140003d54 f i libcpmt:cout.obj
 0001:00002d94       ??0bad_cast@std@@QEAA@XZ   0000000140003d94 f i libcpmt:cout.obj
 0001:00002db4       ??1?$basic_filebuf@DU?$char_traits@D@std@@@std@@UEAA@XZ 0000000140003db4 f i libcpmt:cout.obj
 0001:00002e4c       ??1?$basic_ios@DU?$char_traits@D@std@@@std@@UEAA@XZ 0000000140003e4c f i libcpmt:cout.obj
 0001:00002e70       ??1?$basic_streambuf@DU?$char_traits@D@std@@@std@@UEAA@XZ 0000000140003e70 f i libcpmt:cout.obj
 0001:00002ed8       ??1bad_alloc@std@@UEAA@XZ  0000000140003ed8 f i libcpmt:xthrow.obj
 0001:00002ed8       ??1bad_array_new_length@std@@UEAA@XZ 0000000140003ed8 f i LIBCMT:throw_bad_alloc.obj
 0001:00002ed8       ??1bad_cast@std@@UEAA@XZ   0000000140003ed8 f i libcpmt:cout.obj
 0001:00002ed8       ??1bad_exception@std@@UEAA@XZ 0000000140003ed8 f i libvcruntime:frame.obj
 0001:00002ed8       ??1length_error@std@@UEAA@XZ 0000000140003ed8 f i libcpmt:xthrow.obj
 0001:00002eec       ??_E?$basic_ostream@DU?$char_traits@D@std@@@std@@$4PPPPPPPM@A@EAAPEAXI@Z 0000000140003eec f i libcpmt:cout.obj
 0001:00002ef8       ??_E?$basic_filebuf@DU?$char_traits@D@std@@@std@@UEAAPEAXI@Z 0000000140003ef8 f i libcpmt:cout.obj
 0001:00002ef8       ??_G?$basic_filebuf@DU?$char_traits@D@std@@@std@@UEAAPEAXI@Z 0000000140003ef8 f i libcpmt:cout.obj
 0001:00002f2c       ??_E?$basic_ios@DU?$char_traits@D@std@@@std@@UEAAPEAXI@Z 0000000140003f2c f i libcpmt:cout.obj
 0001:00002f2c       ??_G?$basic_ios@DU?$char_traits@D@std@@@std@@UEAAPEAXI@Z 0000000140003f2c f i libcpmt:cout.obj
 0001:00002f78       ??_G?$basic_ostream@DU?$char_traits@D@std@@@std@@UEAAPEAXI@Z 0000000140003f78 f i libcpmt:cout.obj
 0001:00002f78       ??_E?$basic_ostream@DU?$char_traits@D@std@@@std@@UEAAPEAXI@Z 0000000140003f78 f i libcpmt:cout.obj
 0001:00002fe8       ??_G?$basic_streambuf@DU?$char_traits@D@std@@@std@@UEAAPEAXI@Z 0000000140003fe8 f i libcpmt:cout.obj
 0001:00002fe8       ??_E?$basic_streambuf@DU?$char_traits@D@std@@@std@@UEAAPEAXI@Z 0000000140003fe8 f i libcpmt:cout.obj
 0001:0000301c       ??_G?$codecvt@DDU_Mbstatet@@@std@@MEAAPEAXI@Z 000000014000401c f i libcpmt:cout.obj
 0001:0000301c       ??_E?$codecvt@DDU_Mbstatet@@@std@@MEAAPEAXI@Z 000000014000401c f i libcpmt:cout.obj
 0001:00003048       ??_Gios_base@std@@UEAAPEAXI@Z 0000000140004048 f i libcpmt:cout.obj
 0001:00003048       ??_Eios_base@std@@UEAAPEAXI@Z 0000000140004048 f i libcpmt:cout.obj
 0001:00003094       ?_Endwrite@?$basic_filebuf@DU?$char_traits@D@std@@@std@@IEAA_NXZ 0000000140004094 f i libcpmt:cout.obj
 0001:00003238       ?_Getcat@?$codecvt@DDU_Mbstatet@@@std@@SA_KPEAPEBVfacet@locale@2@PEBV42@@Z 0000000140004238 f i libcpmt:cout.obj
 0001:000032fc       ?_Init@?$basic_filebuf@DU?$char_traits@D@std@@@std@@IEAAXPEAU_iobuf@@W4_Initfl@12@@Z 00000001400042fc f i libcpmt:cout.obj
 0001:000033e8       ?_Init@ios_base@std@@IEAAXXZ 00000001400043e8 f i libcpmt:cout.obj
 0001:00003468       ?_Initcvt@?$basic_filebuf@DU?$char_traits@D@std@@@std@@IEAAXAEBV?$codecvt@DDU_Mbstatet@@@2@@Z 0000000140004468 f i libcpmt:cout.obj
 0001:000034f8       ?_Lock@?$basic_filebuf@DU?$char_traits@D@std@@@std@@UEAAXXZ 00000001400044f8 f i libcpmt:cout.obj
 0001:00003514       ?_Unlock@?$basic_filebuf@DU?$char_traits@D@std@@@std@@UEAAXXZ 0000000140004514 f i libcpmt:cout.obj
 0001:00003530       __acrt_uninitialize_command_line 0000000140004530 f i libucrt:argv_data.obj
 0001:00003530       _should_initialize_environment 0000000140004530 f i LIBCMT:env_mode.obj
 0001:00003530       ?do_always_noconv@?$codecvt@DDU_Mbstatet@@@std@@MEBA_NXZ 0000000140004530 f i libcpmt:cout.obj
 0001:00003534       ?do_max_length@codecvt_base@std@@MEBAHXZ 0000000140004534 f i libcpmt:cout.obj
 0001:00003534       _get_startup_argv_mode     0000000140004534 f i LIBCMT:argv_mode.obj
 0001:00003534       ?do_encoding@codecvt_base@std@@MEBAHXZ 0000000140004534 f i libcpmt:cout.obj
 0001:0000353c       ?do_out@?$codecvt@DDU_Mbstatet@@@std@@MEBAHAEAU_Mbstatet@@PEBD1AEAPEBDPEAD3AEAPEAD@Z 000000014000453c f i libcpmt:cout.obj
 0001:0000353c       ?do_in@?$codecvt@DDU_Mbstatet@@@std@@MEBAHAEAU_Mbstatet@@PEBD1AEAPEBDPEAD3AEAPEAD@Z 000000014000453c f i libcpmt:cout.obj
 0001:00003558       ?do_length@?$codecvt@DDU_Mbstatet@@@std@@MEBAHAEAU_Mbstatet@@PEBD1_K@Z 0000000140004558 f i libcpmt:cout.obj
 0001:0000356c       ?do_unshift@?$codecvt@DDU_Mbstatet@@@std@@MEBAHAEAU_Mbstatet@@PEAD1AEAPEAD@Z 000000014000456c f i libcpmt:cout.obj
 0001:00003578       ?imbue@?$basic_filebuf@DU?$char_traits@D@std@@@std@@MEAAXAEBVlocale@2@@Z 0000000140004578 f i libcpmt:cout.obj
 0001:0000359c       ?overflow@?$basic_filebuf@DU?$char_traits@D@std@@@std@@MEAAHH@Z 000000014000459c f i libcpmt:cout.obj
 0001:000037f0       ?overflow@?$basic_streambuf@DU?$char_traits@D@std@@@std@@MEAAHH@Z 00000001400047f0 f i libcpmt:cout.obj
 0001:000037f0       ?underflow@?$basic_streambuf@DU?$char_traits@D@std@@@std@@MEAAHXZ 00000001400047f0 f i libcpmt:cout.obj
 0001:000037f0       ?pbackfail@?$basic_streambuf@DU?$char_traits@D@std@@@std@@MEAAHH@Z 00000001400047f0 f i libcpmt:cout.obj
 0001:000037f4       ?pbackfail@?$basic_filebuf@DU?$char_traits@D@std@@@std@@MEAAHH@Z 00000001400047f4 f i libcpmt:cout.obj
 0001:000038c0       ?seekoff@?$basic_filebuf@DU?$char_traits@D@std@@@std@@MEAA?AV?$fpos@U_Mbstatet@@@2@_JHH@Z 00000001400048c0 f i libcpmt:cout.obj
 0001:000039ac       ?seekpos@?$basic_streambuf@DU?$char_traits@D@std@@@std@@MEAA?AV?$fpos@U_Mbstatet@@@2@V32@H@Z 00000001400049ac f i libcpmt:cout.obj
 0001:000039ac       ?seekoff@?$basic_streambuf@DU?$char_traits@D@std@@@std@@MEAA?AV?$fpos@U_Mbstatet@@@2@_JHH@Z 00000001400049ac f i libcpmt:cout.obj
 0001:000039c8       ?seekpos@?$basic_filebuf@DU?$char_traits@D@std@@@std@@MEAA?AV?$fpos@U_Mbstatet@@@2@V32@H@Z 00000001400049c8 f i libcpmt:cout.obj
 0001:00003acc       ?setbuf@?$basic_filebuf@DU?$char_traits@D@std@@@std@@MEAAPEAV?$basic_streambuf@DU?$char_traits@D@std@@@2@PEAD_J@Z 0000000140004acc f i libcpmt:cout.obj
 0001:00003b20       ?setbuf@?$basic_streambuf@DU?$char_traits@D@std@@@std@@MEAAPEAV12@PEAD_J@Z 0000000140004b20 f i libcpmt:cout.obj
 0001:00003b24       ?showmanyc@?$basic_streambuf@DU?$char_traits@D@std@@@std@@MEAA_JXZ 0000000140004b24 f i libcpmt:cout.obj
 0001:00003b24       ?sync@?$basic_streambuf@DU?$char_traits@D@std@@@std@@MEAAHXZ 0000000140004b24 f i libcpmt:cout.obj
 0001:00003b24       __scrt_initialize_winrt    0000000140004b24 f i LIBCMT:utility_desktop.obj
 0001:00003b24       _get_startup_commit_mode   0000000140004b24 f i LIBCMT:commit_mode.obj
 0001:00003b24       _matherr                   0000000140004b24 f i LIBCMT:matherr.obj
 0001:00003b24       _get_startup_thread_locale_mode 0000000140004b24 f i LIBCMT:thread_locale.obj
 0001:00003b24       _get_startup_new_mode      0000000140004b24 f i LIBCMT:new_mode.obj
 0001:00003b28       ?sync@?$basic_filebuf@DU?$char_traits@D@std@@@std@@MEAAHXZ 0000000140004b28 f i libcpmt:cout.obj
 0001:00003b74       ?uflow@?$basic_filebuf@DU?$char_traits@D@std@@@std@@MEAAHXZ 0000000140004b74 f i libcpmt:cout.obj
 0001:00003e18       ?uflow@?$basic_streambuf@DU?$char_traits@D@std@@@std@@MEAAHXZ 0000000140004e18 f i libcpmt:cout.obj
 0001:00003e54       ?underflow@?$basic_filebuf@DU?$char_traits@D@std@@@std@@MEAAHXZ 0000000140004e54 f i libcpmt:cout.obj
 0001:00003eb8       ?xsgetn@?$basic_streambuf@DU?$char_traits@D@std@@@std@@MEAA_JPEAD_J@Z 0000000140004eb8 f i libcpmt:cout.obj
 0001:00003f74       ?xsputn@?$basic_streambuf@DU?$char_traits@D@std@@@std@@MEAA_JPEBD_J@Z 0000000140004f74 f i libcpmt:cout.obj
 0001:00004034       ??1_Fac_tidy_reg_t@std@@QEAA@XZ 0000000140005034 f i libcpmt:locale0.obj
 0001:0000409c       ??4?$_Yarn@D@std@@QEAAAEAV01@PEBD@Z 000000014000509c f i libcpmt:locale0.obj
 0001:00004114       ??_E_Locimp@locale@std@@MEAAPEAXI@Z 0000000140005114 f i libcpmt:locale0.obj
 0001:00004114       ??_G_Locimp@locale@std@@MEAAPEAXI@Z 0000000140005114 f i libcpmt:locale0.obj
 0001:00004180       ?_Facet_Register@std@@YAXPEAV_Facet_base@1@@Z 0000000140005180 f   libcpmt:locale0.obj
 0001:000041b8       ?_Getgloballocale@locale@std@@CAPEAV_Locimp@12@XZ 00000001400051b8 f   libcpmt:locale0.obj
 0001:000041c0       ?_Init@locale@std@@CAPEAV_Locimp@12@_N@Z 00000001400051c0 f   libcpmt:locale0.obj
 0001:00004288       ?_Locimp_dtor@_Locimp@locale@std@@CAXPEAV123@@Z 0000000140005288 f   libcpmt:locale0.obj
 0001:00004310       ?_Locinfo_ctor@_Locinfo@std@@SAXPEAV12@PEBD@Z 0000000140005310 f   libcpmt:locale0.obj
 0001:0000437c       ?_Locinfo_dtor@_Locinfo@std@@SAXPEAV12@@Z 000000014000537c f   libcpmt:locale0.obj
 0001:00004398       ?_New_Locimp@_Locimp@locale@std@@CAPEAV123@_N@Z 0000000140005398 f   libcpmt:locale0.obj
 0001:00004408       _Deletegloballocale        0000000140005408 f   libcpmt:locale0.obj
 0001:00004478       ??0?$basic_istream@DU?$char_traits@D@std@@@std@@QEAA@PEAV?$basic_streambuf@DU?$char_traits@D@std@@@1@_N@Z 0000000140005478 f i libcpmt:cin.obj
 0001:00004544       ??_E?$basic_istream@DU?$char_traits@D@std@@@std@@$4PPPPPPPM@A@EAAPEAXI@Z 0000000140005544 f i libcpmt:cin.obj
 0001:00004550       ??_E?$basic_istream@DU?$char_traits@D@std@@@std@@UEAAPEAXI@Z 0000000140005550 f i libcpmt:cin.obj
 0001:00004550       ??_G?$basic_istream@DU?$char_traits@D@std@@@std@@UEAAPEAXI@Z 0000000140005550 f i libcpmt:cin.obj
 0001:000045c0       ??0bad_alloc@std@@QEAA@AEBV01@@Z 00000001400055c0 f i libcpmt:xthrow.obj
 0001:00004600       ??0bad_alloc@std@@QEAA@XZ  0000000140005600 f i libcpmt:xthrow.obj
 0001:00004620       ??0length_error@std@@QEAA@AEBV01@@Z 0000000140005620 f i libcpmt:xthrow.obj
 0001:00004660       ??0length_error@std@@QEAA@PEBD@Z 0000000140005660 f i libcpmt:xthrow.obj
 0001:000046ac       ??0logic_error@std@@QEAA@AEBV01@@Z 00000001400056ac f i libcpmt:xthrow.obj
 0001:000046ec       ?_Xlength_error@std@@YAXPEBD@Z 00000001400056ec f   libcpmt:xthrow.obj
 0001:00004710       ?_Syserror_map@std@@YAPEBDH@Z 0000000140005710 f   libcpmt:syserror.obj
 0001:00004738       _Getctype                  0000000140005738 f   libcpmt:_tolower.obj
 0001:00004800       _Tolower                   0000000140005800 f   libcpmt:_tolower.obj
 0001:00004930       _Toupper                   0000000140005930 f   libcpmt:_toupper.obj
 0001:00004a70       _Mtxdst                    0000000140005a70 f   libcpmt:xmtx.obj
 0001:00004a78       _Mtxinit                   0000000140005a78 f   libcpmt:xmtx.obj
 0001:00004a88       _Mtxlock                   0000000140005a88 f   libcpmt:xmtx.obj
 0001:00004a90       _Mtxunlock                 0000000140005a90 f   libcpmt:xmtx.obj
 0001:00004f68       __crtInitOnceExecuteOnce   0000000140005f68 f   libcpmt:winapisupp.obj
 0001:00005034       __crtInitializeCriticalSectionEx 0000000140006034 f   libcpmt:winapisupp.obj
 0001:00005064       ?_Addstd@ios_base@std@@SAXPEAV12@@Z 0000000140006064 f   libcpmt:ios.obj
 0001:000050dc       ?_Ios_base_dtor@ios_base@std@@CAXPEAV12@@Z 00000001400060dc f   libcpmt:ios.obj
 0001:0000515c       ?_Tidy@ios_base@std@@AEAAXXZ 000000014000615c f i libcpmt:ios.obj
 0001:000051dc       ?_Atexit@@YAXP6AXXZ@Z      00000001400061dc f   libcpmt:iosptrs.obj
 0001:0000521c       __crtLCMapStringA          000000014000621c f   libcpmt:StlLCMapStringA.obj
 0001:000054d0       GetTableIndexFromLocaleName 00000001400064d0 f   libcpmt:winapinls.obj
 0001:00005560       __crtDownlevelLocaleNameToLCID 0000000140006560 f   libcpmt:winapinls.obj
 0001:00005594       __crtLCMapStringEx         0000000140006594 f   libcpmt:winapinls.obj
 0001:00005630       __wcsnicmp_ascii           0000000140006630 f   libcpmt:winapinls.obj
 0001:000056b0       __security_check_cookie    00000001400066b0 f   LIBCMT:_amdsecgs_.obj
 0001:000056d4       ??_V@YAXPEAX@Z             00000001400066d4 f   LIBCMT:delete_array.obj
 0001:000056d4       ??3@YAXPEAX_K@Z            00000001400066d4 f   LIBCMT:delete_scalar_size.obj
 0001:000056dc       ??2@YAPEAX_K@Z             00000001400066dc f   LIBCMT:new_scalar.obj
 0001:00005718       ??_U@YAPEAX_K@Z            0000000140006718 f   LIBCMT:new_array.obj
 0001:00005978       mainCRTStartup             0000000140006978 f   LIBCMT:exe_main.obj
 0001:0000598c       __scrt_acquire_startup_lock 000000014000698c f   LIBCMT:utility.obj
 0001:000059c8       __scrt_initialize_crt      00000001400069c8 f   LIBCMT:utility.obj
 0001:00005a14       __scrt_initialize_onexit_tables 0000000140006a14 f   LIBCMT:utility.obj
 0001:00005af0       __scrt_is_nonwritable_in_current_image 0000000140006af0 f   LIBCMT:utility.obj
 0001:00005b8c       __scrt_release_startup_lock 0000000140006b8c f   LIBCMT:utility.obj
 0001:00005bb0       __scrt_uninitialize_crt    0000000140006bb0 f   LIBCMT:utility.obj
 0001:00005bdc       _onexit                    0000000140006bdc f   LIBCMT:utility.obj
 0001:00005c2c       atexit                     0000000140006c2c f   LIBCMT:utility.obj
 0001:00005c44       __GSHandlerCheck           0000000140006c44 f   LIBCMT:_gshandler_.obj
 0001:00005c64       __GSHandlerCheckCommon     0000000140006c64 f   LIBCMT:_gshandler_.obj
 0001:00005cc0       __GSHandlerCheck_EH        0000000140006cc0 f   LIBCMT:gshandlereh.obj
 0001:00005d40       ??_Gtype_info@@UEAAPEAXI@Z 0000000140006d40 f i LIBCMT:std_type_info_static.obj
 0001:00005d40       ??_Etype_info@@UEAAPEAXI@Z 0000000140006d40 f i LIBCMT:std_type_info_static.obj
 0001:00005d80       __chkstk                   0000000140006d80 f   LIBCMT:_chkstk_.obj
 0001:00005d80       _alloca_probe              0000000140006d80 f   LIBCMT:_chkstk_.obj
 0001:00005dd4       __raise_securityfailure    0000000140006dd4 f   LIBCMT:gs_report.obj
 0001:00005e08       __report_gsfailure         0000000140006e08 f   LIBCMT:gs_report.obj
 0001:00005edc       __report_rangecheckfailure 0000000140006edc f   LIBCMT:gs_report.obj
 0001:00005ef0       __report_securityfailure   0000000140006ef0 f   LIBCMT:gs_report.obj
 0001:00006070       ??3@YAXPEAX@Z              0000000140007070 f   LIBCMT:delete_scalar.obj
 0001:00006078       ??0bad_array_new_length@std@@QEAA@AEBV01@@Z 0000000140007078 f i LIBCMT:throw_bad_alloc.obj
 0001:000060b8       ??0bad_array_new_length@std@@QEAA@XZ 00000001400070b8 f i LIBCMT:throw_bad_alloc.obj
 0001:000060d8       ?__scrt_throw_std_bad_alloc@@YAXXZ 00000001400070d8 f   LIBCMT:throw_bad_alloc.obj
 0001:000060f8       ?__scrt_throw_std_bad_array_new_length@@YAXXZ 00000001400070f8 f   LIBCMT:throw_bad_alloc.obj
 0001:00006118       __security_init_cookie     0000000140007118 f   LIBCMT:gs_support.obj
 0001:000061c8       _get_startup_file_mode     00000001400071c8 f   LIBCMT:file_mode.obj
 0001:000061d0       ?__scrt_initialize_type_info@@YAXXZ 00000001400071d0 f   LIBCMT:tncleanup.obj
 0001:000061e0       __local_stdio_scanf_options 00000001400071e0 f i LIBCMT:default_local_stdio_options.obj
 0001:000061e8       __scrt_initialize_default_local_stdio_options 00000001400071e8 f   LIBCMT:default_local_stdio_options.obj
 0001:00006204       __scrt_is_user_matherr_present 0000000140007204 f   LIBCMT:matherr_detection.obj
 0001:00006210       __scrt_get_dyn_tls_init_callback 0000000140007210 f   LIBCMT:dyn_tls_init.obj
 0001:00006218       __scrt_get_dyn_tls_dtor_callback 0000000140007218 f   LIBCMT:dyn_tls_dtor.obj
 0001:00006220       __crt_debugger_hook        0000000140007220 f   LIBCMT:utility_desktop.obj
 0001:00006228       __scrt_fastfail            0000000140007228 f   LIBCMT:utility_desktop.obj
 0001:00006374       __scrt_is_managed_app      0000000140007374 f   LIBCMT:utility_desktop.obj
 0001:000063c8       __scrt_set_unhandled_exception_filter 00000001400073c8 f   LIBCMT:utility_desktop.obj
 0001:000063d8       __scrt_unhandled_exception_filter 00000001400073d8 f   LIBCMT:utility_desktop.obj
 0001:00006410       _RTC_Initialize            0000000140007410 f   LIBCMT:_initsect_.obj
 0001:0000644c       _RTC_Terminate             000000014000744c f   LIBCMT:_initsect_.obj
 0001:00006488       __isa_available_init       0000000140007488 f   LIBCMT:_cpu_disp_.obj
 0001:00006644       __scrt_is_ucrt_dll_in_use  0000000140007644 f   LIBCMT:ucrt_detection.obj
 0001:00006650       _purecall                  0000000140007650 f   libvcruntime:purevirt.obj
 0001:00006680       __std_exception_copy       0000000140007680 f   libvcruntime:std_exception.obj
 0001:00006710       __std_exception_destroy    0000000140007710 f   libvcruntime:std_exception.obj
 0001:00006738       _CxxThrowException         0000000140007738 f   libvcruntime:throw.obj
 0001:000067f8       ?_ExecutionInCatch@@YAHPEAU_xDISPATCHER_CONTEXT@@PEBU_s_FuncInfo@@@Z 00000001400077f8 f   libvcruntime:risctrnsctrl.obj
 0001:0000686c       ?_GetEstablisherFrame@@YAPEA_KPEA_KPEAU_xDISPATCHER_CONTEXT@@PEBU_s_FuncInfo@@0@Z 000000014000786c f   libvcruntime:risctrnsctrl.obj
 0001:00006938       ?_GetRangeOfTrysToCheck@@YAPEBU_s_TryBlockMapEntry@@PEA_KPEBU_s_FuncInfo@@HHPEAI2PEAU_xDISPATCHER_CONTEXT@@@Z 0000000140007938 f   libvcruntime:risctrnsctrl.obj
 0001:00006a64       ?__FrameUnwindToEmptyState@@YAXPEA_KPEAU_xDISPATCHER_CONTEXT@@PEBU_s_FuncInfo@@@Z 0000000140007a64 f   libvcruntime:risctrnsctrl.obj
 0001:00006af8       _CallSETranslator          0000000140007af8 f   libvcruntime:risctrnsctrl.obj
 0001:00006b4c       _CreateFrameInfo           0000000140007b4c f   libvcruntime:risctrnsctrl.obj
 0001:00006b88       _FindAndUnlinkFrame        0000000140007b88 f   libvcruntime:risctrnsctrl.obj
 0001:00006bdc       _GetImageBase              0000000140007bdc f   libvcruntime:risctrnsctrl.obj
 0001:00006bf0       _GetThrowImageBase         0000000140007bf0 f   libvcruntime:risctrnsctrl.obj
 0001:00006c04       _SetImageBase              0000000140007c04 f   libvcruntime:risctrnsctrl.obj
 0001:00006c1c       _SetThrowImageBase         0000000140007c1c f   libvcruntime:risctrnsctrl.obj
 0001:00006c34       _UnwindNestedFrames        0000000140007c34 f   libvcruntime:risctrnsctrl.obj
 0001:00006d58       __CxxFrameHandler3         0000000140007d58 f   libvcruntime:risctrnsctrl.obj
 0001:00006df0       memcpy                     0000000140007df0 f   libvcruntime:memcpy.obj
 0001:00006df0       memmove                    0000000140007df0 f   libvcruntime:memcpy.obj
 0001:00007250       memset                     0000000140008250 f   libvcruntime:memset.obj
 0001:00007400       __DestructExceptionObject  0000000140008400 f   libvcruntime:ehhelpers.obj
 0001:00007474       ?_CallMemberFunction0@@YAXQEAX0@Z 0000000140008474 f i libvcruntime:ehhelpers.obj
 0001:00007478       _IsExceptionObjectToBeDestroyed 0000000140008478 f   libvcruntime:ehhelpers.obj
 0001:000074a8       __AdjustPointer            00000001400084a8 f   libvcruntime:ehhelpers.obj
 0001:000074cc       __FrameUnwindFilter        00000001400084cc f   libvcruntime:ehhelpers.obj
 0001:00007518       __std_terminate            0000000140008518 f   libvcruntime:ehhelpers.obj
 0001:00007540       memchr                     0000000140008540 f   libvcruntime:memchr.obj
 0001:000075c0       memcmp                     00000001400085c0 f   libvcruntime:memcmp.obj
 0001:00007688       __C_specific_handler       0000000140008688 f   libvcruntime:_riscchandler_.obj
 0001:00007894       __vcrt_initialize          0000000140008894 f   libvcruntime:initialization.obj
 0001:000078c8       __vcrt_uninitialize        00000001400088c8 f   libvcruntime:initialization.obj
 0001:000078e8       __std_type_info_compare    00000001400088e8 f   libvcruntime:std_type_info.obj
 0001:00007910       __vcrt_initialize_pure_virtual_call_handler 0000000140008910 f   libvcruntime:purevirt_data.obj
 0001:00007920       __vcrt_freefls             0000000140008920 f   libvcruntime:per_thread_data.obj
 0001:00007940       __vcrt_getptd              0000000140008940 f   libvcruntime:per_thread_data.obj
 0001:0000795c       __vcrt_getptd_noexit       000000014000895c f   libvcruntime:per_thread_data.obj
 0001:00007a14       __vcrt_initialize_ptd      0000000140008a14 f   libvcruntime:per_thread_data.obj
 0001:00007a64       __vcrt_uninitialize_ptd    0000000140008a64 f   libvcruntime:per_thread_data.obj
 0001:00007a88       ?__GetCurrentState@@YAHPEA_KPEAU_xDISPATCHER_CONTEXT@@PEBU_s_FuncInfo@@@Z 0000000140008a88 f   libvcruntime:riscehstate.obj
 0001:00007ab0       ?__GetUnwindTryBlock@@YAHPEA_KPEAU_xDISPATCHER_CONTEXT@@PEBU_s_FuncInfo@@@Z 0000000140008ab0 f   libvcruntime:riscehstate.obj
 0001:00007adc       ?__SetState@@YAXPEA_KPEAU_xDISPATCHER_CONTEXT@@PEBU_s_FuncInfo@@H@Z 0000000140008adc f   libvcruntime:riscehstate.obj
 0001:00007ae8       ?__SetUnwindTryBlock@@YAXPEA_KPEAU_xDISPATCHER_CONTEXT@@PEBU_s_FuncInfo@@H@Z 0000000140008ae8 f   libvcruntime:riscehstate.obj
 0001:00007b24       ?__StateFromControlPc@@YAHPEBU_s_FuncInfo@@PEAU_xDISPATCHER_CONTEXT@@@Z 0000000140008b24 f   libvcruntime:riscehstate.obj
 0001:00007b2c       ?__StateFromIp@@YAHPEBU_s_FuncInfo@@PEAU_xDISPATCHER_CONTEXT@@_K@Z 0000000140008b2c f   libvcruntime:riscehstate.obj
 0001:00007b94       ??0bad_exception@std@@QEAA@AEBV01@@Z 0000000140008b94 f i libvcruntime:frame.obj
 0001:00007bd4       ??0bad_exception@std@@QEAA@XZ 0000000140008bd4 f i libvcruntime:frame.obj
 0001:0000851c       ?_CallMemberFunction1@@YAXQEAX00@Z 000000014000951c f i libvcruntime:frame.obj
 0001:00008528       ?_CallMemberFunction2@@YAXQEAX00H@Z 0000000140009528 f i libvcruntime:frame.obj
 0001:00008538       __BuildCatchObject         0000000140009538 f   libvcruntime:frame.obj
 0001:000085f8       __BuildCatchObjectHelper   00000001400095f8 f   libvcruntime:frame.obj
 0001:000087f8       __CxxCallCatchBlock        00000001400097f8 f   libvcruntime:frame.obj
 0001:000089e4       __FrameUnwindToState       00000001400099e4 f   libvcruntime:frame.obj
 0001:00008b78       __InternalCxxFrameHandler  0000000140009b78 f   libvcruntime:frame.obj
 0001:00008dbc       __TypeMatch                0000000140009dbc f   libvcruntime:frame.obj
 0001:00008f10       _local_unwind              0000000140009f10 f   libvcruntime:_jmpuwind_.obj
 0001:00008f40       _NLG_Notify                0000000140009f40 f   libvcruntime:_jmpuwind_.obj
 0001:00008f60       __NLG_Dispatch2            0000000140009f60 f   libvcruntime:_jmpuwind_.obj
 0001:00008f70       __NLG_Return2              0000000140009f70 f   libvcruntime:_jmpuwind_.obj
 0001:00008f74       __except_validate_context_record 0000000140009f74 f   libvcruntime:jbcxrval.obj
 0001:00008fac       __vcrt_initialize_locks    0000000140009fac f   libvcruntime:locks.obj
 0001:00008ff4       __vcrt_uninitialize_locks  0000000140009ff4 f   libvcruntime:locks.obj
 0001:00009204       __vcrt_FlsAlloc            000000014000a204 f   libvcruntime:winapi_downlevel.obj
 0001:0000924c       __vcrt_FlsFree             000000014000a24c f   libvcruntime:winapi_downlevel.obj
 0001:00009294       __vcrt_FlsGetValue         000000014000a294 f   libvcruntime:winapi_downlevel.obj
 0001:000092dc       __vcrt_FlsSetValue         000000014000a2dc f   libvcruntime:winapi_downlevel.obj
 0001:00009330       __vcrt_InitializeCriticalSectionEx 000000014000a330 f   libvcruntime:winapi_downlevel.obj
 0001:00009394       __vcrt_initialize_winapi_thunks 000000014000a394 f   libvcruntime:winapi_downlevel.obj
 0001:000093c4       __vcrt_uninitialize_winapi_thunks 000000014000a3c4 f   libvcruntime:winapi_downlevel.obj
 0001:00009420       _CallSettingFrame          000000014000a420 f   libvcruntime:handlers.obj
 0001:00009460       abort                      000000014000a460 f   libucrt:abort.obj
 0001:000094b8       __acrt_initialize_stdio    000000014000a4b8 f   libucrt:_file.obj
 0001:000095d8       __acrt_iob_func            000000014000a5d8 f   libucrt:_file.obj
 0001:000095ec       __acrt_uninitialize_stdio  000000014000a5ec f   libucrt:_file.obj
 0001:00009648       _get_stream_buffer_pointers 000000014000a648 f   libucrt:_file.obj
 0001:00009690       _lock_file                 000000014000a690 f   libucrt:_file.obj
 0001:0000969c       _unlock_file               000000014000a69c f   libucrt:_file.obj
 0001:000096a8       __acrt_call_reportfault    000000014000a6a8 f   libucrt:invalid_parameter.obj
 0001:00009804       __acrt_initialize_invalid_parameter_handler 000000014000a804 f   libucrt:invalid_parameter.obj
 0001:0000980c       _invalid_parameter         000000014000a80c f   libucrt:invalid_parameter.obj
 0001:000098bc       _invalid_parameter_noinfo  000000014000a8bc f   libucrt:invalid_parameter.obj
 0001:000098dc       _invalid_parameter_noinfo_noreturn 000000014000a8dc f   libucrt:invalid_parameter.obj
 0001:0000990c       _invoke_watson             000000014000a90c f   libucrt:invalid_parameter.obj
 0001:00009994       ??$ensure_buffer_is_big_enough@D@formatting_buffer@__crt_stdio_output@@QEAA_N_K@Z 000000014000a994 f i libucrt:output.obj
 0001:00009a3c       ??$type_case_integer_parse_into_buffer@I@?$output_processor@DV?$stream_output_adapter@D@__crt_stdio_output@@V?$standard_base@DV?$stream_output_adapter@D@__crt_stdio_output@@@2@@__crt_stdio_output@@AEAAXII_N@Z 000000014000aa3c f i libucrt:output.obj
 0001:00009acc       ??$type_case_integer_parse_into_buffer@_K@?$output_processor@DV?$stream_output_adapter@D@__crt_stdio_output@@V?$standard_base@DV?$stream_output_adapter@D@__crt_stdio_output@@@2@@__crt_stdio_output@@AEAAX_KI_N@Z 000000014000aacc f i libucrt:output.obj
 0001:00009b60       ??$write_multiple_characters@V?$stream_output_adapter@D@__crt_stdio_output@@D@__crt_stdio_output@@YAXAEBV?$stream_output_adapter@D@0@DHQEAH@Z 000000014000ab60 f i libucrt:output.obj
 0001:00009bec       ??0_LocaleUpdate@@QEAA@QEAU__crt_locale_pointers@@@Z 000000014000abec f i libucrt:output.obj
 0001:00009c88       ??1_LocaleUpdate@@QEAA@XZ  000000014000ac88 f i libucrt:output.obj
 0001:00009dcc       ?crop_zeroes@__crt_stdio_output@@YAXPEADQEAU__crt_locale_pointers@@@Z 000000014000adcc f i libucrt:output.obj
 0001:00009e38       ?force_decimal_point@__crt_stdio_output@@YAXPEADQEAU__crt_locale_pointers@@@Z 000000014000ae38 f i libucrt:output.obj
 0001:00009ea8       ?parse_int_from_format_string@?$output_processor@DV?$stream_output_adapter@D@__crt_stdio_output@@V?$standard_base@DV?$stream_output_adapter@D@__crt_stdio_output@@@2@@__crt_stdio_output@@AEAA_NQEAH@Z 000000014000aea8 f i libucrt:output.obj
 0001:00009f4c       ?process@?$output_processor@DV?$stream_output_adapter@D@__crt_stdio_output@@V?$standard_base@DV?$stream_output_adapter@D@__crt_stdio_output@@@2@@__crt_stdio_output@@QEAAHXZ 000000014000af4c f i libucrt:output.obj
 0001:0000a160       ?state_case_normal@?$output_processor@DV?$stream_output_adapter@D@__crt_stdio_output@@V?$standard_base@DV?$stream_output_adapter@D@__crt_stdio_output@@@2@@__crt_stdio_output@@AEAA_NXZ 000000014000b160 f i libucrt:output.obj
 0001:0000a1d0       ?state_case_normal_tchar@?$output_processor@DV?$stream_output_adapter@D@__crt_stdio_output@@V?$standard_base@DV?$stream_output_adapter@D@__crt_stdio_output@@@2@@__crt_stdio_output@@AEAA_ND@Z 000000014000b1d0 f i libucrt:output.obj
 0001:0000a26c       ?state_case_size@?$output_processor@DV?$stream_output_adapter@D@__crt_stdio_output@@V?$standard_base@DV?$stream_output_adapter@D@__crt_stdio_output@@@2@@__crt_stdio_output@@AEAA_NXZ 000000014000b26c f i libucrt:output.obj
 0001:0000a3e0       ?state_case_type@?$output_processor@DV?$stream_output_adapter@D@__crt_stdio_output@@V?$standard_base@DV?$stream_output_adapter@D@__crt_stdio_output@@@2@@__crt_stdio_output@@AEAA_NXZ 000000014000b3e0 f i libucrt:output.obj
 0001:0000a670       ?type_case_Z@?$output_processor@DV?$stream_output_adapter@D@__crt_stdio_output@@V?$standard_base@DV?$stream_output_adapter@D@__crt_stdio_output@@@2@@__crt_stdio_output@@AEAA_NXZ 000000014000b670 f i libucrt:output.obj
 0001:0000a6e8       ?type_case_a@?$output_processor@DV?$stream_output_adapter@D@__crt_stdio_output@@V?$standard_base@DV?$stream_output_adapter@D@__crt_stdio_output@@@2@@__crt_stdio_output@@AEAA_NXZ 000000014000b6e8 f i libucrt:output.obj
 0001:0000a8a4       ?type_case_c_tchar@?$output_processor@DV?$stream_output_adapter@D@__crt_stdio_output@@V?$standard_base@DV?$stream_output_adapter@D@__crt_stdio_output@@@2@@__crt_stdio_output@@AEAA_ND@Z 000000014000b8a4 f i libucrt:output.obj
 0001:0000a968       ?type_case_integer@?$output_processor@DV?$stream_output_adapter@D@__crt_stdio_output@@V?$standard_base@DV?$stream_output_adapter@D@__crt_stdio_output@@@2@@__crt_stdio_output@@AEAA_NI_N@Z 000000014000b968 f i libucrt:output.obj
 0001:0000ab30       ?type_case_n@?$output_processor@DV?$stream_output_adapter@D@__crt_stdio_output@@V?$standard_base@DV?$stream_output_adapter@D@__crt_stdio_output@@@2@@__crt_stdio_output@@AEAA_NXZ 000000014000bb30 f i libucrt:output.obj
 0001:0000ac0c       ?type_case_s@?$output_processor@DV?$stream_output_adapter@D@__crt_stdio_output@@V?$standard_base@DV?$stream_output_adapter@D@__crt_stdio_output@@@2@@__crt_stdio_output@@AEAA_NXZ 000000014000bc0c f i libucrt:output.obj
 0001:0000aca4       ?validate_stream_is_ansi_if_required@?$__acrt_stdio_char_traits@D@@SA_NQEAU_iobuf@@@Z 000000014000bca4 f i libucrt:output.obj
 0001:0000ad38       ?write_stored_string_tchar@?$output_processor@DV?$stream_output_adapter@D@__crt_stdio_output@@V?$standard_base@DV?$stream_output_adapter@D@__crt_stdio_output@@@2@@__crt_stdio_output@@AEAA_ND@Z 000000014000bd38 f i libucrt:output.obj
 0001:0000ae5c       ?write_string_impl@?$output_adapter_common@DV?$stream_output_adapter@D@__crt_stdio_output@@@__crt_stdio_output@@IEBAXQEBDHQEAHAEAV__crt_deferred_errno_cache@@@Z 000000014000be5c f i libucrt:output.obj
 0001:0000af54       __stdio_common_vfprintf    000000014000bf54 f   libucrt:output.obj
 0001:0000afe0       free                       000000014000bfe0 f   libucrt:free.obj
 0001:0000aff4       __acrt_initialize_locks    000000014000bff4 f   libucrt:locks.obj
 0001:0000b03c       __acrt_lock                000000014000c03c f   libucrt:locks.obj
 0001:0000b058       __acrt_uninitialize_locks  000000014000c058 f   libucrt:locks.obj
 0001:0000b090       __acrt_unlock              000000014000c090 f   libucrt:locks.obj
 0001:0000b0ac       _lock_locales              000000014000c0ac f   libucrt:locks.obj
 0001:0000b0c8       _unlock_locales            000000014000c0c8 f   libucrt:locks.obj
 0001:0000b0d8       terminate                  000000014000c0d8 f   libucrt:terminate.obj
 0001:0000b0f8       __acrt_errno_from_os_error 000000014000c0f8 f   libucrt:errno.obj
 0001:0000b140       __acrt_errno_map_os_error  000000014000c140 f   libucrt:errno.obj
 0001:0000b190       __doserrno                 000000014000c190 f   libucrt:errno.obj
 0001:0000b1b0       _errno                     000000014000c1b0 f   libucrt:errno.obj
 0001:0000b1d0       _fclose_nolock             000000014000c1d0 f   libucrt:fclose.obj
 0001:0000b254       fclose                     000000014000c254 f   libucrt:fclose.obj
 0001:0000b4d4       __acrt_stdio_flush_nolock  000000014000c4d4 f   libucrt:fflush.obj
 0001:0000b550       _fflush_nolock             000000014000c550 f   libucrt:fflush.obj
 0001:0000b59c       _flushall                  000000014000c59c f   libucrt:fflush.obj
 0001:0000b5a4       fflush                     000000014000c5a4 f   libucrt:fflush.obj
 0001:0000b60c       _fgetc_nolock              000000014000c60c f   libucrt:fgetc.obj
 0001:0000b650       fgetc                      000000014000c650 f   libucrt:fgetc.obj
 0001:0000b748       fgetpos                    000000014000c748 f   libucrt:fgetpos.obj
 0001:0000b794       _fputc_nolock              000000014000c794 f   libucrt:fputc.obj
 0001:0000b7ac       fputc                      000000014000c7ac f   libucrt:fputc.obj
 0001:0000b8c0       fsetpos                    000000014000c8c0 f   libucrt:fsetpos.obj
 0001:0000bb24       _fseeki64                  000000014000cb24 f   libucrt:fseek.obj
 0001:0000bbd0       _fwrite_nolock             000000014000cbd0 f   libucrt:fwrite.obj
 0001:0000bd78       fwrite                     000000014000cd78 f   libucrt:fwrite.obj
 0001:0000bf2c       setvbuf                    000000014000cf2c f   libucrt:setvbuf.obj
 0001:0000bfc8       _ungetc_nolock             000000014000cfc8 f   libucrt:ungetc.obj
 0001:0000c0e0       ungetc                     000000014000d0e0 f   libucrt:ungetc.obj
 0001:0000c138       malloc                     000000014000d138 f   libucrt:malloc.obj
 0001:0000c44c       setlocale                  000000014000d44c f   libucrt:setlocale.obj
 0001:0000c498       calloc                     000000014000d498 f   libucrt:calloc.obj
 0001:0000c4a0       __pctype_func              000000014000d4a0 f   libucrt:ctype.obj
 0001:0000c4d0       isdigit                    000000014000d4d0 f i libucrt:_ctype.obj
 0001:0000c548       islower                    000000014000d548 f i libucrt:_ctype.obj
 0001:0000c5c0       isupper                    000000014000d5c0 f i libucrt:_ctype.obj
 0001:0000c638       _wcsdup                    000000014000d638 f   libucrt:wcsdup.obj
 0001:0000c6bc       ___lc_codepage_func        000000014000d6bc f   libucrt:initctype.obj
 0001:0000c6ec       ___lc_locale_name_func     000000014000d6ec f   libucrt:initctype.obj
 0001:0000c720       __acrt_locale_initialize_ctype 000000014000d720 f   libucrt:initctype.obj
 0001:0000cd80       ?divide@__crt_strtox@@YA_KAEAUbig_integer@1@AEBU21@@Z 000000014000dd80 f i libucrt:strtod.obj
 0001:0000d2a0       pow                        000000014000e2a0 f   libucrt:pow.obj
 0001:0000e940       powf                       000000014000f940 f   libucrt:powf.obj
 0001:0000f808       __strncnt                  0000000140010808 f   libucrt:strncnt.obj
 0001:0000f898       _ismbblead                 0000000140010898 f   libucrt:ismbbyte.obj
 0001:0000f8fc       _tolower_l                 00000001400108fc f   libucrt:tolower_toupper.obj
 0001:0000fa3c       tolower                    0000000140010a3c f   libucrt:tolower_toupper.obj
 0001:0000fa68       wcscpy_s                   0000000140010a68 f   libucrt:wcscpy_s.obj
 0001:0000fae0       strnlen                    0000000140010ae0 f   libucrt:strnlen.obj
 0001:0000fc30       wcsnlen                    0000000140010c30 f   libucrt:strnlen.obj
 0001:0000fe08       __acrt_initialize_new_handler 0000000140010e08 f   libucrt:new_handler.obj
 0001:0000fe10       _callnewh                  0000000140010e10 f   libucrt:new_handler.obj
 0001:0000fe40       _query_new_handler         0000000140010e40 f   libucrt:new_handler.obj
 0001:0000fe74       _seh_filter_exe            0000000140010e74 f   libucrt:exception_filter.obj
 0001:0000ffec       _query_app_type            0000000140010fec f   libucrt:report_runtime_error.obj
 0001:0000fff4       _set_app_type              0000000140010ff4 f   libucrt:report_runtime_error.obj
 0001:0000fffc       __acrt_has_user_matherr    0000000140010ffc f   libucrt:matherr.obj
 0001:0001001c       __acrt_initialize_user_matherr 000000014001101c f   libucrt:matherr.obj
 0001:00010024       __acrt_invoke_user_matherr 0000000140011024 f   libucrt:matherr.obj
 0001:00010054       __setusermatherr           0000000140011054 f   libucrt:matherr.obj
 0001:00010240       __acrt_allocate_buffer_for_argv 0000000140011240 f   libucrt:argv_parsing.obj
 0001:000102a0       _configure_narrow_argv     00000001400112a0 f   libucrt:argv_parsing.obj
 0001:000106ec       __dcrt_get_or_create_narrow_environment_nolock 00000001400116ec f   libucrt:environment_initialization.obj
 0001:00010728       __dcrt_uninitialize_environments_nolock 0000000140011728 f   libucrt:environment_initialization.obj
 0001:00010760       _get_initial_narrow_environment 0000000140011760 f   libucrt:environment_initialization.obj
 0001:000107b0       _initialize_narrow_environment 00000001400117b0 f   libucrt:environment_initialization.obj
 0001:000107b8       _initterm                  00000001400117b8 f   libucrt:initterm.obj
 0001:0001081c       _initterm_e                000000014001181c f   libucrt:initterm.obj
 0001:00010adc       __acrt_initialize_thread_local_exit_callback 0000000140011adc f   libucrt:exit.obj
 0001:00010ae4       _c_exit                    0000000140011ae4 f   libucrt:exit.obj
 0001:00010af4       _cexit                     0000000140011af4 f   libucrt:exit.obj
 0001:00010b04       _exit                      0000000140011b04 f   libucrt:exit.obj
 0001:00010b10       _register_thread_local_exe_atexit_callback 0000000140011b10 f   libucrt:exit.obj
 0001:00010b54       exit                       0000000140011b54 f   libucrt:exit.obj
 0001:00010b60       _set_fmode                 0000000140011b60 f   libucrt:setmode.obj
 0001:00010ba0       __acrt_initialize_command_line 0000000140011ba0 f   libucrt:argv_data.obj
 0001:00010bc8       __p___argc                 0000000140011bc8 f   libucrt:argv_data.obj
 0001:00010bd0       __p___argv                 0000000140011bd0 f   libucrt:argv_data.obj
 0001:00010e40       __acrt_copy_locale_name    0000000140011e40 f   libucrt:wsetlocale.obj
 0001:00010ec4       __acrt_set_locale_changed  0000000140011ec4 f   libucrt:wsetlocale.obj
 0001:00010ed0       __acrt_uninitialize_locale 0000000140011ed0 f   libucrt:wsetlocale.obj
 0001:00010f00       __lc_lctowcs               0000000140011f00 f   libucrt:wsetlocale.obj
 0001:00010fa4       __lc_wcstolc               0000000140011fa4 f   libucrt:wsetlocale.obj
 0001:00011164       _configthreadlocale        0000000140012164 f   libucrt:wsetlocale.obj
 0001:00011290       _expandlocale              0000000140012290 f   libucrt:wsetlocale.obj
 0001:00011718       _wcscats                   0000000140012718 f   libucrt:wsetlocale.obj
 0001:00011780       _wsetlocale                0000000140012780 f   libucrt:wsetlocale.obj
 0001:00011fec       _query_new_mode            0000000140012fec f   libucrt:new_mode.obj
 0001:00011ff4       _set_new_mode              0000000140012ff4 f   libucrt:new_mode.obj
 0001:00012020       __p__commode               0000000140013020 f   libucrt:ncommode.obj
 0001:000123b0       _crt_atexit                00000001400133b0 f   libucrt:onexit.obj
 0001:000123c0       _execute_onexit_table      00000001400133c0 f   libucrt:onexit.obj
 0001:000123fc       _initialize_onexit_table   00000001400133fc f   libucrt:onexit.obj
 0001:0001243c       _register_onexit_function  000000014001343c f   libucrt:onexit.obj
 0001:000125c4       __acrt_initialize          00000001400135c4 f   libucrt:initialization.obj
 0001:000125d8       __acrt_uninitialize        00000001400135d8 f   libucrt:initialization.obj
 0001:00012610       strcpy_s                   0000000140013610 f   libucrt:strcpy_s.obj
 0001:00012680       wcsncmp                    0000000140013680 f   libucrt:wcsncmp.obj
 0001:000126ac       ??$parse_integer@KV?$c_string_character_source@D@__crt_strtox@@@__crt_strtox@@YAKQEAU__crt_locale_pointers@@V?$c_string_character_source@D@0@H_N@Z 00000001400136ac f i libucrt:atox.obj
 0001:000129e8       ??$parse_integer@KV?$c_string_character_source@_W@__crt_strtox@@@__crt_strtox@@YAKQEAU__crt_locale_pointers@@V?$c_string_character_source@_W@0@H_N@Z 00000001400139e8 f i libucrt:atox.obj
 0001:0001309c       _wtol                      000000014001409c f   libucrt:atox.obj
 0001:000130e0       strncmp                    00000001400140e0 f   libucrt:strncmp.obj
 0001:000131a8       __acrt_get_sigabrt_handler 00000001400141a8 f   libucrt:signal.obj
 0001:000131d8       __acrt_initialize_signal_handlers 00000001400141d8 f   libucrt:signal.obj
 0001:000131f8       raise                      00000001400141f8 f   libucrt:signal.obj
 0001:00013478       _calloc_base               0000000140014478 f   libucrt:calloc_base.obj
 0001:000134f0       _free_base                 00000001400144f0 f   libucrt:free_base.obj
 0001:000137d4       __acrt_AppPolicyGetProcessTerminationMethodInternal 00000001400147d4 f   libucrt:winapi_thunks.obj
 0001:00013824       __acrt_CompareStringEx     0000000140014824 f   libucrt:winapi_thunks.obj
 0001:00013900       __acrt_EnumSystemLocalesEx 0000000140014900 f   libucrt:winapi_thunks.obj
 0001:00013998       __acrt_FlsAlloc            0000000140014998 f   libucrt:winapi_thunks.obj
 0001:000139e0       __acrt_FlsFree             00000001400149e0 f   libucrt:winapi_thunks.obj
 0001:00013a28       __acrt_FlsGetValue         0000000140014a28 f   libucrt:winapi_thunks.obj
 0001:00013a70       __acrt_FlsSetValue         0000000140014a70 f   libucrt:winapi_thunks.obj
 0001:00013ac4       __acrt_GetLocaleInfoEx     0000000140014ac4 f   libucrt:winapi_thunks.obj
 0001:00013b48       __acrt_GetUserDefaultLocaleName 0000000140014b48 f   libucrt:winapi_thunks.obj
 0001:00013bac       __acrt_InitializeCriticalSectionEx 0000000140014bac f   libucrt:winapi_thunks.obj
 0001:00013c10       __acrt_IsValidLocaleName   0000000140014c10 f   libucrt:winapi_thunks.obj
 0001:00013c68       __acrt_LCIDToLocaleName    0000000140014c68 f   libucrt:winapi_thunks.obj
 0001:00013cd8       __acrt_LCMapStringEx       0000000140014cd8 f   libucrt:winapi_thunks.obj
 0001:00013db4       __acrt_LocaleNameToLCID    0000000140014db4 f   libucrt:winapi_thunks.obj
 0001:00013e04       __acrt_can_use_vista_locale_apis 0000000140014e04 f   libucrt:winapi_thunks.obj
 0001:00013e34       __acrt_eagerly_load_locale_apis 0000000140014e34 f   libucrt:winapi_thunks.obj
 0001:00013f90       __acrt_initialize_winapi_thunks 0000000140014f90 f   libucrt:winapi_thunks.obj
 0001:00013fd8       __acrt_uninitialize_winapi_thunks 0000000140014fd8 f   libucrt:winapi_thunks.obj
 0001:0001401c       _fcloseall                 000000014001501c f   libucrt:closeall.obj
 0001:000140d0       __acrt_stdio_free_buffer_nolock 00000001400150d0 f   libucrt:_freebuf.obj
 0001:000142f8       __acrt_initialize_lowio    00000001400152f8 f   libucrt:ioinit.obj
 0001:00014334       __acrt_uninitialize_lowio  0000000140015334 f   libucrt:ioinit.obj
 0001:000146ec       __acrt_getptd              00000001400156ec f   libucrt:per_thread_data.obj
 0001:000147b0       __acrt_getptd_head         00000001400157b0 f   libucrt:per_thread_data.obj
 0001:00014858       __acrt_getptd_noexit       0000000140015858 f   libucrt:per_thread_data.obj
 0001:00014910       __acrt_initialize_ptd      0000000140015910 f   libucrt:per_thread_data.obj
 0001:0001494c       __acrt_uninitialize_ptd    000000014001594c f   libucrt:per_thread_data.obj
 0001:00014970       _malloc_base               0000000140015970 f   libucrt:malloc_base.obj
 0001:000149d0       strtol                     00000001400159d0 f   libucrt:strtox.obj
 0001:000149fc       _mbtowc_l                  00000001400159fc f   libucrt:mbtowc.obj
 0001:00014b78       mbtowc                     0000000140015b78 f   libucrt:mbtowc.obj
 0001:00014b80       _wctomb_s_l                0000000140015b80 f   libucrt:wctomb.obj
 0001:00014d04       wctomb_s                   0000000140015d04 f   libucrt:wctomb.obj
 0001:00014d18       __acrt_update_locale_info  0000000140015d18 f   libucrt:locale_update.obj
 0001:00014d4c       __acrt_update_multibyte_info 0000000140015d4c f   libucrt:locale_update.obj
 0001:00015750       __acrt_fp_format           0000000140016750 f   libucrt:cvt.obj
 0001:000159d8       _fileno                    00000001400169d8 f   libucrt:fileno.obj
 0001:00015a00       _get_printf_count_output   0000000140016a00 f   libucrt:printf_count_output.obj
 0001:00015a18       __acrt_stdio_begin_temporary_buffering_nolock 0000000140016a18 f   libucrt:_sftbuf.obj
 0001:00015ae8       __acrt_stdio_end_temporary_buffering_nolock 0000000140016ae8 f   libucrt:_sftbuf.obj
 0001:00015b98       _close                     0000000140016b98 f   libucrt:close.obj
 0001:00015c3c       _close_nolock              0000000140016c3c f   libucrt:close.obj
 0001:00015cf8       ?__acrt_stdio_free_stream@@YAXV__crt_stdio_stream@@@Z 0000000140016cf8 f   libucrt:stream.obj
 0001:00015da0       _commit                    0000000140016da0 f   libucrt:commit.obj
 0001:000163dc       _write                     00000001400173dc f   libucrt:write.obj
 0001:000164c8       _write_nolock              00000001400174c8 f   libucrt:write.obj
 0001:000167a8       __acrt_stdio_refill_and_read_narrow_nolock 00000001400177a8 f   libucrt:_filbuf.obj
 0001:00016de4       _ftelli64                  0000000140017de4 f   libucrt:ftell.obj
 0001:00016dec       _ftelli64_nolock           0000000140017dec f   libucrt:ftell.obj
 0001:00016ed4       __acrt_stdio_flush_and_write_narrow_nolock 0000000140017ed4 f   libucrt:_flsbuf.obj
 0001:00017148       _lseeki64                  0000000140018148 f   libucrt:lseek.obj
 0001:00017150       _lseeki64_nolock           0000000140018150 f   libucrt:lseek.obj
 0001:00017158       __acrt_stdio_allocate_buffer_nolock 0000000140018158 f   libucrt:_getbuf.obj
 0001:000173c4       _mbstowcs_l                00000001400183c4 f   libucrt:mbstowcs.obj
 0001:000173cc       _mbstowcs_s_l              00000001400183cc f   libucrt:mbstowcs.obj
 0001:00017500       mbstowcs                   0000000140018500 f   libucrt:mbstowcs.obj
 0001:0001751c       mbstowcs_s                 000000014001851c f   libucrt:mbstowcs.obj
 0001:000178a4       _wcstombs_l                00000001400188a4 f   libucrt:wcstombs.obj
 0001:000178ac       _wcstombs_s_l              00000001400188ac f   libucrt:wcstombs.obj
 0001:00017998       _isctype_l                 0000000140018998 f   libucrt:isctype.obj
 0001:00017c28       __acrt_GetLocaleInfoA      0000000140018c28 f   libucrt:getlocaleinfoa.obj
 0001:00017df0       __acrt_GetStringTypeA      0000000140018df0 f   libucrt:getstringtypea.obj
 0001:00018298       __acrt_LCMapStringA        0000000140019298 f   libucrt:lcmapstringa.obj
 0001:00018330       _realloc_base              0000000140019330 f   libucrt:realloc_base.obj
 0001:000183ac       iswctype                   00000001400193ac f   libucrt:iswctype.obj
 0001:0001841c       _raise_exc                 000000014001941c f   libucrt:fpexcept.obj
 0001:00018444       _raise_exc_ex              0000000140019444 f   libucrt:fpexcept.obj
 0001:00018754       _raise_excf                0000000140019754 f   libucrt:fpexcept.obj
 0001:00018780       _set_errno_from_matherr    0000000140019780 f   libucrt:fpexcept.obj
 0001:000187b0       _clrfp                     00000001400197b0 f   libucrt:fpctrl.obj
 0001:000187d0       _ctrlfp                    00000001400197d0 f   libucrt:fpctrl.obj
 0001:0001884c       _set_statfp                000000014001984c f   libucrt:fpctrl.obj
 0001:0001886c       _statfp                    000000014001986c f   libucrt:fpctrl.obj
 0001:00018880       __acrt_initialize_fma3     0000000140019880 f   libucrt:fma3_available.obj
 0001:000188f0       _pow_special               00000001400198f0 f   libucrt:pow_special.obj
 0001:00018a14       _powf_special              0000000140019a14 f   libucrt:pow_special.obj
 0001:00018ba0       __acrt_MultiByteToWideChar 0000000140019ba0 f   libucrt:multibytetowidechar.obj
 0001:00018bfc       __acrt_WideCharToMultiByte 0000000140019bfc f   libucrt:widechartomultibyte.obj
 0001:00018c94       _wcsicmp                   0000000140019c94 f   libucrt:wcsicmp.obj
 0001:00018d2c       _wcsicmp_l                 0000000140019d2c f   libucrt:wcsicmp.obj
 0001:00018e2c       __acrt_initialize_timeset  0000000140019e2c f   libucrt:timeset.obj
 0001:00018e70       _isleadbyte_l              0000000140019e70 f i libucrt:_wctype.obj
 0001:00018eb0       wcscat_s                   0000000140019eb0 f   libucrt:wcscat_s.obj
 0001:00018f3c       wcsncpy_s                  0000000140019f3c f   libucrt:wcsncpy_s.obj
 0001:00019598       __acrt_expand_narrow_argv_wildcards 000000014001a598 f   libucrt:argv_wildcards.obj
 0001:000195a0       __acrt_GetModuleFileNameA  000000014001a5a0 f   libucrt:getmodulefilenamea.obj
 0001:00019d48       __acrt_initialize_multibyte 000000014001ad48 f   libucrt:mbctype.obj
 0001:00019da8       __acrt_update_thread_multibyte_data 000000014001ada8 f   libucrt:mbctype.obj
 0001:00019dc4       _setmbcp_nolock            000000014001adc4 f   libucrt:mbctype.obj
 0001:0001a07c       __dcrt_get_narrow_environment_from_os 000000014001b07c f   libucrt:get_environment_from_os.obj
 0001:0001a58c       __dcrt_set_variable_in_narrow_environment_nolock 000000014001b58c f   libucrt:setenv.obj
 0001:0001a594       __acrt_get_process_end_policy 000000014001b594 f   libucrt:win_policies.obj
 0001:0001a5d0       __acrt_lowio_create_handle_array 000000014001b5d0 f   libucrt:osfinfo.obj
 0001:0001a668       __acrt_lowio_destroy_handle_array 000000014001b668 f   libucrt:osfinfo.obj
 0001:0001a6b8       __acrt_lowio_ensure_fh_exists 000000014001b6b8 f   libucrt:osfinfo.obj
 0001:0001a760       __acrt_lowio_lock_fh       000000014001b760 f   libucrt:osfinfo.obj
 0001:0001a784       __acrt_lowio_unlock_fh     000000014001b784 f   libucrt:osfinfo.obj
 0001:0001a7a8       _free_osfhnd               000000014001b7a8 f   libucrt:osfinfo.obj
 0001:0001a864       _get_osfhandle             000000014001b864 f   libucrt:osfinfo.obj
 0001:0001a8dc       __acrt_locale_free_monetary 000000014001b8dc f   libucrt:initmon.obj
 0001:0001a9e8       __acrt_locale_initialize_monetary 000000014001b9e8 f   libucrt:initmon.obj
 0001:0001af1c       __acrt_locale_free_numeric 000000014001bf1c f   libucrt:initnum.obj
 0001:0001af88       __acrt_locale_initialize_numeric 000000014001bf88 f   libucrt:initnum.obj
 0001:0001b604       __acrt_locale_free_time    000000014001c604 f   libucrt:inittime.obj
 0001:0001b70c       __acrt_locale_initialize_time 000000014001c70c f   libucrt:inittime.obj
 0001:0001b7a8       wcscspn                    000000014001c7a8 f   libucrt:wcscspn.obj
 0001:0001b7e8       wcspbrk                    000000014001c7e8 f   libucrt:wcspbrk.obj
 0001:0001b81c       __acrt_add_locale_ref      000000014001c81c f   libucrt:locale_refcounting.obj
 0001:0001b8a8       __acrt_free_locale         000000014001c8a8 f   libucrt:locale_refcounting.obj
 0001:0001ba20       __acrt_locale_add_lc_time_reference 000000014001ca20 f   libucrt:locale_refcounting.obj
 0001:0001ba48       __acrt_locale_free_lc_time_if_unreferenced 000000014001ca48 f   libucrt:locale_refcounting.obj
 0001:0001ba80       __acrt_locale_release_lc_time_reference 000000014001ca80 f   libucrt:locale_refcounting.obj
 0001:0001baa8       __acrt_release_locale_ref  000000014001caa8 f   libucrt:locale_refcounting.obj
 0001:0001bb50       __acrt_update_thread_locale_data 000000014001cb50 f   libucrt:locale_refcounting.obj
 0001:0001bbc0       _updatetlocinfoEx_nolock   000000014001cbc0 f   libucrt:locale_refcounting.obj
 0001:0001c4b4       __acrt_get_qualified_locale 000000014001d4b4 f   libucrt:get_qualified_locale.obj
 0001:0001cef8       __acrt_get_qualified_locale_downlevel 000000014001def8 f   libucrt:getqloc_downlevel.obj
 0001:0001d178       _recalloc                  000000014001e178 f   libucrt:recalloc.obj
 0001:0001d180       _recalloc_base             000000014001e180 f   libucrt:recalloc.obj
 0001:0001d218       __acrt_initialize_heap     000000014001e218 f   libucrt:heap_handle.obj
 0001:0001d234       __acrt_uninitialize_heap   000000014001e234 f   libucrt:heap_handle.obj
 0001:0001d240       __acrt_execute_initializers 000000014001e240 f   libucrt:shared_initialization.obj
 0001:0001d2c0       __acrt_execute_uninitializers 000000014001e2c0 f   libucrt:shared_initialization.obj
 0001:0001d3e4       __acrt_DownlevelLCIDToLocaleName 000000014001e3e4 f   libucrt:lcidtoname_downlevel.obj
 0001:0001d4cc       __acrt_DownlevelLocaleNameToLCID 000000014001e4cc f   libucrt:lcidtoname_downlevel.obj
 0001:0001d500       ?__mbrtowc_utf8@__crt_mbstring@@YA_KPEA_WPEBD_KPEAU_Mbstatet@@@Z 000000014001e500 f   libucrt:mbrtowc.obj
 0001:0001d53c       ?__mbsrtowcs_utf8@__crt_mbstring@@YA_KPEA_WPEAPEBD_KPEAU_Mbstatet@@@Z 000000014001e53c f   libucrt:mbrtowc.obj
 0001:0001d6b4       __acrt_fp_strflt_to_string 000000014001e6b4 f   libucrt:_fptostr.obj
 0001:0001d798       __acrt_fltout              000000014001e798 f   libucrt:cfout.obj
 0001:0001ea70       _isatty                    000000014001fa70 f   libucrt:isatty.obj
 0001:0001ead0       _putwch_nolock             000000014001fad0 f   libucrt:putwch.obj
 0001:0001f0ec       _read                      00000001400200ec f   libucrt:read.obj
 0001:0001f208       _read_nolock               0000000140020208 f   libucrt:read.obj
 0001:0001f664       ?__wcsrtombs_utf8@__crt_mbstring@@YA_KPEADPEAPEB_W_KPEAU_Mbstatet@@@Z 0000000140020664 f   libucrt:wcrtomb.obj
 0001:0001f780       strncpy_s                  0000000140020780 f   libucrt:strncpy_s.obj
 0001:0001f868       __acrt_GetStringTypeW      0000000140020868 f   libucrt:getstringtypew.obj
 0001:0001f870       __acrt_fenv_get_control    0000000140020870 f   libucrt:_fenvutils.obj
 0001:0001f970       __acrt_fenv_get_status     0000000140020970 f   libucrt:_fenvutils.obj
 0001:0001f9c8       __acrt_fenv_set_control    00000001400209c8 f   libucrt:_fenvutils.obj
 0001:0001fb10       __acrt_fenv_set_status     0000000140020b10 f   libucrt:_fenvutils.obj
 0001:0001fbb0       _get_fpsr                  0000000140020bb0 f   libucrt:fpsr.obj
 0001:0001fbc0       _set_fpsr                  0000000140020bc0 f   libucrt:fpsr.obj
 0001:0001fbca       _fclrf                     0000000140020bca f   libucrt:fpsr.obj
 0001:0001fbde       _frnd                      0000000140020bde f   libucrt:fpsr.obj
 0001:0001fd24       _handle_error              0000000140020d24 f   libucrt:libm_error.obj
 0001:0001fe4c       _handle_errorf             0000000140020e4c f   libucrt:libm_error.obj
 0001:0001ff80       _handle_nan                0000000140020f80 f   libucrt:libm_error.obj
 0001:0001ff9c       _handle_nanf               0000000140020f9c f   libucrt:libm_error.obj
 0001:0001ffac       _towlower_l                0000000140020fac f   libucrt:towlower.obj
 0001:00020070       qsort                      0000000140021070 f   libucrt:qsort.obj
 0001:000204c0       strpbrk                    00000001400214c0 f   libucrt:strpbrk.obj
 0001:000208a0       ??$__acrt_convert_wcs_mbs@D_W$$A6A_KPEA_WPEBD_KPEAU__crt_locale_pointers@@@ZU__crt_win32_buffer_internal_dynamic_resizing@@@@YAHQEBDAEAV?$__crt_win32_buffer@_WU__crt_win32_buffer_internal_dynamic_resizing@@@@A6A_KPEA_WPEBD_KPEAU__crt_locale_pointers@@@Z5@Z 00000001400218a0 f i libucrt:findfirstfileexa.obj
 0001:000209a8       __acrt_FindFirstFileExA    00000001400219a8 f   libucrt:findfirstfileexa.obj
 0001:00020a4c       ??$__acrt_convert_wcs_mbs@_WD$$A6A_KPEADPEB_W_KPEAU__crt_locale_pointers@@@ZU__crt_win32_buffer_no_resizing@@@@YAHQEB_WAEAV?$__crt_win32_buffer@DU__crt_win32_buffer_no_resizing@@@@A6A_KPEADPEB_W_KPEAU__crt_locale_pointers@@@Z5@Z 0000000140021a4c f i libucrt:findnextfilea.obj
 0001:00020b18       __acrt_FindNextFileA       0000000140021b18 f   libucrt:findnextfilea.obj
 0001:00020c4c       _mbsdec                    0000000140021c4c f   libucrt:mbsdec.obj
 0001:00020c54       _mbsdec_l                  0000000140021c54 f   libucrt:mbsdec.obj
 0001:00020d00       _strnicoll                 0000000140021d00 f   libucrt:strnicol.obj
 0001:00020d18       _strnicoll_l               0000000140021d18 f   libucrt:strnicol.obj
 0001:00020e18       __acrt_SetEnvironmentVariableA 0000000140021e18 f   libucrt:setenvironmentvariablea.obj
 0001:00021048       _itow_s                    0000000140022048 f   libucrt:xtoa.obj
 0001:00021068       _wcsnicmp                  0000000140022068 f   libucrt:wcsnicmp.obj
 0001:00021114       _wcsnicmp_l                0000000140022114 f   libucrt:wcsnicmp.obj
 0001:0002123c       wcscmp                     000000014002223c f   libucrt:wcscmp.obj
 0001:00021274       _msize                     0000000140022274 f   libucrt:msize.obj
 0001:0002127c       _msize_base                000000014002227c f   libucrt:msize.obj
 0001:000212b8       ?__mbrtoc32_utf8@__crt_mbstring@@YA_KPEA_UPEBD_KPEAU_Mbstatet@@@Z 00000001400222b8 f   libucrt:mbrtoc32.obj
 0001:00021494       fegetenv                   0000000140022494 f   libucrt:fegetenv.obj
 0001:000214b4       fesetenv                   00000001400224b4 f   libucrt:fesetenv.obj
 0001:00021504       feholdexcept               0000000140022504 f   libucrt:feholdexcept.obj
 0001:00021554       ceil                       0000000140022554 f   libucrt:ceil.obj
 0001:00021620       log10                      0000000140022620 f   libucrt:log10.obj
 0001:00021bcc       __dcrt_lowio_ensure_console_output_initialized 0000000140022bcc f   libucrt:initcon.obj
 0001:00021c20       __dcrt_terminate_console_output 0000000140022c20 f   libucrt:initcon.obj
 0001:00021c3c       __dcrt_write_console       0000000140022c3c f   libucrt:initcon.obj
 0001:00021cfc       ?__c16rtomb_utf8@__crt_mbstring@@YA_KPEAD_SPEAU_Mbstatet@@@Z 0000000140022cfc f   libucrt:c16rtomb.obj
 0001:00021da4       __acrt_LCMapStringW        0000000140022da4 f   libucrt:lcmapstringw.obj
 0001:00021e2c       __ascii_strnicmp           0000000140022e2c f   libucrt:strnicmp.obj
 0001:00021e88       _strnicmp                  0000000140022e88 f   libucrt:strnicmp.obj
 0001:00021ed8       _strnicmp_l                0000000140022ed8 f   libucrt:strnicmp.obj
 0001:00022300       __acrt_CompareStringA      0000000140023300 f   libucrt:comparestringa.obj
 0001:0002238c       _clearfp                   000000014002338c f   libucrt:ieee.obj
 0001:00022400       _log10_special             0000000140023400 f   libucrt:log_special.obj
 0001:000224b8       ?__c32rtomb_utf8@__crt_mbstring@@YA_KPEAD_UPEAU_Mbstatet@@@Z 00000001400234b8 f   libucrt:c32rtomb.obj
 0001:00022570       c32rtomb                   0000000140023570 f   libucrt:c32rtomb.obj
 0001:00022575       IsProcessorFeaturePresent  0000000140023575 f   kernel32:KERNEL32.dll
 0001:0002257b       RtlUnwindEx                000000014002357b f   kernel32:KERNEL32.dll
 0001:00022590       _FindPESection             0000000140023590 f   LIBCMT:pesect.obj
 0001:000225e0       _IsNonwritableInCurrentImage 00000001400235e0 f   LIBCMT:pesect.obj
 0001:00022630       _ValidateImageBase         0000000140023630 f   LIBCMT:pesect.obj
 0001:00022660       strrchr                    0000000140023660 f   libvcruntime:strrchr.obj
 0001:000227ac       strchr                     00000001400237ac f   libvcruntime:strchr.obj
 0001:00022838       wcschr                     0000000140023838 f   libvcruntime:wcschr.obj
 0001:000228e0       _guard_dispatch_icall_nop  00000001400238e0 f   LIBCMT:_guard_dispatch_.obj
 0002:00000000       __imp_ReadFile             0000000140024000     kernel32:KERNEL32.dll
 0002:00000008       __imp_WriteFile            0000000140024008     kernel32:KERNEL32.dll
 0002:00000010       __imp_PurgeComm            0000000140024010     kernel32:KERNEL32.dll
 0002:00000018       __imp_Sleep                0000000140024018     kernel32:KERNEL32.dll
 0002:00000020       __imp_GetLastError         0000000140024020     kernel32:KERNEL32.dll
 0002:00000028       __imp_CreateFileA          0000000140024028     kernel32:KERNEL32.dll
 0002:00000030       __imp_GetCommState         0000000140024030     kernel32:KERNEL32.dll
 0002:00000038       __imp_CloseHandle          0000000140024038     kernel32:KERNEL32.dll
 0002:00000040       __imp_ClearCommError       0000000140024040     kernel32:KERNEL32.dll
 0002:00000048       __imp_SetCommState         0000000140024048     kernel32:KERNEL32.dll
 0002:00000050       __imp_CreateFileW          0000000140024050     kernel32:KERNEL32.dll
 0002:00000058       __imp_WideCharToMultiByte  0000000140024058     kernel32:KERNEL32.dll
 0002:00000060       __imp_EnterCriticalSection 0000000140024060     kernel32:KERNEL32.dll
 0002:00000068       __imp_LeaveCriticalSection 0000000140024068     kernel32:KERNEL32.dll
 0002:00000070       __imp_DeleteCriticalSection 0000000140024070     kernel32:KERNEL32.dll
 0002:00000078       __imp_SetLastError         0000000140024078     kernel32:KERNEL32.dll
 0002:00000080       __imp_InitializeCriticalSectionAndSpinCount 0000000140024080     kernel32:KERNEL32.dll
 0002:00000088       __imp_SwitchToThread       0000000140024088     kernel32:KERNEL32.dll
 0002:00000090       __imp_TlsAlloc             0000000140024090     kernel32:KERNEL32.dll
 0002:00000098       __imp_TlsGetValue          0000000140024098     kernel32:KERNEL32.dll
 0002:000000a0       __imp_TlsSetValue          00000001400240a0     kernel32:KERNEL32.dll
 0002:000000a8       __imp_TlsFree              00000001400240a8     kernel32:KERNEL32.dll
 0002:000000b0       __imp_GetSystemTimeAsFileTime 00000001400240b0     kernel32:KERNEL32.dll
 0002:000000b8       __imp_GetModuleHandleW     00000001400240b8     kernel32:KERNEL32.dll
 0002:000000c0       __imp_GetProcAddress       00000001400240c0     kernel32:KERNEL32.dll
 0002:000000c8       __imp_EncodePointer        00000001400240c8     kernel32:KERNEL32.dll
 0002:000000d0       __imp_DecodePointer        00000001400240d0     kernel32:KERNEL32.dll
 0002:000000d8       __imp_MultiByteToWideChar  00000001400240d8     kernel32:KERNEL32.dll
 0002:000000e0       __imp_CompareStringW       00000001400240e0     kernel32:KERNEL32.dll
 0002:000000e8       __imp_LCMapStringW         00000001400240e8     kernel32:KERNEL32.dll
 0002:000000f0       __imp_GetLocaleInfoW       00000001400240f0     kernel32:KERNEL32.dll
 0002:000000f8       __imp_GetStringTypeW       00000001400240f8     kernel32:KERNEL32.dll
 0002:00000100       __imp_GetCPInfo            0000000140024100     kernel32:KERNEL32.dll
 0002:00000108       __imp_RtlCaptureContext    0000000140024108     kernel32:KERNEL32.dll
 0002:00000110       __imp_RtlLookupFunctionEntry 0000000140024110     kernel32:KERNEL32.dll
 0002:00000118       __imp_RtlVirtualUnwind     0000000140024118     kernel32:KERNEL32.dll
 0002:00000120       __imp_UnhandledExceptionFilter 0000000140024120     kernel32:KERNEL32.dll
 0002:00000128       __imp_SetUnhandledExceptionFilter 0000000140024128     kernel32:KERNEL32.dll
 0002:00000130       __imp_GetCurrentProcess    0000000140024130     kernel32:KERNEL32.dll
 0002:00000138       __imp_TerminateProcess     0000000140024138     kernel32:KERNEL32.dll
 0002:00000140       __imp_IsProcessorFeaturePresent 0000000140024140     kernel32:KERNEL32.dll
 0002:00000148       __imp_QueryPerformanceCounter 0000000140024148     kernel32:KERNEL32.dll
 0002:00000150       __imp_GetCurrentProcessId  0000000140024150     kernel32:KERNEL32.dll
 0002:00000158       __imp_GetCurrentThreadId   0000000140024158     kernel32:KERNEL32.dll
 0002:00000160       __imp_InitializeSListHead  0000000140024160     kernel32:KERNEL32.dll
 0002:00000168       __imp_IsDebuggerPresent    0000000140024168     kernel32:KERNEL32.dll
 0002:00000170       __imp_GetStartupInfoW      0000000140024170     kernel32:KERNEL32.dll
 0002:00000178       __imp_RtlPcToFileHeader    0000000140024178     kernel32:KERNEL32.dll
 0002:00000180       __imp_RaiseException       0000000140024180     kernel32:KERNEL32.dll
 0002:00000188       __imp_RtlUnwindEx          0000000140024188     kernel32:KERNEL32.dll
 0002:00000190       __imp_FreeLibrary          0000000140024190     kernel32:KERNEL32.dll
 0002:00000198       __imp_LoadLibraryExW       0000000140024198     kernel32:KERNEL32.dll
 0002:000001a0       __imp_GetStdHandle         00000001400241a0     kernel32:KERNEL32.dll
 0002:000001a8       __imp_GetModuleFileNameW   00000001400241a8     kernel32:KERNEL32.dll
 0002:000001b0       __imp_ExitProcess          00000001400241b0     kernel32:KERNEL32.dll
 0002:000001b8       __imp_GetModuleHandleExW   00000001400241b8     kernel32:KERNEL32.dll
 0002:000001c0       __imp_GetCommandLineA      00000001400241c0     kernel32:KERNEL32.dll
 0002:000001c8       __imp_GetCommandLineW      00000001400241c8     kernel32:KERNEL32.dll
 0002:000001d0       __imp_HeapAlloc            00000001400241d0     kernel32:KERNEL32.dll
 0002:000001d8       __imp_HeapFree             00000001400241d8     kernel32:KERNEL32.dll
 0002:000001e0       __imp_IsValidLocale        00000001400241e0     kernel32:KERNEL32.dll
 0002:000001e8       __imp_GetUserDefaultLCID   00000001400241e8     kernel32:KERNEL32.dll
 0002:000001f0       __imp_EnumSystemLocalesW   00000001400241f0     kernel32:KERNEL32.dll
 0002:000001f8       __imp_GetFileType          00000001400241f8     kernel32:KERNEL32.dll
 0002:00000200       __imp_FlushFileBuffers     0000000140024200     kernel32:KERNEL32.dll
 0002:00000208       __imp_GetConsoleCP         0000000140024208     kernel32:KERNEL32.dll
 0002:00000210       __imp_GetConsoleMode       0000000140024210     kernel32:KERNEL32.dll
 0002:00000218       __imp_SetFilePointerEx     0000000140024218     kernel32:KERNEL32.dll
 0002:00000220       __imp_HeapReAlloc          0000000140024220     kernel32:KERNEL32.dll
 0002:00000228       __imp_FindClose            0000000140024228     kernel32:KERNEL32.dll
 0002:00000230       __imp_FindFirstFileExW     0000000140024230     kernel32:KERNEL32.dll
 0002:00000238       __imp_FindNextFileW        0000000140024238     kernel32:KERNEL32.dll
 0002:00000240       __imp_IsValidCodePage      0000000140024240     kernel32:KERNEL32.dll
 0002:00000248       __imp_GetACP               0000000140024248     kernel32:KERNEL32.dll
 0002:00000250       __imp_GetOEMCP             0000000140024250     kernel32:KERNEL32.dll
 0002:00000258       __imp_GetEnvironmentStringsW 0000000140024258     kernel32:KERNEL32.dll
 0002:00000260       __imp_FreeEnvironmentStringsW 0000000140024260     kernel32:KERNEL32.dll
 0002:00000268       __imp_SetEnvironmentVariableW 0000000140024268     kernel32:KERNEL32.dll
 0002:00000270       __imp_SetStdHandle         0000000140024270     kernel32:KERNEL32.dll
 0002:00000278       __imp_GetProcessHeap       0000000140024278     kernel32:KERNEL32.dll
 0002:00000280       __imp_ReadConsoleW         0000000140024280     kernel32:KERNEL32.dll
 0002:00000288       __imp_HeapSize             0000000140024288     kernel32:KERNEL32.dll
 0002:00000290       __imp_WriteConsoleW        0000000140024290     kernel32:KERNEL32.dll
 0002:00000298       \177KERNEL32_NULL_THUNK_DATA 0000000140024298     kernel32:KERNEL32.dll
 0002:000002a0       __guard_check_icall_fptr   00000001400242a0     LIBCMT:guard_support.obj
[...]
 0004:000019d4       $pdata$_recalloc_base      000000014003c9d4     libucrt:recalloc.obj
 0004:000019e0       $pdata$__acrt_initialize_heap 000000014003c9e0     libucrt:heap_handle.obj
 0004:000019ec       $pdata$__acrt_execute_initializers 000000014003c9ec     libucrt:shared_initialization.obj
 0004:000019f8       $pdata$__acrt_execute_uninitializers 000000014003c9f8     libucrt:shared_initialization.obj
 0004:00001a04       $pdata$?GetTableIndexFromLocaleName@@YAHPEB_W@Z 000000014003ca04     libucrt:lcidtoname_downlevel.obj
 0004:00001a10       $pdata$__acrt_DownlevelLCIDToLocaleName 000000014003ca10     libucrt:lcidtoname_downlevel.obj
 0004:00001a1c       $pdata$__acrt_DownlevelLocaleNameToLCID 000000014003ca1c     libucrt:lcidtoname_downlevel.obj
 0004:00001a28       $pdata$?__mbrtowc_utf8@__crt_mbstring@@YA_KPEA_WPEBD_KPEAU_Mbstatet@@@Z 000000014003ca28     libucrt:mbrtowc.obj
 0004:00001a34       $pdata$?__mbsrtowcs_utf8@__crt_mbstring@@YA_KPEA_WPEAPEBD_KPEAU_Mbstatet@@@Z 000000014003ca34     libucrt:mbrtowc.obj
 0004:00001a40       $pdata$__acrt_fp_strflt_to_string 000000014003ca40     libucrt:_fptostr.obj
 0004:00001a4c       $pdata$__acrt_fltout       000000014003ca4c     libucrt:cfout.obj
 0004:00001a58       $pdata$_isatty             000000014003ca58     libucrt:isatty.obj
 0004:00001a64       $pdata$_putwch_nolock      000000014003ca64     libucrt:putwch.obj
 0004:00001a70       $pdata$??$translate_text_mode_nolock@D@@YAHHQEAD_K@Z 000000014003ca70     libucrt:read.obj
 0004:00001a7c       $pdata$??$translate_text_mode_nolock@_W@@YAHHQEA_W_K@Z 000000014003ca7c     libucrt:read.obj
 0004:00001a88       $pdata$?translate_ansi_or_utf8_nolock@@YAHHQEAD_KQEA_W1@Z 000000014003ca88     libucrt:read.obj
 0004:00001a94       $pdata$_read               000000014003ca94     libucrt:read.obj
 0004:00001aa0       $pdata$_read_nolock        000000014003caa0     libucrt:read.obj
 0004:00001aac       $pdata$?__wcsrtombs_utf8@__crt_mbstring@@YA_KPEADPEAPEB_W_KPEAU_Mbstatet@@@Z 000000014003caac     libucrt:wcrtomb.obj
 0004:00001ab8       $pdata$strncpy_s           000000014003cab8     libucrt:strncpy_s.obj
 0004:00001ac4       $pdata$__acrt_fenv_set_control 000000014003cac4     libucrt:_fenvutils.obj
 0004:00001adc       $pdata$_call_matherr       000000014003cadc     libucrt:libm_error.obj
 0004:00001ae8       $pdata$_exception_enabled  000000014003cae8     libucrt:libm_error.obj
 0004:00001af4       $pdata$_handle_error       000000014003caf4     libucrt:libm_error.obj
 0004:00001b00       $pdata$_handle_errorf      000000014003cb00     libucrt:libm_error.obj
 0004:00001b0c       $pdata$_towlower_l         000000014003cb0c     libucrt:towlower.obj
 0004:00001b18       $pdata$qsort               000000014003cb18     libucrt:qsort.obj
 0004:00001b24       $pdata$4$qsort             000000014003cb24     libucrt:qsort.obj
 0004:00001b30       $pdata$5$qsort             000000014003cb30     libucrt:qsort.obj
 0004:00001b3c       $pdata$fallbackMethod      000000014003cb3c     libucrt:strpbrk.obj
 0004:00001b48       $pdata$strpbrk             000000014003cb48     libucrt:strpbrk.obj
 0004:00001b54       $pdata$??$__acrt_convert_wcs_mbs@D_W$$A6A_KPEA_WPEBD_KPEAU__crt_locale_pointers@@@ZU__crt_win32_buffer_internal_dynamic_resizing@@@@YAHQEBDAEAV?$__crt_win32_buffer@_WU__crt_win32_buffer_internal_dynamic_resizing@@@@A6A_KPEA_WPEBD_KPEAU__crt_locale_pointers@@@Z5@Z 000000014003cb54     libucrt:findfirstfileexa.obj
 0004:00001b60       $pdata$__acrt_FindFirstFileExA 000000014003cb60     libucrt:findfirstfileexa.obj
 0004:00001b6c       $pdata$??$__acrt_convert_wcs_mbs@_WD$$A6A_KPEADPEB_W_KPEAU__crt_locale_pointers@@@ZU__crt_win32_buffer_no_resizing@@@@YAHQEB_WAEAV?$__crt_win32_buffer@DU__crt_win32_buffer_no_resizing@@@@A6A_KPEADPEB_W_KPEAU__crt_locale_pointers@@@Z5@Z 000000014003cb6c     libucrt:findnextfilea.obj
 0004:00001b78       $pdata$__acrt_FindNextFileA 000000014003cb78     libucrt:findnextfilea.obj
 0004:00001b84       $pdata$_mbsdec_l           000000014003cb84     libucrt:mbsdec.obj
 0004:00001b90       $pdata$?initialize_multibyte@@YAHXZ 000000014003cb90     libucrt:multibyte_initializer.obj
 0004:00001b9c       $pdata$_strnicoll_l        000000014003cb9c     libucrt:strnicol.obj
 0004:00001ba8       $pdata$__acrt_SetEnvironmentVariableA 000000014003cba8     libucrt:setenvironmentvariablea.obj
 0004:00001bb4       $pdata$??$common_xtox@K_W@@YAHKQEA_W_KI_N@Z 000000014003cbb4     libucrt:xtoa.obj
 0004:00001bc0       $pdata$??$common_xtox_s@K_W@@YAHKQEA_W_KI_N@Z 000000014003cbc0     libucrt:xtoa.obj
 0004:00001bcc       $pdata$_itow_s             000000014003cbcc     libucrt:xtoa.obj
 0004:00001bd8       $pdata$_wcsnicmp           000000014003cbd8     libucrt:wcsnicmp.obj
 0004:00001be4       $pdata$_wcsnicmp_l         000000014003cbe4     libucrt:wcsnicmp.obj
 0004:00001bf0       $pdata$_msize_base         000000014003cbf0     libucrt:msize.obj
 0004:00001bfc       $pdata$?__mbrtoc32_utf8@__crt_mbstring@@YA_KPEA_UPEBD_KPEAU_Mbstatet@@@Z 000000014003cbfc     libucrt:mbrtoc32.obj
 0004:00001c08       $pdata$fegetenv            000000014003cc08     libucrt:fegetenv.obj
 0004:00001c14       $pdata$fesetenv            000000014003cc14     libucrt:fesetenv.obj
 0004:00001c20       $pdata$feholdexcept        000000014003cc20     libucrt:feholdexcept.obj
 0004:00001c38       $pdata$__dcrt_lowio_ensure_console_output_initialized 000000014003cc38     libucrt:initcon.obj
 0004:00001c44       $pdata$__dcrt_terminate_console_output 000000014003cc44     libucrt:initcon.obj
 0004:00001c50       $pdata$__dcrt_write_console 000000014003cc50     libucrt:initcon.obj
 0004:00001c5c       $pdata$?__c16rtomb_utf8@__crt_mbstring@@YA_KPEAD_SPEAU_Mbstatet@@@Z 000000014003cc5c     libucrt:c16rtomb.obj
 0004:00001c68       $pdata$__acrt_LCMapStringW 000000014003cc68     libucrt:lcmapstringw.obj
 0004:00001c74       $pdata$__ascii_strnicmp    000000014003cc74     libucrt:strnicmp.obj
 0004:00001c80       $pdata$_strnicmp           000000014003cc80     libucrt:strnicmp.obj
 0004:00001c8c       $pdata$_strnicmp_l         000000014003cc8c     libucrt:strnicmp.obj
 0004:00001c98       $pdata$?InternalCompareStringA@@YAHPEAU__crt_locale_pointers@@PEB_WKPEBDH2HH@Z 000000014003cc98     libucrt:comparestringa.obj
 0004:00001ca4       $pdata$__acrt_CompareStringA 000000014003cca4     libucrt:comparestringa.obj
 0004:00001cb0       $pdata$_clearfp            000000014003ccb0     libucrt:ieee.obj
 0004:00001cbc       $pdata$_log10_special      000000014003ccbc     libucrt:log_special.obj
 0004:00001cc8       $pdata$_log_special_common 000000014003ccc8     libucrt:log_special.obj
 0004:00001cd4       $pdata$?__c32rtomb_utf8@__crt_mbstring@@YA_KPEAD_UPEAU_Mbstatet@@@Z 000000014003ccd4     libucrt:c32rtomb.obj
 0004:00001ce0       $pdata$_IsNonwritableInCurrentImage 000000014003cce0     LIBCMT:pesect.obj
 0004:00001cec       $pdata$strrchr             000000014003ccec     libvcruntime:strrchr.obj
 0004:00001cf8       $pdata$strchr              000000014003ccf8     libvcruntime:strchr.obj
 0004:00001d04       $pdata$wcschr              000000014003cd04     libvcruntime:wcschr.obj
 0004:00001d1c       $pdata$?dtor$0@?0???0?$basic_ostream@DU?$char_traits@D@std@@@std@@QEAA@PEAV?$basic_streambuf@DU?$char_traits@D@std@@@1@_N@Z@4HA 000000014003cd1c     libcpmt:cout.obj
 0004:00001d28       $pdata$?dtor$0@?0??_Getcat@?$codecvt@DDU_Mbstatet@@@std@@SA_KPEAPEBVfacet@locale@2@PEBV42@@Z@4HA 000000014003cd28     libcpmt:cout.obj
 0004:00001d34       $pdata$?dtor$0@?0???0?$basic_istream@DU?$char_traits@D@std@@@std@@QEAA@PEAV?$basic_streambuf@DU?$char_traits@D@std@@@1@_N@Z@4HA 000000014003cd34     libcpmt:cin.obj
 0004:00001d40       $pdata$?filt$0@?0??__scrt_common_main_seh@@YAHXZ@4HA 000000014003cd40     LIBCMT:exe_main.obj
 0004:00001d4c       $pdata$__scrt_is_nonwritable_in_current_image$filt$0 000000014003cd4c     LIBCMT:utility.obj
 0004:00001d58       $pdata$_CallSETranslator$filt$0 000000014003cd58     libvcruntime:risctrnsctrl.obj
 0004:00001d64       $pdata$__DestructExceptionObject$filt$0 000000014003cd64     libvcruntime:ehhelpers.obj
 0004:00001d70       $pdata$__CxxCallCatchBlock$filt$0 000000014003cd70     libvcruntime:frame.obj
 0004:00001d7c       $pdata$__CxxCallCatchBlock$fin$1 000000014003cd7c     libvcruntime:frame.obj
 0004:00001d88       $pdata$__FrameUnwindToState$filt$0 000000014003cd88     libvcruntime:frame.obj
 0004:00001d94       $pdata$__FrameUnwindToState$fin$1 000000014003cd94     libvcruntime:frame.obj
 0004:00001da0       $pdata$?fin$0@?0???$?RV<lambda_a62c933ada0517137acf5807a1eeac1f>@@AEAV<lambda_a31071773b9a94e445cbd5d04ef99106>@@V<lambda_56065050dbf3ada7e59a83db45153de3>@@@?$__crt_seh_guarded_call@H@@QEAAH$$QEAV<lambda_a62c933ada0517137acf5807a1eeac1f>@@AEAV<lambda_a31071773b9a94e445cbd5d04ef99106>@@$$QEAV<lambda_56065050dbf3ada7e59a83db45153de3>@@@Z@4HA 000000014003cda0     libucrt:output.obj
 0004:00001da0       $pdata$?fin$0@?0???$?RV<lambda_842d9ff0dc9ef11c61343bbaebe7f885>@@AEAV<lambda_c5860995281e5c4ce005b3de8f5874ee>@@V<lambda_d90129c13df834fdcbf8d2b88dafcf2d>@@@?$__crt_seh_guarded_call@X@@QEAAX$$QEAV<lambda_842d9ff0dc9ef11c61343bbaebe7f885>@@AEAV<lambda_c5860995281e5c4ce005b3de8f5874ee>@@$$QEAV<lambda_d90129c13df834fdcbf8d2b88dafcf2d>@@@Z@4HA 000000014003cda0     libucrt:fflush.obj
 0004:00001da0       $pdata$?fin$0@?0???$?RV<lambda_84ec643ea9557e2f7dc01bb0e9624395>@@AEAV<lambda_ca71763b3c0644891230e4f79ea54fa6>@@V<lambda_439a761618c59b0600e24586724d733b>@@@?$__crt_seh_guarded_call@H@@QEAAH$$QEAV<lambda_84ec643ea9557e2f7dc01bb0e9624395>@@AEAV<lambda_ca71763b3c0644891230e4f79ea54fa6>@@$$QEAV<lambda_439a761618c59b0600e24586724d733b>@@@Z@4HA 000000014003cda0     libucrt:setvbuf.obj
 0004:00001da0       $pdata$?fin$0@?0???$?RV<lambda_c376a267cfb53b6959b3b692ec76b120>@@AEAV<lambda_9a32fed5bf61b6b509b2d3f6003082a1>@@V<lambda_572fbb9fa0ab338edf41edfd4b5fcc8d>@@@?$__crt_seh_guarded_call@H@@QEAAH$$QEAV<lambda_c376a267cfb53b6959b3b692ec76b120>@@AEAV<lambda_9a32fed5bf61b6b509b2d3f6003082a1>@@$$QEAV<lambda_572fbb9fa0ab338edf41edfd4b5fcc8d>@@@Z@4HA 000000014003cda0     libucrt:fflush.obj
 0004:00001da0       $pdata$?fin$0@?0???$?RV<lambda_bdbcead8b570fa3d5ec6d9679862a6e5>@@AEAV<lambda_96f4279ff90247a4c5c5d9824f56f8c1>@@V<lambda_4606be27f17b5e5579e09050fab91818>@@@?$__crt_seh_guarded_call@_K@@QEAA_K$$QEAV<lambda_bdbcead8b570fa3d5ec6d9679862a6e5>@@AEAV<lambda_96f4279ff90247a4c5c5d9824f56f8c1>@@$$QEAV<lambda_4606be27f17b5e5579e09050fab91818>@@@Z@4HA 000000014003cda0     libucrt:fwrite.obj
 0004:00001dac       $pdata$?fin$0@?0???$common_ftell@_J@@YA_JV__crt_stdio_stream@@@Z@4HA 000000014003cdac     libucrt:ftell.obj
 0004:00001dac       $pdata$?fin$0@?0??common_fseek@@YAHV__crt_stdio_stream@@_JH@Z@4HA 000000014003cdac     libucrt:fseek.obj
 0004:00001dac       $pdata$fclose$fin$0        000000014003cdac     libucrt:fclose.obj
 0004:00001db8       $pdata$?fin$0@?0???$?RV<lambda_886d6c58226a84441f68b9f2b8217b83>@@AEAV<lambda_ab61a845afdef5b7c387490eaf3616ee>@@V<lambda_f7f22ab5edc0698d5f6905b0d3f44752>@@@?$__crt_seh_guarded_call@X@@QEAAX$$QEAV<lambda_886d6c58226a84441f68b9f2b8217b83>@@AEAV<lambda_ab61a845afdef5b7c387490eaf3616ee>@@$$QEAV<lambda_f7f22ab5edc0698d5f6905b0d3f44752>@@@Z@4HA 000000014003cdb8     libucrt:fflush.obj
 0004:00001dc4       $pdata$fgetc$fin$0         000000014003cdc4     libucrt:fgetc.obj
 0004:00001dd0       $pdata$fputc$fin$0         000000014003cdd0     libucrt:fputc.obj
 0004:00001ddc       $pdata$ungetc$fin$0        000000014003cddc     libucrt:ungetc.obj
 0004:00001de8       $pdata$?fin$0@?0???$?RV<lambda_9bd929c17696992ce54f1d748594fc62>@@AEAV<lambda_082c17da81b0962e08c0587ee0fac50c>@@V<lambda_9c08ac857f4975304d44e9f601d9b878>@@@?$__crt_seh_guarded_call@PEAD@@QEAAPEAD$$QEAV<lambda_9bd929c17696992ce54f1d748594fc62>@@AEAV<lambda_082c17da81b0962e08c0587ee0fac50c>@@$$QEAV<lambda_9c08ac857f4975304d44e9f601d9b878>@@@Z@4HA 000000014003cde8     libucrt:setlocale.obj
 0004:00001de8       $pdata$?fin$0@?0???$?RV<lambda_0ae27a3a962d80f24befdcbee591983d>@@AEAV<lambda_8d0ee55de4b1038c4002e0adecdf1839>@@V<lambda_dc504788e8f1664fe9b84e20bfb512f2>@@@?$__crt_seh_guarded_call@X@@QEAAX$$QEAV<lambda_0ae27a3a962d80f24befdcbee591983d>@@AEAV<lambda_8d0ee55de4b1038c4002e0adecdf1839>@@$$QEAV<lambda_dc504788e8f1664fe9b84e20bfb512f2>@@@Z@4HA 000000014003cde8     libucrt:per_thread_data.obj
 0004:00001de8       $pdata$?fin$0@?0???$?RV<lambda_7777bce6b2f8c936911f934f8298dc43>@@AEAV<lambda_f03950bc5685219e0bcd2087efbe011e>@@V<lambda_3883c3dff614d5e0c5f61bb1ac94921c>@@@?$__crt_seh_guarded_call@H@@QEAAH$$QEAV<lambda_7777bce6b2f8c936911f934f8298dc43>@@AEAV<lambda_f03950bc5685219e0bcd2087efbe011e>@@$$QEAV<lambda_3883c3dff614d5e0c5f61bb1ac94921c>@@@Z@4HA 000000014003cde8     libucrt:onexit.obj
 0004:00001de8       $pdata$?fin$0@?0???$?RV<lambda_450d765d439847d4c735a33c368b5fc0>@@AEAV<lambda_44731a7d0e6d81c3e6aa82d741081786>@@V<lambda_601a2a7da3b7a96e9554ac7215c4b07c>@@@?$__crt_seh_guarded_call@P6AXH@Z@@QEAAP6AXH@Z$$QEAV<lambda_450d765d439847d4c735a33c368b5fc0>@@AEAV<lambda_44731a7d0e6d81c3e6aa82d741081786>@@$$QEAV<lambda_601a2a7da3b7a96e9554ac7215c4b07c>@@@Z@4HA 000000014003cde8     libucrt:signal.obj
 0004:00001de8       $pdata$?fin$0@?0???$?RV<lambda_8369fcb7c4df1e85de37618bd2b85f07>@@AEAV<lambda_a10e4b102d4a2c3aac6f4f48bbdf488f>@@V<lambda_5b7707bd6d7a0c4713179f36c7fd995d>@@@?$__crt_seh_guarded_call@H@@QEAAH$$QEAV<lambda_8369fcb7c4df1e85de37618bd2b85f07>@@AEAV<lambda_a10e4b102d4a2c3aac6f4f48bbdf488f>@@$$QEAV<lambda_5b7707bd6d7a0c4713179f36c7fd995d>@@@Z@4HA 000000014003cde8     libucrt:onexit.obj
 0004:00001de8       $pdata$?fin$0@?0???$?RV<lambda_d80eeec6fff315bfe5c115232f3240e3>@@AEAV<lambda_6e4b09c48022b2350581041d5f6b0c4c>@@V<lambda_2358e3775559c9db80273638284d5e45>@@@?$__crt_seh_guarded_call@X@@QEAAX$$QEAV<lambda_d80eeec6fff315bfe5c115232f3240e3>@@AEAV<lambda_6e4b09c48022b2350581041d5f6b0c4c>@@$$QEAV<lambda_2358e3775559c9db80273638284d5e45>@@@Z@4HA 000000014003cde8     libucrt:exit.obj
 0004:00001de8       $pdata$?fin$0@?0???$?RV<lambda_2d41944a1d46af3157314b8a01080d33>@@AEAV<lambda_8f455de75cd7d7f24b4096f044d8b9e6>@@V<lambda_aa500f224e6afead328df44964fe2772>@@@?$__crt_seh_guarded_call@X@@QEAAX$$QEAV<lambda_2d41944a1d46af3157314b8a01080d33>@@AEAV<lambda_8f455de75cd7d7f24b4096f044d8b9e6>@@$$QEAV<lambda_aa500f224e6afead328df44964fe2772>@@@Z@4HA 000000014003cde8     libucrt:per_thread_data.obj
 0004:00001de8       $pdata$?fin$0@?0???$?RV<lambda_bd00b5aa228bd7e7e5b2b5db5fd2933b>@@AEAV<lambda_777d11615145f89ee95b9466d285deeb>@@V<lambda_6e5e48fbd24f9f8f81b203eb3d877683>@@@?$__crt_seh_guarded_call@H@@QEAAH$$QEAV<lambda_bd00b5aa228bd7e7e5b2b5db5fd2933b>@@AEAV<lambda_777d11615145f89ee95b9466d285deeb>@@$$QEAV<lambda_6e5e48fbd24f9f8f81b203eb3d877683>@@@Z@4HA 000000014003cde8     libucrt:winapi_thunks.obj
 0004:00001de8       $pdata$?fin$0@?0???$?RV<lambda_f2e299630e499de9f9a165e60fcd3db5>@@AEAV<lambda_2ae9d31cdba2644fcbeaf08da7c24588>@@V<lambda_40d01ff24d0e7b3814fdbdcee8eab3c7>@@@?$__crt_seh_guarded_call@X@@QEAAX$$QEAV<lambda_f2e299630e499de9f9a165e60fcd3db5>@@AEAV<lambda_2ae9d31cdba2644fcbeaf08da7c24588>@@$$QEAV<lambda_40d01ff24d0e7b3814fdbdcee8eab3c7>@@@Z@4HA 000000014003cde8     libucrt:per_thread_data.obj
 0004:00001de8       $pdata$?fin$0@?0???$?RV<lambda_1d892b297fdedeee07ed8124eeb2f2fa>@@AEAV<lambda_ffc046909424fd52df0ac47e64813305>@@V<lambda_01a7098693036236037e7cdb9bca3d73>@@@?$__crt_seh_guarded_call@X@@QEAAX$$QEAV<lambda_1d892b297fdedeee07ed8124eeb2f2fa>@@AEAV<lambda_ffc046909424fd52df0ac47e64813305>@@$$QEAV<lambda_01a7098693036236037e7cdb9bca3d73>@@@Z@4HA 000000014003cde8     libucrt:wsetlocale.obj
 0004:00001de8       $pdata$?fin$0@?0???$?RV<lambda_efdfa57d1f175319df784efa44bb7b81>@@AEAV<lambda_5f0a4c1567f8adc6734073e5d1e1b35c>@@V<lambda_2e8a7d3640ea6ccb4c2413664c2db6fd>@@@?$__crt_seh_guarded_call@X@@QEAAX$$QEAV<lambda_efdfa57d1f175319df784efa44bb7b81>@@AEAV<lambda_5f0a4c1567f8adc6734073e5d1e1b35c>@@$$QEAV<lambda_2e8a7d3640ea6ccb4c2413664c2db6fd>@@@Z@4HA 000000014003cde8     libucrt:mbctype.obj
 0004:00001de8       $pdata$?fin$0@?0???$?RV<lambda_aa87e3671a710a21b5dc78c0bdf72e11>@@AEAV<lambda_92619d2358a28f41a33ba319515a20b9>@@V<lambda_6992ecaafeb10aed2b74cb1fae11a551>@@@?$__crt_seh_guarded_call@X@@QEAAX$$QEAV<lambda_aa87e3671a710a21b5dc78c0bdf72e11>@@AEAV<lambda_92619d2358a28f41a33ba319515a20b9>@@$$QEAV<lambda_6992ecaafeb10aed2b74cb1fae11a551>@@@Z@4HA 000000014003cde8     libucrt:per_thread_data.obj
 0004:00001df4       $pdata$_query_new_handler$fin$0 000000014003cdf4     libucrt:new_handler.obj
 0004:00001e00       $pdata$?filt$0@?0???R<lambda_6e4b09c48022b2350581041d5f6b0c4c>@@QEBA@XZ@4HA 000000014003ce00     libucrt:exit.obj
 0004:00001e0c       $pdata$?fin$0@?0???$?RV<lambda_410d79af7f07d98d83a3f525b3859a53>@@AEAV<lambda_3e16ef9562a7dcce91392c22ab16ea36>@@V<lambda_38119f0e861e05405d8a144b9b982f0a>@@@?$__crt_seh_guarded_call@X@@QEAAX$$QEAV<lambda_410d79af7f07d98d83a3f525b3859a53>@@AEAV<lambda_3e16ef9562a7dcce91392c22ab16ea36>@@$$QEAV<lambda_38119f0e861e05405d8a144b9b982f0a>@@@Z@4HA 000000014003ce0c     libucrt:wsetlocale.obj
 0004:00001e18       $pdata$?fin$0@?0???$?RV<lambda_7f2adfce497ff2baa965cd4f576ecfd1>@@AEAV<lambda_2a444430fde8c29194d880d93eed5e8f>@@AEAV<lambda_8dff2cf36a5417162780cd64fa2883ef>@@@?$__crt_seh_guarded_call@X@@QEAAX$$QEAV<lambda_7f2adfce497ff2baa965cd4f576ecfd1>@@AEAV<lambda_2a444430fde8c29194d880d93eed5e8f>@@AEAV<lambda_8dff2cf36a5417162780cd64fa2883ef>@@@Z@4HA 000000014003ce18     libucrt:wsetlocale.obj
 0004:00001e24       $pdata$raise$fin$0         000000014003ce24     libucrt:signal.obj
 0004:00001e30       $pdata$_fcloseall$fin$0    000000014003ce30     libucrt:closeall.obj
 0004:00001e3c       $pdata$__acrt_initialize_lowio$fin$0 000000014003ce3c     libucrt:ioinit.obj
 0004:00001e3c       $pdata$__acrt_lowio_ensure_fh_exists$fin$0 000000014003ce3c     libucrt:osfinfo.obj
 0004:00001e48       $pdata$?fin$0@?0???$?RV<lambda_a37b2b86f63e897a80ea819b0eb08c01>@@AEAV<lambda_38ce7e780aa69e748d6df282ebc68efe>@@V<lambda_99fb1378e971ab6e7edea83e3a7a83a2>@@@?$__crt_seh_guarded_call@H@@QEAAH$$QEAV<lambda_a37b2b86f63e897a80ea819b0eb08c01>@@AEAV<lambda_38ce7e780aa69e748d6df282ebc68efe>@@$$QEAV<lambda_99fb1378e971ab6e7edea83e3a7a83a2>@@@Z@4HA 000000014003ce48     libucrt:commit.obj
 0004:00001e48       $pdata$?fin$0@?0???$?RV<lambda_751a882b2c74d4b022dec766aa51a29a>@@AEAV<lambda_628dfdc04ba53c8bfc02c9951375f3f5>@@V<lambda_f6c7be5f7998530c34de24c7437d6b54>@@@?$__crt_seh_guarded_call@H@@QEAAH$$QEAV<lambda_751a882b2c74d4b022dec766aa51a29a>@@AEAV<lambda_628dfdc04ba53c8bfc02c9951375f3f5>@@$$QEAV<lambda_f6c7be5f7998530c34de24c7437d6b54>@@@Z@4HA 000000014003ce48     libucrt:close.obj
 0004:00001e54       $pdata$?fin$0@?0???$common_lseek@_J@@YA_JH_JH@Z@4HA 000000014003ce54     libucrt:lseek.obj
 0004:00001e54       $pdata$_write$fin$0        000000014003ce54     libucrt:write.obj
 0004:00001e60       $pdata$_ctrlfp$filt$0      000000014003ce60     libucrt:fpctrl.obj
 0004:00001e6c       $pdata$?fin$0@?0??update_thread_multibyte_data_internal@@YAPEAU__crt_multibyte_data@@QEAU__acrt_ptd@@QEAPEAU1@@Z@4HA 000000014003ce6c     libucrt:mbctype.obj
 0004:00001e78       $pdata$__acrt_update_thread_locale_data$fin$0 000000014003ce78     libucrt:locale_refcounting.obj
 0004:00001e84       $pdata$_read$fin$0         000000014003ce84     libucrt:read.obj
 0004:00001e90       $pdata$_IsNonwritableInCurrentImage$filt$0 000000014003ce90     LIBCMT:pesect.obj
 0004:00001e9c       $pdata$??__Fcout@std@@YAXXZ 000000014003ce9c     libcpmt:cout.obj
 0004:00001ea8       $pdata$??__Fclassic_locale@std@@YAXXZ 000000014003cea8     libcpmt:locale0.obj
 0004:00001eb4       $pdata$??__Fcin@std@@YAXXZ 000000014003ceb4     libcpmt:cin.obj
 0004:00001ec0       $pdata$??__Finit_atexit@@YAXXZ 000000014003cec0     libcpmt:iosptrs.obj
 0005:00000060       $R000000                   000000014003d060     * linker generated manifest res *

 Exports

  ordinal    name

